src/lms/App.tsx(43,28): error TS1343: The 'import.meta' meta-property is only allowed when the '--module' option is 'es2020', 'es2022', 'esnext', 'system', 'node16', 'node18', or 'nodenext'.
src/lms/App.tsx(43,40): error TS2339: Property 'env' does not exist on type 'ImportMeta'.
src/lms/App.tsx(170,7): error TS2322: Type '({ onSwitch, schoolId, schoolName, onSchoolIdChange }: AppProps) => Element' is not assignable to type 'FC<AppProps>'.
  Type 'Element' is not assignable to type 'ReactNode | Promise<ReactNode>'.
src/lms/App.tsx(588,7): error TS2339: Property 'div' does not exist on type 'JSX.IntrinsicElements'.
src/lms/App.tsx(589,9): error TS2339: Property 'header' does not exist on type 'JSX.IntrinsicElements'.
src/lms/App.tsx(590,11): error TS2339: Property 'div' does not exist on type 'JSX.IntrinsicElements'.
src/lms/App.tsx(591,13): error TS2339: Property 'h2' does not exist on type 'JSX.IntrinsicElements'.
src/lms/App.tsx(591,105): error TS2339: Property 'h2' does not exist on type 'JSX.IntrinsicElements'.
src/lms/App.tsx(592,13): error TS2339: Property 'div' does not exist on type 'JSX.IntrinsicElements'.
src/lms/App.tsx(593,15): error TS2339: Property 'div' does not exist on type 'JSX.IntrinsicElements'.
src/lms/App.tsx(594,17): error TS2339: Property 'i' does not exist on type 'JSX.IntrinsicElements'.
src/lms/App.tsx(594,59): error TS2339: Property 'i' does not exist on type 'JSX.IntrinsicElements'.
src/lms/App.tsx(595,15): error TS2339: Property 'div' does not exist on type 'JSX.IntrinsicElements'.
src/lms/App.tsx(596,15): error TS2339: Property 'div' does not exist on type 'JSX.IntrinsicElements'.
src/lms/App.tsx(597,17): error TS2339: Property 'p' does not exist on type 'JSX.IntrinsicElements'.
src/lms/App.tsx(597,124): error TS2339: Property 'p' does not exist on type 'JSX.IntrinsicElements'.
src/lms/App.tsx(598,17): error TS2339: Property 'p' does not exist on type 'JSX.IntrinsicElements'.
src/lms/App.tsx(598,128): error TS2339: Property 'p' does not exist on type 'JSX.IntrinsicElements'.
src/lms/App.tsx(599,15): error TS2339: Property 'div' does not exist on type 'JSX.IntrinsicElements'.
src/lms/App.tsx(600,13): error TS2339: Property 'div' does not exist on type 'JSX.IntrinsicElements'.
src/lms/App.tsx(601,11): error TS2339: Property 'div' does not exist on type 'JSX.IntrinsicElements'.
src/lms/App.tsx(602,11): error TS2339: Property 'div' does not exist on type 'JSX.IntrinsicElements'.
src/lms/App.tsx(603,13): error TS2339: Property 'button' does not exist on type 'JSX.IntrinsicElements'.
src/lms/App.tsx(604,15): error TS2339: Property 'i' does not exist on type 'JSX.IntrinsicElements'.
src/lms/App.tsx(604,64): error TS2339: Property 'i' does not exist on type 'JSX.IntrinsicElements'.
src/lms/App.tsx(605,13): error TS2339: Property 'button' does not exist on type 'JSX.IntrinsicElements'.
src/lms/App.tsx(606,11): error TS2339: Property 'div' does not exist on type 'JSX.IntrinsicElements'.
src/lms/App.tsx(607,9): error TS2339: Property 'header' does not exist on type 'JSX.IntrinsicElements'.
src/lms/App.tsx(609,9): error TS2339: Property 'div' does not exist on type 'JSX.IntrinsicElements'.
src/lms/App.tsx(610,11): error TS2339: Property 'div' does not exist on type 'JSX.IntrinsicElements'.
src/lms/App.tsx(611,13): error TS2339: Property 'p' does not exist on type 'JSX.IntrinsicElements'.
src/lms/App.tsx(611,121): error TS2339: Property 'p' does not exist on type 'JSX.IntrinsicElements'.
src/lms/App.tsx(612,13): error TS2339: Property 'p' does not exist on type 'JSX.IntrinsicElements'.
src/lms/App.tsx(612,75): error TS2339: Property 'p' does not exist on type 'JSX.IntrinsicElements'.
src/lms/App.tsx(613,11): error TS2339: Property 'div' does not exist on type 'JSX.IntrinsicElements'.
src/lms/App.tsx(614,11): error TS2339: Property 'div' does not exist on type 'JSX.IntrinsicElements'.
src/lms/App.tsx(615,13): error TS2339: Property 'p' does not exist on type 'JSX.IntrinsicElements'.
src/lms/App.tsx(615,107): error TS2339: Property 'p' does not exist on type 'JSX.IntrinsicElements'.
src/lms/App.tsx(616,13): error TS2339: Property 'p' does not exist on type 'JSX.IntrinsicElements'.
src/lms/App.tsx(616,76): error TS2339: Property 'p' does not exist on type 'JSX.IntrinsicElements'.
src/lms/App.tsx(617,11): error TS2339: Property 'div' does not exist on type 'JSX.IntrinsicElements'.
src/lms/App.tsx(618,11): error TS2339: Property 'div' does not exist on type 'JSX.IntrinsicElements'.
src/lms/App.tsx(619,13): error TS2339: Property 'p' does not exist on type 'JSX.IntrinsicElements'.
src/lms/App.tsx(619,107): error TS2339: Property 'p' does not exist on type 'JSX.IntrinsicElements'.
src/lms/App.tsx(620,13): error TS2339: Property 'p' does not exist on type 'JSX.IntrinsicElements'.
src/lms/App.tsx(620,82): error TS2339: Property 'p' does not exist on type 'JSX.IntrinsicElements'.
src/lms/App.tsx(621,11): error TS2339: Property 'div' does not exist on type 'JSX.IntrinsicElements'.
src/lms/App.tsx(622,11): error TS2339: Property 'div' does not exist on type 'JSX.IntrinsicElements'.
src/lms/App.tsx(623,13): error TS2339: Property 'p' does not exist on type 'JSX.IntrinsicElements'.
src/lms/App.tsx(623,104): error TS2339: Property 'p' does not exist on type 'JSX.IntrinsicElements'.
src/lms/App.tsx(624,13): error TS2339: Property 'p' does not exist on type 'JSX.IntrinsicElements'.
src/lms/App.tsx(624,74): error TS2339: Property 'p' does not exist on type 'JSX.IntrinsicElements'.
src/lms/App.tsx(625,11): error TS2339: Property 'div' does not exist on type 'JSX.IntrinsicElements'.
src/lms/App.tsx(626,9): error TS2339: Property 'div' does not exist on type 'JSX.IntrinsicElements'.
src/lms/App.tsx(628,9): error TS2339: Property 'div' does not exist on type 'JSX.IntrinsicElements'.
src/lms/App.tsx(629,11): error TS2339: Property 'div' does not exist on type 'JSX.IntrinsicElements'.
src/lms/App.tsx(630,13): error TS2339: Property 'div' does not exist on type 'JSX.IntrinsicElements'.
src/lms/App.tsx(631,15): error TS2339: Property 'h3' does not exist on type 'JSX.IntrinsicElements'.
src/lms/App.tsx(631,116): error TS2339: Property 'h3' does not exist on type 'JSX.IntrinsicElements'.
src/lms/App.tsx(632,13): error TS2339: Property 'div' does not exist on type 'JSX.IntrinsicElements'.
src/lms/App.tsx(633,13): error TS2339: Property 'div' does not exist on type 'JSX.IntrinsicElements'.
src/lms/App.tsx(634,15): error TS2339: Property 'table' does not exist on type 'JSX.IntrinsicElements'.
src/lms/App.tsx(635,17): error TS2339: Property 'thead' does not exist on type 'JSX.IntrinsicElements'.
src/lms/App.tsx(636,19): error TS2339: Property 'tr' does not exist on type 'JSX.IntrinsicElements'.
src/lms/App.tsx(637,21): error TS2339: Property 'th' does not exist on type 'JSX.IntrinsicElements'.
src/lms/App.tsx(637,118): error TS2339: Property 'th' does not exist on type 'JSX.IntrinsicElements'.
src/lms/App.tsx(638,21): error TS2339: Property 'th' does not exist on type 'JSX.IntrinsicElements'.
src/lms/App.tsx(638,116): error TS2339: Property 'th' does not exist on type 'JSX.IntrinsicElements'.
src/lms/App.tsx(639,21): error TS2339: Property 'th' does not exist on type 'JSX.IntrinsicElements'.
src/lms/App.tsx(639,127): error TS2339: Property 'th' does not exist on type 'JSX.IntrinsicElements'.
src/lms/App.tsx(640,19): error TS2339: Property 'tr' does not exist on type 'JSX.IntrinsicElements'.
src/lms/App.tsx(641,17): error TS2339: Property 'thead' does not exist on type 'JSX.IntrinsicElements'.
src/lms/App.tsx(642,17): error TS2339: Property 'tbody' does not exist on type 'JSX.IntrinsicElements'.
src/lms/App.tsx(644,21): error TS2339: Property 'tr' does not exist on type 'JSX.IntrinsicElements'.
src/lms/App.tsx(645,23): error TS2339: Property 'td' does not exist on type 'JSX.IntrinsicElements'.
src/lms/App.tsx(646,25): error TS2339: Property 'p' does not exist on type 'JSX.IntrinsicElements'.
src/lms/App.tsx(646,79): error TS2339: Property 'p' does not exist on type 'JSX.IntrinsicElements'.
src/lms/App.tsx(647,25): error TS2339: Property 'div' does not exist on type 'JSX.IntrinsicElements'.
src/lms/App.tsx(648,27): error TS2339: Property 'div' does not exist on type 'JSX.IntrinsicElements'.
src/lms/App.tsx(648,99): error TS2339: Property 'div' does not exist on type 'JSX.IntrinsicElements'.
src/lms/App.tsx(649,25): error TS2339: Property 'div' does not exist on type 'JSX.IntrinsicElements'.
src/lms/App.tsx(650,23): error TS2339: Property 'td' does not exist on type 'JSX.IntrinsicElements'.
src/lms/App.tsx(651,23): error TS2339: Property 'td' does not exist on type 'JSX.IntrinsicElements'.
src/lms/App.tsx(652,25): error TS2339: Property 'span' does not exist on type 'JSX.IntrinsicElements'.
src/lms/App.tsx(652,88): error TS2339: Property 'span' does not exist on type 'JSX.IntrinsicElements'.
src/lms/App.tsx(653,25): error TS2339: Property 'span' does not exist on type 'JSX.IntrinsicElements'.
src/lms/App.tsx(653,106): error TS2339: Property 'span' does not exist on type 'JSX.IntrinsicElements'.
src/lms/App.tsx(654,23): error TS2339: Property 'td' does not exist on type 'JSX.IntrinsicElements'.
src/lms/App.tsx(655,23): error TS2339: Property 'td' does not exist on type 'JSX.IntrinsicElements'.
src/lms/App.tsx(657,23): error TS2339: Property 'td' does not exist on type 'JSX.IntrinsicElements'.
src/lms/App.tsx(658,21): error TS2339: Property 'tr' does not exist on type 'JSX.IntrinsicElements'.
src/lms/App.tsx(660,17): error TS2339: Property 'tbody' does not exist on type 'JSX.IntrinsicElements'.
src/lms/App.tsx(661,15): error TS2339: Property 'table' does not exist on type 'JSX.IntrinsicElements'.
src/lms/App.tsx(662,13): error TS2339: Property 'div' does not exist on type 'JSX.IntrinsicElements'.
src/lms/App.tsx(663,11): error TS2339: Property 'div' does not exist on type 'JSX.IntrinsicElements'.
src/lms/App.tsx(665,11): error TS2339: Property 'div' does not exist on type 'JSX.IntrinsicElements'.
src/lms/App.tsx(666,13): error TS2339: Property 'section' does not exist on type 'JSX.IntrinsicElements'.
src/lms/App.tsx(667,15): error TS2339: Property 'h3' does not exist on type 'JSX.IntrinsicElements'.
src/lms/App.tsx(668,17): error TS2339: Property 'i' does not exist on type 'JSX.IntrinsicElements'.
src/lms/App.tsx(668,79): error TS2339: Property 'i' does not exist on type 'JSX.IntrinsicElements'.
src/lms/App.tsx(669,15): error TS2339: Property 'h3' does not exist on type 'JSX.IntrinsicElements'.
src/lms/App.tsx(670,15): error TS2339: Property 'div' does not exist on type 'JSX.IntrinsicElements'.
src/lms/App.tsx(671,17): error TS2339: Property 'p' does not exist on type 'JSX.IntrinsicElements'.
src/lms/App.tsx(672,65): error TS2339: Property 'strong' does not exist on type 'JSX.IntrinsicElements'.
src/lms/App.tsx(672,93): error TS2339: Property 'strong' does not exist on type 'JSX.IntrinsicElements'.
src/lms/App.tsx(672,198): error TS2339: Property 'strong' does not exist on type 'JSX.IntrinsicElements'.
src/lms/App.tsx(672,221): error TS2339: Property 'strong' does not exist on type 'JSX.IntrinsicElements'.
src/lms/App.tsx(672,290): error TS2339: Property 'strong' does not exist on type 'JSX.IntrinsicElements'.
src/lms/App.tsx(672,304): error TS2339: Property 'strong' does not exist on type 'JSX.IntrinsicElements'.
src/lms/App.tsx(673,17): error TS2339: Property 'p' does not exist on type 'JSX.IntrinsicElements'.
src/lms/App.tsx(674,15): error TS2339: Property 'div' does not exist on type 'JSX.IntrinsicElements'.
src/lms/App.tsx(675,13): error TS2339: Property 'section' does not exist on type 'JSX.IntrinsicElements'.
src/lms/App.tsx(677,13): error TS2339: Property 'section' does not exist on type 'JSX.IntrinsicElements'.
src/lms/App.tsx(678,15): error TS2339: Property 'h3' does not exist on type 'JSX.IntrinsicElements'.
src/lms/App.tsx(678,106): error TS2339: Property 'h3' does not exist on type 'JSX.IntrinsicElements'.
src/lms/App.tsx(679,15): error TS2339: Property 'div' does not exist on type 'JSX.IntrinsicElements'.
src/lms/App.tsx(680,17): error TS2339: Property 'button' does not exist on type 'JSX.IntrinsicElements'.
src/lms/App.tsx(681,19): error TS2339: Property 'div' does not exist on type 'JSX.IntrinsicElements'.
src/lms/App.tsx(682,21): error TS2339: Property 'i' does not exist on type 'JSX.IntrinsicElements'.
src/lms/App.tsx(682,56): error TS2339: Property 'i' does not exist on type 'JSX.IntrinsicElements'.
src/lms/App.tsx(683,19): error TS2339: Property 'div' does not exist on type 'JSX.IntrinsicElements'.
src/lms/App.tsx(684,19): error TS2339: Property 'span' does not exist on type 'JSX.IntrinsicElements'.
src/lms/App.tsx(684,117): error TS2339: Property 'span' does not exist on type 'JSX.IntrinsicElements'.
src/lms/App.tsx(685,17): error TS2339: Property 'button' does not exist on type 'JSX.IntrinsicElements'.
src/lms/App.tsx(686,17): error TS2339: Property 'button' does not exist on type 'JSX.IntrinsicElements'.
src/lms/App.tsx(687,19): error TS2339: Property 'div' does not exist on type 'JSX.IntrinsicElements'.
src/lms/App.tsx(688,21): error TS2339: Property 'i' does not exist on type 'JSX.IntrinsicElements'.
src/lms/App.tsx(688,54): error TS2339: Property 'i' does not exist on type 'JSX.IntrinsicElements'.
src/lms/App.tsx(689,19): error TS2339: Property 'div' does not exist on type 'JSX.IntrinsicElements'.
src/lms/App.tsx(690,19): error TS2339: Property 'span' does not exist on type 'JSX.IntrinsicElements'.
src/lms/App.tsx(690,117): error TS2339: Property 'span' does not exist on type 'JSX.IntrinsicElements'.
src/lms/App.tsx(691,17): error TS2339: Property 'button' does not exist on type 'JSX.IntrinsicElements'.
src/lms/App.tsx(692,15): error TS2339: Property 'div' does not exist on type 'JSX.IntrinsicElements'.
src/lms/App.tsx(693,13): error TS2339: Property 'section' does not exist on type 'JSX.IntrinsicElements'.
src/lms/App.tsx(694,11): error TS2339: Property 'div' does not exist on type 'JSX.IntrinsicElements'.
src/lms/App.tsx(695,9): error TS2339: Property 'div' does not exist on type 'JSX.IntrinsicElements'.
src/lms/App.tsx(696,7): error TS2339: Property 'div' does not exist on type 'JSX.IntrinsicElements'.
src/lms/App.tsx(739,9): error TS2339: Property 'div' does not exist on type 'JSX.IntrinsicElements'.
src/lms/App.tsx(740,11): error TS2339: Property 'div' does not exist on type 'JSX.IntrinsicElements'.
src/lms/App.tsx(741,30): error TS2339: Property 'div' does not exist on type 'JSX.IntrinsicElements'.
src/lms/App.tsx(741,143): error TS2339: Property 'div' does not exist on type 'JSX.IntrinsicElements'.
src/lms/App.tsx(742,11): error TS2339: Property 'div' does not exist on type 'JSX.IntrinsicElements'.
src/lms/App.tsx(743,11): error TS2339: Property 'div' does not exist on type 'JSX.IntrinsicElements'.
src/lms/App.tsx(745,33): error TS2339: Property 'div' does not exist on type 'JSX.IntrinsicElements'.
src/lms/App.tsx(745,127): error TS2339: Property 'div' does not exist on type 'JSX.IntrinsicElements'.
src/lms/App.tsx(749,17): error TS2339: Property 'div' does not exist on type 'JSX.IntrinsicElements'.
src/lms/App.tsx(750,19): error TS2339: Property 'span' does not exist on type 'JSX.IntrinsicElements'.
src/lms/App.tsx(750,190): error TS2339: Property 'span' does not exist on type 'JSX.IntrinsicElements'.
src/lms/App.tsx(751,19): error TS2339: Property 'div' does not exist on type 'JSX.IntrinsicElements'.
src/lms/App.tsx(752,43): error TS2339: Property 'div' does not exist on type 'JSX.IntrinsicElements'.
src/lms/App.tsx(752,204): error TS2339: Property 'div' does not exist on type 'JSX.IntrinsicElements'.
src/lms/App.tsx(753,49): error TS2339: Property 'div' does not exist on type 'JSX.IntrinsicElements'.
src/lms/App.tsx(753,208): error TS2339: Property 'div' does not exist on type 'JSX.IntrinsicElements'.
src/lms/App.tsx(754,19): error TS2339: Property 'div' does not exist on type 'JSX.IntrinsicElements'.
src/lms/App.tsx(755,17): error TS2339: Property 'div' does not exist on type 'JSX.IntrinsicElements'.
src/lms/App.tsx(758,11): error TS2339: Property 'div' does not exist on type 'JSX.IntrinsicElements'.
src/lms/App.tsx(759,9): error TS2339: Property 'div' does not exist on type 'JSX.IntrinsicElements'.
src/lms/App.tsx(774,9): error TS2339: Property 'div' does not exist on type 'JSX.IntrinsicElements'.
src/lms/App.tsx(775,11): error TS2339: Property 'div' does not exist on type 'JSX.IntrinsicElements'.
src/lms/App.tsx(776,13): error TS2339: Property 'div' does not exist on type 'JSX.IntrinsicElements'.
src/lms/App.tsx(776,34): error TS2339: Property 'div' does not exist on type 'JSX.IntrinsicElements'.
src/lms/App.tsx(778,15): error TS2339: Property 'div' does not exist on type 'JSX.IntrinsicElements'.
src/lms/App.tsx(779,17): error TS2339: Property 'div' does not exist on type 'JSX.IntrinsicElements'.
src/lms/App.tsx(779,91): error TS2339: Property 'div' does not exist on type 'JSX.IntrinsicElements'.
src/lms/App.tsx(780,17): error TS2339: Property 'div' does not exist on type 'JSX.IntrinsicElements'.
src/lms/App.tsx(780,80): error TS2339: Property 'div' does not exist on type 'JSX.IntrinsicElements'.
src/lms/App.tsx(781,15): error TS2339: Property 'div' does not exist on type 'JSX.IntrinsicElements'.
src/lms/App.tsx(783,11): error TS2339: Property 'div' does not exist on type 'JSX.IntrinsicElements'.
src/lms/App.tsx(784,11): error TS2339: Property 'div' does not exist on type 'JSX.IntrinsicElements'.
src/lms/App.tsx(786,15): error TS2339: Property 'div' does not exist on type 'JSX.IntrinsicElements'.
src/lms/App.tsx(787,17): error TS2339: Property 'div' does not exist on type 'JSX.IntrinsicElements'.
src/lms/App.tsx(787,154): error TS2339: Property 'div' does not exist on type 'JSX.IntrinsicElements'.
src/lms/App.tsx(792,21): error TS2339: Property 'div' does not exist on type 'JSX.IntrinsicElements'.
src/lms/App.tsx(794,25): error TS2339: Property 'div' does not exist on type 'JSX.IntrinsicElements'.
src/lms/App.tsx(795,27): error TS2339: Property 'p' does not exist on type 'JSX.IntrinsicElements'.
src/lms/App.tsx(795,107): error TS2339: Property 'p' does not exist on type 'JSX.IntrinsicElements'.
src/lms/App.tsx(796,27): error TS2339: Property 'p' does not exist on type 'JSX.IntrinsicElements'.
src/lms/App.tsx(796,106): error TS2339: Property 'p' does not exist on type 'JSX.IntrinsicElements'.
src/lms/App.tsx(797,25): error TS2339: Property 'div' does not exist on type 'JSX.IntrinsicElements'.
src/lms/App.tsx(799,21): error TS2339: Property 'div' does not exist on type 'JSX.IntrinsicElements'.
src/lms/App.tsx(802,15): error TS2339: Property 'div' does not exist on type 'JSX.IntrinsicElements'.
src/lms/App.tsx(804,11): error TS2339: Property 'div' does not exist on type 'JSX.IntrinsicElements'.
src/lms/App.tsx(805,9): error TS2339: Property 'div' does not exist on type 'JSX.IntrinsicElements'.
src/lms/App.tsx(813,9): error TS2339: Property 'div' does not exist on type 'JSX.IntrinsicElements'.
src/lms/App.tsx(814,11): error TS2339: Property 'div' does not exist on type 'JSX.IntrinsicElements'.
src/lms/App.tsx(815,13): error TS2339: Property 'h3' does not exist on type 'JSX.IntrinsicElements'.
src/lms/App.tsx(815,153): error TS2339: Property 'h3' does not exist on type 'JSX.IntrinsicElements'.
src/lms/App.tsx(816,13): error TS2339: Property 'span' does not exist on type 'JSX.IntrinsicElements'.
src/lms/App.tsx(816,108): error TS2339: Property 'span' does not exist on type 'JSX.IntrinsicElements'.
src/lms/App.tsx(817,11): error TS2339: Property 'div' does not exist on type 'JSX.IntrinsicElements'.
src/lms/App.tsx(818,11): error TS2339: Property 'div' does not exist on type 'JSX.IntrinsicElements'.
src/lms/App.tsx(823,17): error TS2339: Property 'div' does not exist on type 'JSX.IntrinsicElements'.
src/lms/App.tsx(824,19): error TS2339: Property 'div' does not exist on type 'JSX.IntrinsicElements'.
src/lms/App.tsx(824,171): error TS2339: Property 'div' does not exist on type 'JSX.IntrinsicElements'.
src/lms/App.tsx(825,19): error TS2339: Property 'div' does not exist on type 'JSX.IntrinsicElements'.
src/lms/App.tsx(826,21): error TS2339: Property 'div' does not exist on type 'JSX.IntrinsicElements'.
src/lms/App.tsx(826,142): error TS2339: Property 'div' does not exist on type 'JSX.IntrinsicElements'.
src/lms/App.tsx(828,23): error TS2339: Property 'div' does not exist on type 'JSX.IntrinsicElements'.
src/lms/App.tsx(829,25): error TS2339: Property 'div' does not exist on type 'JSX.IntrinsicElements'.
src/lms/App.tsx(830,27): error TS2339: Property 'h4' does not exist on type 'JSX.IntrinsicElements'.
src/lms/App.tsx(830,112): error TS2339: Property 'h4' does not exist on type 'JSX.IntrinsicElements'.
src/lms/App.tsx(831,25): error TS2339: Property 'div' does not exist on type 'JSX.IntrinsicElements'.
src/lms/App.tsx(832,25): error TS2339: Property 'p' does not exist on type 'JSX.IntrinsicElements'.
src/lms/App.tsx(832,68): error TS2339: Property 'i' does not exist on type 'JSX.IntrinsicElements'.
src/lms/App.tsx(832,113): error TS2339: Property 'i' does not exist on type 'JSX.IntrinsicElements'.
src/lms/App.tsx(832,134): error TS2339: Property 'p' does not exist on type 'JSX.IntrinsicElements'.
src/lms/App.tsx(833,23): error TS2339: Property 'div' does not exist on type 'JSX.IntrinsicElements'.
src/lms/App.tsx(836,23): error TS2339: Property 'div' does not exist on type 'JSX.IntrinsicElements'.
src/lms/App.tsx(837,25): error TS2339: Property 'h4' does not exist on type 'JSX.IntrinsicElements'.
src/lms/App.tsx(837,120): error TS2339: Property 'h4' does not exist on type 'JSX.IntrinsicElements'.
src/lms/App.tsx(838,25): error TS2339: Property 'p' does not exist on type 'JSX.IntrinsicElements'.
src/lms/App.tsx(838,68): error TS2339: Property 'i' does not exist on type 'JSX.IntrinsicElements'.
src/lms/App.tsx(838,106): error TS2339: Property 'i' does not exist on type 'JSX.IntrinsicElements'.
src/lms/App.tsx(838,130): error TS2339: Property 'p' does not exist on type 'JSX.IntrinsicElements'.
src/lms/App.tsx(839,23): error TS2339: Property 'div' does not exist on type 'JSX.IntrinsicElements'.
src/lms/App.tsx(841,19): error TS2339: Property 'div' does not exist on type 'JSX.IntrinsicElements'.
src/lms/App.tsx(842,17): error TS2339: Property 'div' does not exist on type 'JSX.IntrinsicElements'.
src/lms/App.tsx(845,11): error TS2339: Property 'div' does not exist on type 'JSX.IntrinsicElements'.
src/lms/App.tsx(846,9): error TS2339: Property 'div' does not exist on type 'JSX.IntrinsicElements'.
src/lms/App.tsx(851,7): error TS2339: Property 'div' does not exist on type 'JSX.IntrinsicElements'.
src/lms/App.tsx(852,9): error TS2339: Property 'header' does not exist on type 'JSX.IntrinsicElements'.
src/lms/App.tsx(853,11): error TS2339: Property 'div' does not exist on type 'JSX.IntrinsicElements'.
src/lms/App.tsx(854,13): error TS2339: Property 'h2' does not exist on type 'JSX.IntrinsicElements'.
src/lms/App.tsx(854,115): error TS2339: Property 'h2' does not exist on type 'JSX.IntrinsicElements'.
src/lms/App.tsx(855,13): error TS2339: Property 'div' does not exist on type 'JSX.IntrinsicElements'.
src/lms/App.tsx(856,15): error TS2339: Property 'span' does not exist on type 'JSX.IntrinsicElements'.
src/lms/App.tsx(856,81): error TS2339: Property 'span' does not exist on type 'JSX.IntrinsicElements'.
src/lms/App.tsx(857,15): error TS2339: Property 'p' does not exist on type 'JSX.IntrinsicElements'.
src/lms/App.tsx(857,125): error TS2339: Property 'p' does not exist on type 'JSX.IntrinsicElements'.
src/lms/App.tsx(858,13): error TS2339: Property 'div' does not exist on type 'JSX.IntrinsicElements'.
src/lms/App.tsx(859,11): error TS2339: Property 'div' does not exist on type 'JSX.IntrinsicElements'.
src/lms/App.tsx(860,11): error TS2339: Property 'div' does not exist on type 'JSX.IntrinsicElements'.
src/lms/App.tsx(861,13): error TS2339: Property 'div' does not exist on type 'JSX.IntrinsicElements'.
src/lms/App.tsx(863,17): error TS2339: Property 'button' does not exist on type 'JSX.IntrinsicElements'.
src/lms/App.tsx(869,17): error TS2339: Property 'button' does not exist on type 'JSX.IntrinsicElements'.
src/lms/App.tsx(871,13): error TS2339: Property 'div' does not exist on type 'JSX.IntrinsicElements'.
src/lms/App.tsx(872,13): error TS2339: Property 'div' does not exist on type 'JSX.IntrinsicElements'.
src/lms/App.tsx(873,15): error TS2339: Property 'button' does not exist on type 'JSX.IntrinsicElements'.
src/lms/App.tsx(873,142): error TS2339: Property 'i' does not exist on type 'JSX.IntrinsicElements'.
src/lms/App.tsx(873,190): error TS2339: Property 'i' does not exist on type 'JSX.IntrinsicElements'.
src/lms/App.tsx(873,194): error TS2339: Property 'button' does not exist on type 'JSX.IntrinsicElements'.
src/lms/App.tsx(874,15): error TS2339: Property 'span' does not exist on type 'JSX.IntrinsicElements'.
src/lms/App.tsx(874,178): error TS2339: Property 'span' does not exist on type 'JSX.IntrinsicElements'.
src/lms/App.tsx(875,15): error TS2339: Property 'button' does not exist on type 'JSX.IntrinsicElements'.
src/lms/App.tsx(875,142): error TS2339: Property 'i' does not exist on type 'JSX.IntrinsicElements'.
src/lms/App.tsx(875,191): error TS2339: Property 'i' does not exist on type 'JSX.IntrinsicElements'.
src/lms/App.tsx(875,195): error TS2339: Property 'button' does not exist on type 'JSX.IntrinsicElements'.
src/lms/App.tsx(876,13): error TS2339: Property 'div' does not exist on type 'JSX.IntrinsicElements'.
src/lms/App.tsx(877,11): error TS2339: Property 'div' does not exist on type 'JSX.IntrinsicElements'.
src/lms/App.tsx(878,9): error TS2339: Property 'header' does not exist on type 'JSX.IntrinsicElements'.
src/lms/App.tsx(880,9): error TS2339: Property 'div' does not exist on type 'JSX.IntrinsicElements'.
src/lms/App.tsx(884,9): error TS2339: Property 'div' does not exist on type 'JSX.IntrinsicElements'.
src/lms/App.tsx(886,9): error TS2339: Property 'section' does not exist on type 'JSX.IntrinsicElements'.
src/lms/App.tsx(887,11): error TS2339: Property 'div' does not exist on type 'JSX.IntrinsicElements'.
src/lms/App.tsx(888,13): error TS2339: Property 'h3' does not exist on type 'JSX.IntrinsicElements'.
src/lms/App.tsx(889,15): error TS2339: Property 'i' does not exist on type 'JSX.IntrinsicElements'.
src/lms/App.tsx(889,72): error TS2339: Property 'i' does not exist on type 'JSX.IntrinsicElements'.
src/lms/App.tsx(890,13): error TS2339: Property 'h3' does not exist on type 'JSX.IntrinsicElements'.
src/lms/App.tsx(891,13): error TS2339: Property 'div' does not exist on type 'JSX.IntrinsicElements'.
src/lms/App.tsx(893,17): error TS2339: Property 'div' does not exist on type 'JSX.IntrinsicElements'.
src/lms/App.tsx(894,19): error TS2339: Property 'div' does not exist on type 'JSX.IntrinsicElements'.
src/lms/App.tsx(895,21): error TS2339: Property 'span' does not exist on type 'JSX.IntrinsicElements'.
src/lms/App.tsx(895,142): error TS2339: Property 'span' does not exist on type 'JSX.IntrinsicElements'.
src/lms/App.tsx(896,21): error TS2339: Property 'span' does not exist on type 'JSX.IntrinsicElements'.
src/lms/App.tsx(896,95): error TS2339: Property 'span' does not exist on type 'JSX.IntrinsicElements'.
src/lms/App.tsx(897,19): error TS2339: Property 'div' does not exist on type 'JSX.IntrinsicElements'.
src/lms/App.tsx(898,19): error TS2339: Property 'h4' does not exist on type 'JSX.IntrinsicElements'.
src/lms/App.tsx(898,122): error TS2339: Property 'h4' does not exist on type 'JSX.IntrinsicElements'.
src/lms/App.tsx(899,19): error TS2339: Property 'p' does not exist on type 'JSX.IntrinsicElements'.
src/lms/App.tsx(899,87): error TS2339: Property 'i' does not exist on type 'JSX.IntrinsicElements'.
src/lms/App.tsx(899,125): error TS2339: Property 'i' does not exist on type 'JSX.IntrinsicElements'.
src/lms/App.tsx(899,139): error TS2339: Property 'p' does not exist on type 'JSX.IntrinsicElements'.
src/lms/App.tsx(900,17): error TS2339: Property 'div' does not exist on type 'JSX.IntrinsicElements'.
src/lms/App.tsx(902,13): error TS2339: Property 'div' does not exist on type 'JSX.IntrinsicElements'.
src/lms/App.tsx(903,11): error TS2339: Property 'div' does not exist on type 'JSX.IntrinsicElements'.
src/lms/App.tsx(904,11): error TS2339: Property 'div' does not exist on type 'JSX.IntrinsicElements'.
src/lms/App.tsx(905,13): error TS2339: Property 'div' does not exist on type 'JSX.IntrinsicElements'.
src/lms/App.tsx(906,15): error TS2339: Property 'i' does not exist on type 'JSX.IntrinsicElements'.
src/lms/App.tsx(906,56): error TS2339: Property 'i' does not exist on type 'JSX.IntrinsicElements'.
src/lms/App.tsx(907,13): error TS2339: Property 'div' does not exist on type 'JSX.IntrinsicElements'.
src/lms/App.tsx(908,13): error TS2339: Property 'h4' does not exist on type 'JSX.IntrinsicElements'.
src/lms/App.tsx(908,98): error TS2339: Property 'h4' does not exist on type 'JSX.IntrinsicElements'.
src/lms/App.tsx(909,13): error TS2339: Property 'p' does not exist on type 'JSX.IntrinsicElements'.
src/lms/App.tsx(909,163): error TS2339: Property 'p' does not exist on type 'JSX.IntrinsicElements'.
src/lms/App.tsx(910,13): error TS2339: Property 'button' does not exist on type 'JSX.IntrinsicElements'.
src/lms/App.tsx(910,152): error TS2339: Property 'button' does not exist on type 'JSX.IntrinsicElements'.
src/lms/App.tsx(911,11): error TS2339: Property 'div' does not exist on type 'JSX.IntrinsicElements'.
src/lms/App.tsx(912,9): error TS2339: Property 'section' does not exist on type 'JSX.IntrinsicElements'.
src/lms/App.tsx(913,7): error TS2339: Property 'div' does not exist on type 'JSX.IntrinsicElements'.
src/lms/App.tsx(947,7): error TS2339: Property 'div' does not exist on type 'JSX.IntrinsicElements'.
src/lms/App.tsx(948,9): error TS2339: Property 'header' does not exist on type 'JSX.IntrinsicElements'.
src/lms/App.tsx(949,11): error TS2339: Property 'div' does not exist on type 'JSX.IntrinsicElements'.
src/lms/App.tsx(950,13): error TS2339: Property 'h2' does not exist on type 'JSX.IntrinsicElements'.
src/lms/App.tsx(950,103): error TS2339: Property 'h2' does not exist on type 'JSX.IntrinsicElements'.
src/lms/App.tsx(951,13): error TS2339: Property 'p' does not exist on type 'JSX.IntrinsicElements'.
src/lms/App.tsx(951,113): error TS2339: Property 'p' does not exist on type 'JSX.IntrinsicElements'.
src/lms/App.tsx(952,11): error TS2339: Property 'div' does not exist on type 'JSX.IntrinsicElements'.
src/lms/App.tsx(953,11): error TS2339: Property 'div' does not exist on type 'JSX.IntrinsicElements'.
src/lms/App.tsx(955,15): error TS2339: Property 'div' does not exist on type 'JSX.IntrinsicElements'.
src/lms/App.tsx(956,17): error TS2339: Property 'span' does not exist on type 'JSX.IntrinsicElements'.
src/lms/App.tsx(956,99): error TS2339: Property 'span' does not exist on type 'JSX.IntrinsicElements'.
src/lms/App.tsx(957,17): error TS2339: Property 'span' does not exist on type 'JSX.IntrinsicElements'.
src/lms/App.tsx(957,86): error TS2339: Property 'span' does not exist on type 'JSX.IntrinsicElements'.
src/lms/App.tsx(958,15): error TS2339: Property 'div' does not exist on type 'JSX.IntrinsicElements'.
src/lms/App.tsx(961,11): error TS2339: Property 'div' does not exist on type 'JSX.IntrinsicElements'.
src/lms/App.tsx(962,9): error TS2339: Property 'header' does not exist on type 'JSX.IntrinsicElements'.
src/lms/App.tsx(965,9): error TS2339: Property 'div' does not exist on type 'JSX.IntrinsicElements'.
src/lms/App.tsx(966,11): error TS2339: Property 'div' does not exist on type 'JSX.IntrinsicElements'.
src/lms/App.tsx(967,13): error TS2339: Property 'div' does not exist on type 'JSX.IntrinsicElements'.
src/lms/App.tsx(968,15): error TS2339: Property 'h3' does not exist on type 'JSX.IntrinsicElements'.
src/lms/App.tsx(968,120): error TS2339: Property 'h3' does not exist on type 'JSX.IntrinsicElements'.
src/lms/App.tsx(969,15): error TS2339: Property 'p' does not exist on type 'JSX.IntrinsicElements'.
src/lms/App.tsx(969,91): error TS2339: Property 'p' does not exist on type 'JSX.IntrinsicElements'.
src/lms/App.tsx(970,15): error TS2339: Property 'div' does not exist on type 'JSX.IntrinsicElements'.
src/lms/App.tsx(971,17): error TS2339: Property 'div' does not exist on type 'JSX.IntrinsicElements'.
src/lms/App.tsx(972,19): error TS2339: Property 'div' does not exist on type 'JSX.IntrinsicElements'.
src/lms/App.tsx(972,95): error TS2339: Property 'div' does not exist on type 'JSX.IntrinsicElements'.
src/lms/App.tsx(973,17): error TS2339: Property 'div' does not exist on type 'JSX.IntrinsicElements'.
src/lms/App.tsx(974,17): error TS2339: Property 'span' does not exist on type 'JSX.IntrinsicElements'.
src/lms/App.tsx(974,80): error TS2339: Property 'span' does not exist on type 'JSX.IntrinsicElements'.
src/lms/App.tsx(975,15): error TS2339: Property 'div' does not exist on type 'JSX.IntrinsicElements'.
src/lms/App.tsx(976,13): error TS2339: Property 'div' does not exist on type 'JSX.IntrinsicElements'.
src/lms/App.tsx(977,13): error TS2339: Property 'div' does not exist on type 'JSX.IntrinsicElements'.
src/lms/App.tsx(977,164): error TS2339: Property 'div' does not exist on type 'JSX.IntrinsicElements'.
src/lms/App.tsx(978,11): error TS2339: Property 'div' does not exist on type 'JSX.IntrinsicElements'.
src/lms/App.tsx(980,11): error TS2339: Property 'div' does not exist on type 'JSX.IntrinsicElements'.
src/lms/App.tsx(981,13): error TS2339: Property 'h3' does not exist on type 'JSX.IntrinsicElements'.
src/lms/App.tsx(981,104): error TS2339: Property 'h3' does not exist on type 'JSX.IntrinsicElements'.
src/lms/App.tsx(982,13): error TS2339: Property 'p' does not exist on type 'JSX.IntrinsicElements'.
src/lms/App.tsx(982,87): error TS2339: Property 'p' does not exist on type 'JSX.IntrinsicElements'.
src/lms/App.tsx(983,13): error TS2339: Property 'div' does not exist on type 'JSX.IntrinsicElements'.
src/lms/App.tsx(984,15): error TS2339: Property 'i' does not exist on type 'JSX.IntrinsicElements'.
src/lms/App.tsx(984,51): error TS2339: Property 'i' does not exist on type 'JSX.IntrinsicElements'.
src/lms/App.tsx(985,15): error TS2339: Property 'span' does not exist on type 'JSX.IntrinsicElements'.
src/lms/App.tsx(985,35): error TS2339: Property 'span' does not exist on type 'JSX.IntrinsicElements'.
src/lms/App.tsx(986,13): error TS2339: Property 'div' does not exist on type 'JSX.IntrinsicElements'.
src/lms/App.tsx(987,11): error TS2339: Property 'div' does not exist on type 'JSX.IntrinsicElements'.
src/lms/App.tsx(988,9): error TS2339: Property 'div' does not exist on type 'JSX.IntrinsicElements'.
src/lms/App.tsx(990,9): error TS2339: Property 'section' does not exist on type 'JSX.IntrinsicElements'.
src/lms/App.tsx(991,11): error TS2339: Property 'div' does not exist on type 'JSX.IntrinsicElements'.
src/lms/App.tsx(992,13): error TS2339: Property 'h3' does not exist on type 'JSX.IntrinsicElements'.
src/lms/App.tsx(993,15): error TS2339: Property 'div' does not exist on type 'JSX.IntrinsicElements'.
src/lms/App.tsx(994,17): error TS2339: Property 'i' does not exist on type 'JSX.IntrinsicElements'.
src/lms/App.tsx(994,78): error TS2339: Property 'i' does not exist on type 'JSX.IntrinsicElements'.
src/lms/App.tsx(995,15): error TS2339: Property 'div' does not exist on type 'JSX.IntrinsicElements'.
src/lms/App.tsx(997,13): error TS2339: Property 'h3' does not exist on type 'JSX.IntrinsicElements'.
src/lms/App.tsx(998,13): error TS2339: Property 'button' does not exist on type 'JSX.IntrinsicElements'.
src/lms/App.tsx(1000,13): error TS2339: Property 'button' does not exist on type 'JSX.IntrinsicElements'.
src/lms/App.tsx(1001,11): error TS2339: Property 'div' does not exist on type 'JSX.IntrinsicElements'.
src/lms/App.tsx(1003,11): error TS2339: Property 'div' does not exist on type 'JSX.IntrinsicElements'.
src/lms/App.tsx(1033,15): error TS2339: Property 'div' does not exist on type 'JSX.IntrinsicElements'.
src/lms/App.tsx(1034,17): error TS2339: Property 'div' does not exist on type 'JSX.IntrinsicElements'.
src/lms/App.tsx(1035,19): error TS2339: Property 'i' does not exist on type 'JSX.IntrinsicElements'.
src/lms/App.tsx(1035,59): error TS2339: Property 'i' does not exist on type 'JSX.IntrinsicElements'.
src/lms/App.tsx(1036,17): error TS2339: Property 'div' does not exist on type 'JSX.IntrinsicElements'.
src/lms/App.tsx(1037,17): error TS2339: Property 'div' does not exist on type 'JSX.IntrinsicElements'.
src/lms/App.tsx(1038,19): error TS2339: Property 'div' does not exist on type 'JSX.IntrinsicElements'.
src/lms/App.tsx(1039,21): error TS2339: Property 'h4' does not exist on type 'JSX.IntrinsicElements'.
src/lms/App.tsx(1039,84): error TS2339: Property 'h4' does not exist on type 'JSX.IntrinsicElements'.
src/lms/App.tsx(1040,21): error TS2339: Property 'span' does not exist on type 'JSX.IntrinsicElements'.
src/lms/App.tsx(1040,98): error TS2339: Property 'span' does not exist on type 'JSX.IntrinsicElements'.
src/lms/App.tsx(1041,19): error TS2339: Property 'div' does not exist on type 'JSX.IntrinsicElements'.
src/lms/App.tsx(1042,19): error TS2339: Property 'p' does not exist on type 'JSX.IntrinsicElements'.
src/lms/App.tsx(1042,81): error TS2339: Property 'p' does not exist on type 'JSX.IntrinsicElements'.
src/lms/App.tsx(1043,17): error TS2339: Property 'div' does not exist on type 'JSX.IntrinsicElements'.
src/lms/App.tsx(1044,17): error TS2339: Property 'div' does not exist on type 'JSX.IntrinsicElements'.
src/lms/App.tsx(1044,121): error TS2339: Property 'div' does not exist on type 'JSX.IntrinsicElements'.
src/lms/App.tsx(1045,15): error TS2339: Property 'div' does not exist on type 'JSX.IntrinsicElements'.
src/lms/App.tsx(1048,15): error TS2339: Property 'p' does not exist on type 'JSX.IntrinsicElements'.
src/lms/App.tsx(1048,95): error TS2339: Property 'p' does not exist on type 'JSX.IntrinsicElements'.
src/lms/App.tsx(1050,11): error TS2339: Property 'div' does not exist on type 'JSX.IntrinsicElements'.
src/lms/App.tsx(1051,11): error TS2339: Property 'div' does not exist on type 'JSX.IntrinsicElements'.
src/lms/App.tsx(1051,109): error TS2339: Property 'div' does not exist on type 'JSX.IntrinsicElements'.
src/lms/App.tsx(1052,9): error TS2339: Property 'section' does not exist on type 'JSX.IntrinsicElements'.
src/lms/App.tsx(1054,9): error TS2339: Property 'div' does not exist on type 'JSX.IntrinsicElements'.
src/lms/App.tsx(1055,11): error TS2339: Property 'section' does not exist on type 'JSX.IntrinsicElements'.
src/lms/App.tsx(1056,13): error TS2339: Property 'h3' does not exist on type 'JSX.IntrinsicElements'.
src/lms/App.tsx(1056,102): error TS2339: Property 'h3' does not exist on type 'JSX.IntrinsicElements'.
src/lms/App.tsx(1057,13): error TS2339: Property 'div' does not exist on type 'JSX.IntrinsicElements'.
src/lms/App.tsx(1059,17): error TS2339: Property 'div' does not exist on type 'JSX.IntrinsicElements'.
src/lms/App.tsx(1060,19): error TS2339: Property 'div' does not exist on type 'JSX.IntrinsicElements'.
src/lms/App.tsx(1061,21): error TS2339: Property 'h4' does not exist on type 'JSX.IntrinsicElements'.
src/lms/App.tsx(1061,102): error TS2339: Property 'h4' does not exist on type 'JSX.IntrinsicElements'.
src/lms/App.tsx(1062,21): error TS2339: Property 'p' does not exist on type 'JSX.IntrinsicElements'.
src/lms/App.tsx(1062,109): error TS2339: Property 'p' does not exist on type 'JSX.IntrinsicElements'.
src/lms/App.tsx(1063,19): error TS2339: Property 'div' does not exist on type 'JSX.IntrinsicElements'.
src/lms/App.tsx(1064,19): error TS2339: Property 'div' does not exist on type 'JSX.IntrinsicElements'.
src/lms/App.tsx(1065,21): error TS2339: Property 'p' does not exist on type 'JSX.IntrinsicElements'.
src/lms/App.tsx(1065,83): error TS2339: Property 'p' does not exist on type 'JSX.IntrinsicElements'.
src/lms/App.tsx(1066,41): error TS2339: Property 'p' does not exist on type 'JSX.IntrinsicElements'.
src/lms/App.tsx(1066,137): error TS2339: Property 'p' does not exist on type 'JSX.IntrinsicElements'.
src/lms/App.tsx(1067,19): error TS2339: Property 'div' does not exist on type 'JSX.IntrinsicElements'.
src/lms/App.tsx(1068,17): error TS2339: Property 'div' does not exist on type 'JSX.IntrinsicElements'.
src/lms/App.tsx(1071,17): error TS2339: Property 'div' does not exist on type 'JSX.IntrinsicElements'.
src/lms/App.tsx(1072,19): error TS2339: Property 'p' does not exist on type 'JSX.IntrinsicElements'.
src/lms/App.tsx(1072,84): error TS2339: Property 'p' does not exist on type 'JSX.IntrinsicElements'.
src/lms/App.tsx(1073,17): error TS2339: Property 'div' does not exist on type 'JSX.IntrinsicElements'.
src/lms/App.tsx(1075,13): error TS2339: Property 'div' does not exist on type 'JSX.IntrinsicElements'.
src/lms/App.tsx(1076,11): error TS2339: Property 'section' does not exist on type 'JSX.IntrinsicElements'.
src/lms/App.tsx(1077,9): error TS2339: Property 'div' does not exist on type 'JSX.IntrinsicElements'.
src/lms/App.tsx(1078,7): error TS2339: Property 'div' does not exist on type 'JSX.IntrinsicElements'.
src/lms/App.tsx(1083,5): error TS2339: Property 'div' does not exist on type 'JSX.IntrinsicElements'.
src/lms/App.tsx(1084,7): error TS2339: Property 'header' does not exist on type 'JSX.IntrinsicElements'.
src/lms/App.tsx(1085,9): error TS2339: Property 'div' does not exist on type 'JSX.IntrinsicElements'.
src/lms/App.tsx(1086,11): error TS2339: Property 'h2' does not exist on type 'JSX.IntrinsicElements'.
src/lms/App.tsx(1086,119): error TS2339: Property 'h2' does not exist on type 'JSX.IntrinsicElements'.
src/lms/App.tsx(1087,11): error TS2339: Property 'p' does not exist on type 'JSX.IntrinsicElements'.
src/lms/App.tsx(1087,144): error TS2339: Property 'p' does not exist on type 'JSX.IntrinsicElements'.
src/lms/App.tsx(1088,9): error TS2339: Property 'div' does not exist on type 'JSX.IntrinsicElements'.
src/lms/App.tsx(1089,9): error TS2339: Property 'button' does not exist on type 'JSX.IntrinsicElements'.
src/lms/App.tsx(1093,11): error TS2339: Property 'i' does not exist on type 'JSX.IntrinsicElements'.
src/lms/App.tsx(1093,82): error TS2339: Property 'i' does not exist on type 'JSX.IntrinsicElements'.
src/lms/App.tsx(1094,9): error TS2339: Property 'button' does not exist on type 'JSX.IntrinsicElements'.
src/lms/App.tsx(1095,7): error TS2339: Property 'header' does not exist on type 'JSX.IntrinsicElements'.
src/lms/App.tsx(1097,7): error TS2339: Property 'section' does not exist on type 'JSX.IntrinsicElements'.
src/lms/App.tsx(1098,9): error TS2339: Property 'div' does not exist on type 'JSX.IntrinsicElements'.
src/lms/App.tsx(1100,13): error TS2339: Property 'div' does not exist on type 'JSX.IntrinsicElements'.
src/lms/App.tsx(1101,15): error TS2339: Property 'p' does not exist on type 'JSX.IntrinsicElements'.
src/lms/App.tsx(1101,84): error TS2339: Property 'p' does not exist on type 'JSX.IntrinsicElements'.
src/lms/App.tsx(1102,13): error TS2339: Property 'div' does not exist on type 'JSX.IntrinsicElements'.
src/lms/App.tsx(1105,13): error TS2339: Property 'button' does not exist on type 'JSX.IntrinsicElements'.
src/lms/App.tsx(1110,15): error TS2339: Property 'div' does not exist on type 'JSX.IntrinsicElements'.
src/lms/App.tsx(1111,17): error TS2339: Property 'div' does not exist on type 'JSX.IntrinsicElements'.
src/lms/App.tsx(1112,19): error TS2339: Property 'span' does not exist on type 'JSX.IntrinsicElements'.
src/lms/App.tsx(1112,122): error TS2339: Property 'span' does not exist on type 'JSX.IntrinsicElements'.
src/lms/App.tsx(1113,19): error TS2339: Property 'span' does not exist on type 'JSX.IntrinsicElements'.
src/lms/App.tsx(1122,19): error TS2339: Property 'span' does not exist on type 'JSX.IntrinsicElements'.
src/lms/App.tsx(1123,17): error TS2339: Property 'div' does not exist on type 'JSX.IntrinsicElements'.
src/lms/App.tsx(1125,17): error TS2339: Property 'h4' does not exist on type 'JSX.IntrinsicElements'.
src/lms/App.tsx(1127,17): error TS2339: Property 'h4' does not exist on type 'JSX.IntrinsicElements'.
src/lms/App.tsx(1129,17): error TS2339: Property 'div' does not exist on type 'JSX.IntrinsicElements'.
src/lms/App.tsx(1130,19): error TS2339: Property 'span' does not exist on type 'JSX.IntrinsicElements'.
src/lms/App.tsx(1132,19): error TS2339: Property 'span' does not exist on type 'JSX.IntrinsicElements'.
src/lms/App.tsx(1133,19): error TS2339: Property 'i' does not exist on type 'JSX.IntrinsicElements'.
src/lms/App.tsx(1133,150): error TS2339: Property 'i' does not exist on type 'JSX.IntrinsicElements'.
src/lms/App.tsx(1134,17): error TS2339: Property 'div' does not exist on type 'JSX.IntrinsicElements'.
src/lms/App.tsx(1135,15): error TS2339: Property 'div' does not exist on type 'JSX.IntrinsicElements'.
src/lms/App.tsx(1136,13): error TS2339: Property 'button' does not exist on type 'JSX.IntrinsicElements'.
src/lms/App.tsx(1138,9): error TS2339: Property 'div' does not exist on type 'JSX.IntrinsicElements'.
src/lms/App.tsx(1139,7): error TS2339: Property 'section' does not exist on type 'JSX.IntrinsicElements'.
src/lms/App.tsx(1140,5): error TS2339: Property 'div' does not exist on type 'JSX.IntrinsicElements'.
src/lms/App.tsx(1146,9): error TS2339: Property 'div' does not exist on type 'JSX.IntrinsicElements'.
src/lms/App.tsx(1147,11): error TS2339: Property 'button' does not exist on type 'JSX.IntrinsicElements'.
src/lms/App.tsx(1151,13): error TS2339: Property 'i' does not exist on type 'JSX.IntrinsicElements'.
src/lms/App.tsx(1151,51): error TS2339: Property 'i' does not exist on type 'JSX.IntrinsicElements'.
src/lms/App.tsx(1152,11): error TS2339: Property 'button' does not exist on type 'JSX.IntrinsicElements'.
src/lms/App.tsx(1153,11): error TS2339: Property 'div' does not exist on type 'JSX.IntrinsicElements'.
src/lms/App.tsx(1154,13): error TS2339: Property 'p' does not exist on type 'JSX.IntrinsicElements'.
src/lms/App.tsx(1154,68): error TS2339: Property 'p' does not exist on type 'JSX.IntrinsicElements'.
src/lms/App.tsx(1155,11): error TS2339: Property 'div' does not exist on type 'JSX.IntrinsicElements'.
src/lms/App.tsx(1156,9): error TS2339: Property 'div' does not exist on type 'JSX.IntrinsicElements'.
src/lms/App.tsx(1161,7): error TS2339: Property 'div' does not exist on type 'JSX.IntrinsicElements'.
src/lms/App.tsx(1162,9): error TS2339: Property 'button' does not exist on type 'JSX.IntrinsicElements'.
src/lms/App.tsx(1166,11): error TS2339: Property 'i' does not exist on type 'JSX.IntrinsicElements'.
src/lms/App.tsx(1166,97): error TS2339: Property 'i' does not exist on type 'JSX.IntrinsicElements'.
src/lms/App.tsx(1167,9): error TS2339: Property 'button' does not exist on type 'JSX.IntrinsicElements'.
src/lms/App.tsx(1169,9): error TS2339: Property 'section' does not exist on type 'JSX.IntrinsicElements'.
src/lms/App.tsx(1170,11): error TS2339: Property 'div' does not exist on type 'JSX.IntrinsicElements'.
src/lms/App.tsx(1171,13): error TS2339: Property 'span' does not exist on type 'JSX.IntrinsicElements'.
src/lms/App.tsx(1180,13): error TS2339: Property 'span' does not exist on type 'JSX.IntrinsicElements'.
src/lms/App.tsx(1181,13): error TS2339: Property 'span' does not exist on type 'JSX.IntrinsicElements'.
src/lms/App.tsx(1181,96): error TS2339: Property 'span' does not exist on type 'JSX.IntrinsicElements'.
src/lms/App.tsx(1182,11): error TS2339: Property 'div' does not exist on type 'JSX.IntrinsicElements'.
src/lms/App.tsx(1184,11): error TS2339: Property 'h2' does not exist on type 'JSX.IntrinsicElements'.
src/lms/App.tsx(1184,85): error TS2339: Property 'h2' does not exist on type 'JSX.IntrinsicElements'.
src/lms/App.tsx(1185,11): error TS2339: Property 'p' does not exist on type 'JSX.IntrinsicElements'.
src/lms/App.tsx(1185,111): error TS2339: Property 'p' does not exist on type 'JSX.IntrinsicElements'.
src/lms/App.tsx(1188,13): error TS2339: Property 'a' does not exist on type 'JSX.IntrinsicElements'.
src/lms/App.tsx(1194,15): error TS2339: Property 'i' does not exist on type 'JSX.IntrinsicElements'.
src/lms/App.tsx(1194,52): error TS2339: Property 'i' does not exist on type 'JSX.IntrinsicElements'.
src/lms/App.tsx(1196,13): error TS2339: Property 'a' does not exist on type 'JSX.IntrinsicElements'.
src/lms/App.tsx(1198,9): error TS2339: Property 'section' does not exist on type 'JSX.IntrinsicElements'.
src/lms/App.tsx(1199,7): error TS2339: Property 'div' does not exist on type 'JSX.IntrinsicElements'.
src/lms/App.tsx(1204,5): error TS2339: Property 'div' does not exist on type 'JSX.IntrinsicElements'.
src/lms/App.tsx(1205,7): error TS2339: Property 'section' does not exist on type 'JSX.IntrinsicElements'.
src/lms/App.tsx(1206,9): error TS2339: Property 'img' does not exist on type 'JSX.IntrinsicElements'.
src/lms/App.tsx(1207,9): error TS2339: Property 'div' does not exist on type 'JSX.IntrinsicElements'.
src/lms/App.tsx(1207,90): error TS2339: Property 'div' does not exist on type 'JSX.IntrinsicElements'.
src/lms/App.tsx(1208,9): error TS2339: Property 'div' does not exist on type 'JSX.IntrinsicElements'.
src/lms/App.tsx(1209,11): error TS2339: Property 'p' does not exist on type 'JSX.IntrinsicElements'.
src/lms/App.tsx(1209,96): error TS2339: Property 'p' does not exist on type 'JSX.IntrinsicElements'.
src/lms/App.tsx(1210,11): error TS2339: Property 'h2' does not exist on type 'JSX.IntrinsicElements'.
src/lms/App.tsx(1210,96): error TS2339: Property 'h2' does not exist on type 'JSX.IntrinsicElements'.
src/lms/App.tsx(1211,11): error TS2339: Property 'p' does not exist on type 'JSX.IntrinsicElements'.
src/lms/App.tsx(1213,11): error TS2339: Property 'p' does not exist on type 'JSX.IntrinsicElements'.
src/lms/App.tsx(1214,9): error TS2339: Property 'div' does not exist on type 'JSX.IntrinsicElements'.
src/lms/App.tsx(1215,7): error TS2339: Property 'section' does not exist on type 'JSX.IntrinsicElements'.
src/lms/App.tsx(1217,7): error TS2339: Property 'div' does not exist on type 'JSX.IntrinsicElements'.
src/lms/App.tsx(1218,9): error TS2339: Property 'div' does not exist on type 'JSX.IntrinsicElements'.
src/lms/App.tsx(1219,11): error TS2339: Property 'section' does not exist on type 'JSX.IntrinsicElements'.
src/lms/App.tsx(1220,13): error TS2339: Property 'h3' does not exist on type 'JSX.IntrinsicElements'.
src/lms/App.tsx(1221,15): error TS2339: Property 'i' does not exist on type 'JSX.IntrinsicElements'.
src/lms/App.tsx(1221,66): error TS2339: Property 'i' does not exist on type 'JSX.IntrinsicElements'.
src/lms/App.tsx(1222,13): error TS2339: Property 'h3' does not exist on type 'JSX.IntrinsicElements'.
src/lms/App.tsx(1223,13): error TS2339: Property 'div' does not exist on type 'JSX.IntrinsicElements'.
src/lms/App.tsx(1225,17): error TS2339: Property 'div' does not exist on type 'JSX.IntrinsicElements'.
src/lms/App.tsx(1226,19): error TS2339: Property 'p' does not exist on type 'JSX.IntrinsicElements'.
src/lms/App.tsx(1226,95): error TS2339: Property 'p' does not exist on type 'JSX.IntrinsicElements'.
src/lms/App.tsx(1227,17): error TS2339: Property 'div' does not exist on type 'JSX.IntrinsicElements'.
src/lms/App.tsx(1230,17): error TS2339: Property 'button' does not exist on type 'JSX.IntrinsicElements'.
src/lms/App.tsx(1235,19): error TS2339: Property 'div' does not exist on type 'JSX.IntrinsicElements'.
src/lms/App.tsx(1236,21): error TS2339: Property 'div' does not exist on type 'JSX.IntrinsicElements'.
src/lms/App.tsx(1237,23): error TS2339: Property 'h4' does not exist on type 'JSX.IntrinsicElements'.
src/lms/App.tsx(1237,88): error TS2339: Property 'h4' does not exist on type 'JSX.IntrinsicElements'.
src/lms/App.tsx(1238,23): error TS2339: Property 'span' does not exist on type 'JSX.IntrinsicElements'.
src/lms/App.tsx(1238,104): error TS2339: Property 'span' does not exist on type 'JSX.IntrinsicElements'.
src/lms/App.tsx(1239,21): error TS2339: Property 'div' does not exist on type 'JSX.IntrinsicElements'.
src/lms/App.tsx(1240,21): error TS2339: Property 'i' does not exist on type 'JSX.IntrinsicElements'.
src/lms/App.tsx(1240,141): error TS2339: Property 'i' does not exist on type 'JSX.IntrinsicElements'.
src/lms/App.tsx(1241,19): error TS2339: Property 'div' does not exist on type 'JSX.IntrinsicElements'.
src/lms/App.tsx(1242,17): error TS2339: Property 'button' does not exist on type 'JSX.IntrinsicElements'.
src/lms/App.tsx(1244,13): error TS2339: Property 'div' does not exist on type 'JSX.IntrinsicElements'.
src/lms/App.tsx(1245,11): error TS2339: Property 'section' does not exist on type 'JSX.IntrinsicElements'.
src/lms/App.tsx(1247,11): error TS2339: Property 'section' does not exist on type 'JSX.IntrinsicElements'.
src/lms/App.tsx(1248,13): error TS2339: Property 'h3' does not exist on type 'JSX.IntrinsicElements'.
src/lms/App.tsx(1249,15): error TS2339: Property 'i' does not exist on type 'JSX.IntrinsicElements'.
src/lms/App.tsx(1249,71): error TS2339: Property 'i' does not exist on type 'JSX.IntrinsicElements'.
src/lms/App.tsx(1250,13): error TS2339: Property 'h3' does not exist on type 'JSX.IntrinsicElements'.
src/lms/App.tsx(1251,13): error TS2339: Property 'div' does not exist on type 'JSX.IntrinsicElements'.
src/lms/App.tsx(1253,17): error TS2339: Property 'div' does not exist on type 'JSX.IntrinsicElements'.
src/lms/App.tsx(1254,19): error TS2339: Property 'div' does not exist on type 'JSX.IntrinsicElements'.
src/lms/App.tsx(1255,21): error TS2339: Property 'i' does not exist on type 'JSX.IntrinsicElements'.
src/lms/App.tsx(1255,59): error TS2339: Property 'i' does not exist on type 'JSX.IntrinsicElements'.
src/lms/App.tsx(1256,19): error TS2339: Property 'div' does not exist on type 'JSX.IntrinsicElements'.
src/lms/App.tsx(1257,19): error TS2339: Property 'h4' does not exist on type 'JSX.IntrinsicElements'.
src/lms/App.tsx(1257,79): error TS2339: Property 'h4' does not exist on type 'JSX.IntrinsicElements'.
src/lms/App.tsx(1258,19): error TS2339: Property 'p' does not exist on type 'JSX.IntrinsicElements'.
src/lms/App.tsx(1258,90): error TS2339: Property 'p' does not exist on type 'JSX.IntrinsicElements'.
src/lms/App.tsx(1259,17): error TS2339: Property 'div' does not exist on type 'JSX.IntrinsicElements'.
src/lms/App.tsx(1261,13): error TS2339: Property 'div' does not exist on type 'JSX.IntrinsicElements'.
src/lms/App.tsx(1262,11): error TS2339: Property 'section' does not exist on type 'JSX.IntrinsicElements'.
src/lms/App.tsx(1263,9): error TS2339: Property 'div' does not exist on type 'JSX.IntrinsicElements'.
src/lms/App.tsx(1265,9): error TS2339: Property 'section' does not exist on type 'JSX.IntrinsicElements'.
src/lms/App.tsx(1266,11): error TS2339: Property 'h3' does not exist on type 'JSX.IntrinsicElements'.
src/lms/App.tsx(1266,102): error TS2339: Property 'h3' does not exist on type 'JSX.IntrinsicElements'.
src/lms/App.tsx(1267,11): error TS2339: Property 'div' does not exist on type 'JSX.IntrinsicElements'.
src/lms/App.tsx(1269,15): error TS2339: Property 'div' does not exist on type 'JSX.IntrinsicElements'.
src/lms/App.tsx(1270,17): error TS2339: Property 'img' does not exist on type 'JSX.IntrinsicElements'.
src/lms/App.tsx(1271,17): error TS2339: Property 'div' does not exist on type 'JSX.IntrinsicElements'.
src/lms/App.tsx(1271,110): error TS2339: Property 'div' does not exist on type 'JSX.IntrinsicElements'.
src/lms/App.tsx(1272,17): error TS2339: Property 'div' does not exist on type 'JSX.IntrinsicElements'.
src/lms/App.tsx(1273,19): error TS2339: Property 'p' does not exist on type 'JSX.IntrinsicElements'.
src/lms/App.tsx(1273,112): error TS2339: Property 'p' does not exist on type 'JSX.IntrinsicElements'.
src/lms/App.tsx(1274,19): error TS2339: Property 'h4' does not exist on type 'JSX.IntrinsicElements'.
src/lms/App.tsx(1274,83): error TS2339: Property 'h4' does not exist on type 'JSX.IntrinsicElements'.
src/lms/App.tsx(1275,19): error TS2339: Property 'p' does not exist on type 'JSX.IntrinsicElements'.
src/lms/App.tsx(1275,87): error TS2339: Property 'i' does not exist on type 'JSX.IntrinsicElements'.
src/lms/App.tsx(1275,128): error TS2339: Property 'i' does not exist on type 'JSX.IntrinsicElements'.
src/lms/App.tsx(1275,142): error TS2339: Property 'p' does not exist on type 'JSX.IntrinsicElements'.
src/lms/App.tsx(1276,17): error TS2339: Property 'div' does not exist on type 'JSX.IntrinsicElements'.
src/lms/App.tsx(1277,15): error TS2339: Property 'div' does not exist on type 'JSX.IntrinsicElements'.
src/lms/App.tsx(1279,11): error TS2339: Property 'div' does not exist on type 'JSX.IntrinsicElements'.
src/lms/App.tsx(1280,9): error TS2339: Property 'section' does not exist on type 'JSX.IntrinsicElements'.
src/lms/App.tsx(1281,7): error TS2339: Property 'div' does not exist on type 'JSX.IntrinsicElements'.
src/lms/App.tsx(1282,5): error TS2339: Property 'div' does not exist on type 'JSX.IntrinsicElements'.
src/lms/App.tsx(1286,5): error TS2339: Property 'div' does not exist on type 'JSX.IntrinsicElements'.
src/lms/App.tsx(1287,7): error TS2339: Property 'header' does not exist on type 'JSX.IntrinsicElements'.
src/lms/App.tsx(1288,9): error TS2339: Property 'div' does not exist on type 'JSX.IntrinsicElements'.
src/lms/App.tsx(1289,11): error TS2339: Property 'h2' does not exist on type 'JSX.IntrinsicElements'.
src/lms/App.tsx(1289,98): error TS2339: Property 'h2' does not exist on type 'JSX.IntrinsicElements'.
src/lms/App.tsx(1290,11): error TS2339: Property 'div' does not exist on type 'JSX.IntrinsicElements'.
src/lms/App.tsx(1291,13): error TS2339: Property 'span' does not exist on type 'JSX.IntrinsicElements'.
src/lms/App.tsx(1291,79): error TS2339: Property 'span' does not exist on type 'JSX.IntrinsicElements'.
src/lms/App.tsx(1292,13): error TS2339: Property 'p' does not exist on type 'JSX.IntrinsicElements'.
src/lms/App.tsx(1292,135): error TS2339: Property 'p' does not exist on type 'JSX.IntrinsicElements'.
src/lms/App.tsx(1293,11): error TS2339: Property 'div' does not exist on type 'JSX.IntrinsicElements'.
src/lms/App.tsx(1294,9): error TS2339: Property 'div' does not exist on type 'JSX.IntrinsicElements'.
src/lms/App.tsx(1295,7): error TS2339: Property 'header' does not exist on type 'JSX.IntrinsicElements'.
src/lms/App.tsx(1297,7): error TS2339: Property 'div' does not exist on type 'JSX.IntrinsicElements'.
src/lms/App.tsx(1298,9): error TS2339: Property 'div' does not exist on type 'JSX.IntrinsicElements'.
src/lms/App.tsx(1299,11): error TS2339: Property 'section' does not exist on type 'JSX.IntrinsicElements'.
src/lms/App.tsx(1300,13): error TS2339: Property 'h3' does not exist on type 'JSX.IntrinsicElements'.
src/lms/App.tsx(1301,15): error TS2339: Property 'i' does not exist on type 'JSX.IntrinsicElements'.
src/lms/App.tsx(1301,68): error TS2339: Property 'i' does not exist on type 'JSX.IntrinsicElements'.
src/lms/App.tsx(1302,13): error TS2339: Property 'h3' does not exist on type 'JSX.IntrinsicElements'.
src/lms/App.tsx(1303,13): error TS2339: Property 'div' does not exist on type 'JSX.IntrinsicElements'.
src/lms/App.tsx(1305,17): error TS2339: Property 'div' does not exist on type 'JSX.IntrinsicElements'.
src/lms/App.tsx(1306,19): error TS2339: Property 'p' does not exist on type 'JSX.IntrinsicElements'.
src/lms/App.tsx(1306,105): error TS2339: Property 'p' does not exist on type 'JSX.IntrinsicElements'.
src/lms/App.tsx(1307,17): error TS2339: Property 'div' does not exist on type 'JSX.IntrinsicElements'.
src/lms/App.tsx(1310,19): error TS2339: Property 'div' does not exist on type 'JSX.IntrinsicElements'.
src/lms/App.tsx(1311,21): error TS2339: Property 'div' does not exist on type 'JSX.IntrinsicElements'.
src/lms/App.tsx(1312,23): error TS2339: Property 'div' does not exist on type 'JSX.IntrinsicElements'.
src/lms/App.tsx(1314,23): error TS2339: Property 'div' does not exist on type 'JSX.IntrinsicElements'.
src/lms/App.tsx(1315,23): error TS2339: Property 'span' does not exist on type 'JSX.IntrinsicElements'.
src/lms/App.tsx(1315,119): error TS2339: Property 'span' does not exist on type 'JSX.IntrinsicElements'.
src/lms/App.tsx(1316,21): error TS2339: Property 'div' does not exist on type 'JSX.IntrinsicElements'.
src/lms/App.tsx(1318,21): error TS2339: Property 'h4' does not exist on type 'JSX.IntrinsicElements'.
src/lms/App.tsx(1318,141): error TS2339: Property 'h4' does not exist on type 'JSX.IntrinsicElements'.
src/lms/App.tsx(1319,21): error TS2339: Property 'p' does not exist on type 'JSX.IntrinsicElements'.
src/lms/App.tsx(1319,138): error TS2339: Property 'p' does not exist on type 'JSX.IntrinsicElements'.
src/lms/App.tsx(1321,23): error TS2339: Property 'p' does not exist on type 'JSX.IntrinsicElements'.
src/lms/App.tsx(1321,112): error TS2339: Property 'p' does not exist on type 'JSX.IntrinsicElements'.
src/lms/App.tsx(1324,23): error TS2339: Property 'div' does not exist on type 'JSX.IntrinsicElements'.
src/lms/App.tsx(1325,25): error TS2339: Property 'div' does not exist on type 'JSX.IntrinsicElements'.
src/lms/App.tsx(1326,27): error TS2339: Property 'i' does not exist on type 'JSX.IntrinsicElements'.
src/lms/App.tsx(1326,91): error TS2339: Property 'i' does not exist on type 'JSX.IntrinsicElements'.
src/lms/App.tsx(1327,27): error TS2339: Property 'span' does not exist on type 'JSX.IntrinsicElements'.
src/lms/App.tsx(1327,167): error TS2339: Property 'span' does not exist on type 'JSX.IntrinsicElements'.
src/lms/App.tsx(1328,25): error TS2339: Property 'div' does not exist on type 'JSX.IntrinsicElements'.
src/lms/App.tsx(1329,23): error TS2339: Property 'div' does not exist on type 'JSX.IntrinsicElements'.
src/lms/App.tsx(1332,21): error TS2339: Property 'div' does not exist on type 'JSX.IntrinsicElements'.
src/lms/App.tsx(1334,25): error TS2339: Property 'div' does not exist on type 'JSX.IntrinsicElements'.
src/lms/App.tsx(1335,27): error TS2339: Property 'i' does not exist on type 'JSX.IntrinsicElements'.
src/lms/App.tsx(1335,65): error TS2339: Property 'i' does not exist on type 'JSX.IntrinsicElements'.
src/lms/App.tsx(1336,25): error TS2339: Property 'div' does not exist on type 'JSX.IntrinsicElements'.
src/lms/App.tsx(1338,25): error TS2339: Property 'button' does not exist on type 'JSX.IntrinsicElements'.
src/lms/App.tsx(1343,25): error TS2339: Property 'button' does not exist on type 'JSX.IntrinsicElements'.
src/lms/App.tsx(1345,23): error TS2339: Property 'div' does not exist on type 'JSX.IntrinsicElements'.
src/lms/App.tsx(1348,27): error TS2339: Property 'button' does not exist on type 'JSX.IntrinsicElements'.
src/lms/App.tsx(1353,29): error TS2339: Property 'i' does not exist on type 'JSX.IntrinsicElements'.
src/lms/App.tsx(1353,83): error TS2339: Property 'i' does not exist on type 'JSX.IntrinsicElements'.
src/lms/App.tsx(1354,27): error TS2339: Property 'button' does not exist on type 'JSX.IntrinsicElements'.
src/lms/App.tsx(1356,27): error TS2339: Property 'button' does not exist on type 'JSX.IntrinsicElements'.
src/lms/App.tsx(1361,29): error TS2339: Property 'i' does not exist on type 'JSX.IntrinsicElements'.
src/lms/App.tsx(1361,65): error TS2339: Property 'i' does not exist on type 'JSX.IntrinsicElements'.
src/lms/App.tsx(1362,27): error TS2339: Property 'button' does not exist on type 'JSX.IntrinsicElements'.
src/lms/App.tsx(1364,23): error TS2339: Property 'div' does not exist on type 'JSX.IntrinsicElements'.
src/lms/App.tsx(1365,21): error TS2339: Property 'div' does not exist on type 'JSX.IntrinsicElements'.
src/lms/App.tsx(1366,19): error TS2339: Property 'div' does not exist on type 'JSX.IntrinsicElements'.
src/lms/App.tsx(1369,13): error TS2339: Property 'div' does not exist on type 'JSX.IntrinsicElements'.
src/lms/App.tsx(1370,11): error TS2339: Property 'section' does not exist on type 'JSX.IntrinsicElements'.
src/lms/App.tsx(1371,9): error TS2339: Property 'div' does not exist on type 'JSX.IntrinsicElements'.
src/lms/App.tsx(1374,7): error TS2339: Property 'div' does not exist on type 'JSX.IntrinsicElements'.
src/lms/App.tsx(1375,5): error TS2339: Property 'div' does not exist on type 'JSX.IntrinsicElements'.
src/lms/App.tsx(1379,5): error TS2339: Property 'div' does not exist on type 'JSX.IntrinsicElements'.
src/lms/App.tsx(1380,7): error TS2339: Property 'header' does not exist on type 'JSX.IntrinsicElements'.
src/lms/App.tsx(1381,9): error TS2339: Property 'div' does not exist on type 'JSX.IntrinsicElements'.
src/lms/App.tsx(1382,11): error TS2339: Property 'h2' does not exist on type 'JSX.IntrinsicElements'.
src/lms/App.tsx(1382,100): error TS2339: Property 'h2' does not exist on type 'JSX.IntrinsicElements'.
src/lms/App.tsx(1383,11): error TS2339: Property 'p' does not exist on type 'JSX.IntrinsicElements'.
src/lms/App.tsx(1383,120): error TS2339: Property 'p' does not exist on type 'JSX.IntrinsicElements'.
src/lms/App.tsx(1384,9): error TS2339: Property 'div' does not exist on type 'JSX.IntrinsicElements'.
src/lms/App.tsx(1385,7): error TS2339: Property 'header' does not exist on type 'JSX.IntrinsicElements'.
src/lms/App.tsx(1387,7): error TS2339: Property 'div' does not exist on type 'JSX.IntrinsicElements'.
src/lms/App.tsx(1388,9): error TS2339: Property 'div' does not exist on type 'JSX.IntrinsicElements'.
src/lms/App.tsx(1389,11): error TS2339: Property 'section' does not exist on type 'JSX.IntrinsicElements'.
src/lms/App.tsx(1390,13): error TS2339: Property 'h3' does not exist on type 'JSX.IntrinsicElements'.
src/lms/App.tsx(1391,15): error TS2339: Property 'i' does not exist on type 'JSX.IntrinsicElements'.
src/lms/App.tsx(1391,72): error TS2339: Property 'i' does not exist on type 'JSX.IntrinsicElements'.
src/lms/App.tsx(1392,13): error TS2339: Property 'h3' does not exist on type 'JSX.IntrinsicElements'.
src/lms/App.tsx(1393,13): error TS2339: Property 'div' does not exist on type 'JSX.IntrinsicElements'.
src/lms/App.tsx(1395,17): error TS2339: Property 'div' does not exist on type 'JSX.IntrinsicElements'.
src/lms/App.tsx(1396,19): error TS2339: Property 'div' does not exist on type 'JSX.IntrinsicElements'.
src/lms/App.tsx(1397,21): error TS2339: Property 'div' does not exist on type 'JSX.IntrinsicElements'.
src/lms/App.tsx(1398,23): error TS2339: Property 'h4' does not exist on type 'JSX.IntrinsicElements'.
src/lms/App.tsx(1398,79): error TS2339: Property 'h4' does not exist on type 'JSX.IntrinsicElements'.
src/lms/App.tsx(1399,23): error TS2339: Property 'span' does not exist on type 'JSX.IntrinsicElements'.
src/lms/App.tsx(1401,23): error TS2339: Property 'span' does not exist on type 'JSX.IntrinsicElements'.
src/lms/App.tsx(1402,21): error TS2339: Property 'div' does not exist on type 'JSX.IntrinsicElements'.
src/lms/App.tsx(1403,21): error TS2339: Property 'p' does not exist on type 'JSX.IntrinsicElements'.
src/lms/App.tsx(1403,132): error TS2339: Property 'p' does not exist on type 'JSX.IntrinsicElements'.
src/lms/App.tsx(1404,19): error TS2339: Property 'div' does not exist on type 'JSX.IntrinsicElements'.
src/lms/App.tsx(1405,19): error TS2339: Property 'div' does not exist on type 'JSX.IntrinsicElements'.
src/lms/App.tsx(1407,23): error TS2339: Property 'div' does not exist on type 'JSX.IntrinsicElements'.
src/lms/App.tsx(1408,25): error TS2339: Property 'i' does not exist on type 'JSX.IntrinsicElements'.
src/lms/App.tsx(1408,58): error TS2339: Property 'i' does not exist on type 'JSX.IntrinsicElements'.
src/lms/App.tsx(1409,23): error TS2339: Property 'div' does not exist on type 'JSX.IntrinsicElements'.
src/lms/App.tsx(1411,23): error TS2339: Property 'button' does not exist on type 'JSX.IntrinsicElements'.
src/lms/App.tsx(1419,23): error TS2339: Property 'button' does not exist on type 'JSX.IntrinsicElements'.
src/lms/App.tsx(1424,23): error TS2339: Property 'button' does not exist on type 'JSX.IntrinsicElements'.
src/lms/App.tsx(1429,25): error TS2339: Property 'i' does not exist on type 'JSX.IntrinsicElements'.
src/lms/App.tsx(1429,79): error TS2339: Property 'i' does not exist on type 'JSX.IntrinsicElements'.
src/lms/App.tsx(1430,23): error TS2339: Property 'button' does not exist on type 'JSX.IntrinsicElements'.
src/lms/App.tsx(1432,23): error TS2339: Property 'button' does not exist on type 'JSX.IntrinsicElements'.
src/lms/App.tsx(1437,25): error TS2339: Property 'i' does not exist on type 'JSX.IntrinsicElements'.
src/lms/App.tsx(1437,61): error TS2339: Property 'i' does not exist on type 'JSX.IntrinsicElements'.
src/lms/App.tsx(1438,23): error TS2339: Property 'button' does not exist on type 'JSX.IntrinsicElements'.
src/lms/App.tsx(1440,19): error TS2339: Property 'div' does not exist on type 'JSX.IntrinsicElements'.
src/lms/App.tsx(1441,17): error TS2339: Property 'div' does not exist on type 'JSX.IntrinsicElements'.
src/lms/App.tsx(1443,13): error TS2339: Property 'div' does not exist on type 'JSX.IntrinsicElements'.
src/lms/App.tsx(1444,11): error TS2339: Property 'section' does not exist on type 'JSX.IntrinsicElements'.
src/lms/App.tsx(1446,11): error TS2339: Property 'section' does not exist on type 'JSX.IntrinsicElements'.
src/lms/App.tsx(1447,13): error TS2339: Property 'h3' does not exist on type 'JSX.IntrinsicElements'.
src/lms/App.tsx(1447,106): error TS2339: Property 'h3' does not exist on type 'JSX.IntrinsicElements'.
src/lms/App.tsx(1448,13): error TS2339: Property 'div' does not exist on type 'JSX.IntrinsicElements'.
src/lms/App.tsx(1449,15): error TS2339: Property 'table' does not exist on type 'JSX.IntrinsicElements'.
src/lms/App.tsx(1450,17): error TS2339: Property 'thead' does not exist on type 'JSX.IntrinsicElements'.
src/lms/App.tsx(1451,19): error TS2339: Property 'tr' does not exist on type 'JSX.IntrinsicElements'.
src/lms/App.tsx(1452,21): error TS2339: Property 'th' does not exist on type 'JSX.IntrinsicElements'.
src/lms/App.tsx(1452,121): error TS2339: Property 'th' does not exist on type 'JSX.IntrinsicElements'.
src/lms/App.tsx(1453,21): error TS2339: Property 'th' does not exist on type 'JSX.IntrinsicElements'.
src/lms/App.tsx(1453,115): error TS2339: Property 'th' does not exist on type 'JSX.IntrinsicElements'.
src/lms/App.tsx(1454,21): error TS2339: Property 'th' does not exist on type 'JSX.IntrinsicElements'.
src/lms/App.tsx(1454,126): error TS2339: Property 'th' does not exist on type 'JSX.IntrinsicElements'.
src/lms/App.tsx(1455,19): error TS2339: Property 'tr' does not exist on type 'JSX.IntrinsicElements'.
src/lms/App.tsx(1456,17): error TS2339: Property 'thead' does not exist on type 'JSX.IntrinsicElements'.
src/lms/App.tsx(1457,17): error TS2339: Property 'tbody' does not exist on type 'JSX.IntrinsicElements'.
src/lms/App.tsx(1459,21): error TS2339: Property 'tr' does not exist on type 'JSX.IntrinsicElements'.
src/lms/App.tsx(1460,23): error TS2339: Property 'td' does not exist on type 'JSX.IntrinsicElements'.
src/lms/App.tsx(1460,92): error TS2339: Property 'td' does not exist on type 'JSX.IntrinsicElements'.
src/lms/App.tsx(1461,23): error TS2339: Property 'td' does not exist on type 'JSX.IntrinsicElements'.
src/lms/App.tsx(1461,92): error TS2339: Property 'td' does not exist on type 'JSX.IntrinsicElements'.
src/lms/App.tsx(1462,23): error TS2339: Property 'td' does not exist on type 'JSX.IntrinsicElements'.
src/lms/App.tsx(1462,121): error TS2339: Property 'td' does not exist on type 'JSX.IntrinsicElements'.
src/lms/App.tsx(1463,21): error TS2339: Property 'tr' does not exist on type 'JSX.IntrinsicElements'.
src/lms/App.tsx(1466,21): error TS2339: Property 'tr' does not exist on type 'JSX.IntrinsicElements'.
src/lms/App.tsx(1467,23): error TS2339: Property 'td' does not exist on type 'JSX.IntrinsicElements'.
src/lms/App.tsx(1469,23): error TS2339: Property 'td' does not exist on type 'JSX.IntrinsicElements'.
src/lms/App.tsx(1470,21): error TS2339: Property 'tr' does not exist on type 'JSX.IntrinsicElements'.
src/lms/App.tsx(1472,17): error TS2339: Property 'tbody' does not exist on type 'JSX.IntrinsicElements'.
src/lms/App.tsx(1473,15): error TS2339: Property 'table' does not exist on type 'JSX.IntrinsicElements'.
src/lms/App.tsx(1474,13): error TS2339: Property 'div' does not exist on type 'JSX.IntrinsicElements'.
src/lms/App.tsx(1475,11): error TS2339: Property 'section' does not exist on type 'JSX.IntrinsicElements'.
src/lms/App.tsx(1476,9): error TS2339: Property 'div' does not exist on type 'JSX.IntrinsicElements'.
src/lms/App.tsx(1478,9): error TS2339: Property 'section' does not exist on type 'JSX.IntrinsicElements'.
src/lms/App.tsx(1479,11): error TS2339: Property 'h3' does not exist on type 'JSX.IntrinsicElements'.
src/lms/App.tsx(1479,100): error TS2339: Property 'h3' does not exist on type 'JSX.IntrinsicElements'.
src/lms/App.tsx(1480,11): error TS2339: Property 'div' does not exist on type 'JSX.IntrinsicElements'.
src/lms/App.tsx(1482,15): error TS2339: Property 'div' does not exist on type 'JSX.IntrinsicElements'.
src/lms/App.tsx(1483,17): error TS2339: Property 'div' does not exist on type 'JSX.IntrinsicElements'.
src/lms/App.tsx(1483,164): error TS2339: Property 'div' does not exist on type 'JSX.IntrinsicElements'.
src/lms/App.tsx(1484,17): error TS2339: Property 'p' does not exist on type 'JSX.IntrinsicElements'.
src/lms/App.tsx(1484,117): error TS2339: Property 'p' does not exist on type 'JSX.IntrinsicElements'.
src/lms/App.tsx(1485,17): error TS2339: Property 'h4' does not exist on type 'JSX.IntrinsicElements'.
src/lms/App.tsx(1485,79): error TS2339: Property 'h4' does not exist on type 'JSX.IntrinsicElements'.
src/lms/App.tsx(1486,17): error TS2339: Property 'p' does not exist on type 'JSX.IntrinsicElements'.
src/lms/App.tsx(1486,79): error TS2339: Property 'i' does not exist on type 'JSX.IntrinsicElements'.
src/lms/App.tsx(1486,124): error TS2339: Property 'i' does not exist on type 'JSX.IntrinsicElements'.
src/lms/App.tsx(1486,139): error TS2339: Property 'p' does not exist on type 'JSX.IntrinsicElements'.
src/lms/App.tsx(1487,15): error TS2339: Property 'div' does not exist on type 'JSX.IntrinsicElements'.
src/lms/App.tsx(1489,11): error TS2339: Property 'div' does not exist on type 'JSX.IntrinsicElements'.
src/lms/App.tsx(1490,11): error TS2339: Property 'button' does not exist on type 'JSX.IntrinsicElements'.
src/lms/App.tsx(1491,13): error TS2339: Property 'i' does not exist on type 'JSX.IntrinsicElements'.
src/lms/App.tsx(1491,57): error TS2339: Property 'i' does not exist on type 'JSX.IntrinsicElements'.
src/lms/App.tsx(1492,11): error TS2339: Property 'button' does not exist on type 'JSX.IntrinsicElements'.
src/lms/App.tsx(1493,9): error TS2339: Property 'section' does not exist on type 'JSX.IntrinsicElements'.
src/lms/App.tsx(1494,7): error TS2339: Property 'div' does not exist on type 'JSX.IntrinsicElements'.
src/lms/App.tsx(1495,5): error TS2339: Property 'div' does not exist on type 'JSX.IntrinsicElements'.
src/lms/App.tsx(1514,5): error TS2339: Property 'div' does not exist on type 'JSX.IntrinsicElements'.
src/lms/App.tsx(1515,7): error TS2339: Property 'header' does not exist on type 'JSX.IntrinsicElements'.
src/lms/App.tsx(1516,9): error TS2339: Property 'div' does not exist on type 'JSX.IntrinsicElements'.
src/lms/App.tsx(1517,11): error TS2339: Property 'h2' does not exist on type 'JSX.IntrinsicElements'.
src/lms/App.tsx(1517,101): error TS2339: Property 'h2' does not exist on type 'JSX.IntrinsicElements'.
src/lms/App.tsx(1518,11): error TS2339: Property 'p' does not exist on type 'JSX.IntrinsicElements'.
src/lms/App.tsx(1518,116): error TS2339: Property 'p' does not exist on type 'JSX.IntrinsicElements'.
src/lms/App.tsx(1519,9): error TS2339: Property 'div' does not exist on type 'JSX.IntrinsicElements'.
src/lms/App.tsx(1520,7): error TS2339: Property 'header' does not exist on type 'JSX.IntrinsicElements'.
src/lms/App.tsx(1522,7): error TS2339: Property 'div' does not exist on type 'JSX.IntrinsicElements'.
src/lms/App.tsx(1523,9): error TS2339: Property 'section' does not exist on type 'JSX.IntrinsicElements'.
src/lms/App.tsx(1524,11): error TS2339: Property 'h3' does not exist on type 'JSX.IntrinsicElements'.
src/lms/App.tsx(1524,99): error TS2339: Property 'h3' does not exist on type 'JSX.IntrinsicElements'.
src/lms/App.tsx(1525,11): error TS2339: Property 'div' does not exist on type 'JSX.IntrinsicElements'.
src/lms/App.tsx(1527,15): error TS2339: Property 'div' does not exist on type 'JSX.IntrinsicElements'.
src/lms/App.tsx(1528,17): error TS2339: Property 'div' does not exist on type 'JSX.IntrinsicElements'.
src/lms/App.tsx(1529,19): error TS2339: Property 'h4' does not exist on type 'JSX.IntrinsicElements'.
src/lms/App.tsx(1529,96): error TS2339: Property 'h4' does not exist on type 'JSX.IntrinsicElements'.
src/lms/App.tsx(1530,19): error TS2339: Property 'p' does not exist on type 'JSX.IntrinsicElements'.
src/lms/App.tsx(1530,113): error TS2339: Property 'p' does not exist on type 'JSX.IntrinsicElements'.
src/lms/App.tsx(1531,17): error TS2339: Property 'div' does not exist on type 'JSX.IntrinsicElements'.
src/lms/App.tsx(1532,17): error TS2339: Property 'div' does not exist on type 'JSX.IntrinsicElements'.
src/lms/App.tsx(1533,19): error TS2339: Property 'span' does not exist on type 'JSX.IntrinsicElements'.
src/lms/App.tsx(1533,139): error TS2339: Property 'span' does not exist on type 'JSX.IntrinsicElements'.
src/lms/App.tsx(1534,37): error TS2339: Property 'span' does not exist on type 'JSX.IntrinsicElements'.
src/lms/App.tsx(1534,134): error TS2339: Property 'span' does not exist on type 'JSX.IntrinsicElements'.
src/lms/App.tsx(1535,17): error TS2339: Property 'div' does not exist on type 'JSX.IntrinsicElements'.
src/lms/App.tsx(1536,15): error TS2339: Property 'div' does not exist on type 'JSX.IntrinsicElements'.
src/lms/App.tsx(1539,15): error TS2339: Property 'p' does not exist on type 'JSX.IntrinsicElements'.
src/lms/App.tsx(1539,79): error TS2339: Property 'p' does not exist on type 'JSX.IntrinsicElements'.
src/lms/App.tsx(1541,11): error TS2339: Property 'div' does not exist on type 'JSX.IntrinsicElements'.
src/lms/App.tsx(1542,9): error TS2339: Property 'section' does not exist on type 'JSX.IntrinsicElements'.
src/lms/App.tsx(1544,9): error TS2339: Property 'section' does not exist on type 'JSX.IntrinsicElements'.
src/lms/App.tsx(1545,11): error TS2339: Property 'h3' does not exist on type 'JSX.IntrinsicElements'.
src/lms/App.tsx(1545,105): error TS2339: Property 'h3' does not exist on type 'JSX.IntrinsicElements'.
src/lms/App.tsx(1546,11): error TS2339: Property 'div' does not exist on type 'JSX.IntrinsicElements'.
src/lms/App.tsx(1549,17): error TS2339: Property 'div' does not exist on type 'JSX.IntrinsicElements'.
src/lms/App.tsx(1550,19): error TS2339: Property 'div' does not exist on type 'JSX.IntrinsicElements'.
src/lms/App.tsx(1551,21): error TS2339: Property 'h4' does not exist on type 'JSX.IntrinsicElements'.
src/lms/App.tsx(1551,80): error TS2339: Property 'h4' does not exist on type 'JSX.IntrinsicElements'.
src/lms/App.tsx(1552,21): error TS2339: Property 'p' does not exist on type 'JSX.IntrinsicElements'.
src/lms/App.tsx(1552,110): error TS2339: Property 'p' does not exist on type 'JSX.IntrinsicElements'.
src/lms/App.tsx(1553,19): error TS2339: Property 'div' does not exist on type 'JSX.IntrinsicElements'.
src/lms/App.tsx(1554,19): error TS2339: Property 'span' does not exist on type 'JSX.IntrinsicElements'.
src/lms/App.tsx(1554,85): error TS2339: Property 'span' does not exist on type 'JSX.IntrinsicElements'.
src/lms/App.tsx(1555,17): error TS2339: Property 'div' does not exist on type 'JSX.IntrinsicElements'.
src/lms/App.tsx(1558,15): error TS2339: Property 'p' does not exist on type 'JSX.IntrinsicElements'.
src/lms/App.tsx(1558,103): error TS2339: Property 'p' does not exist on type 'JSX.IntrinsicElements'.
src/lms/App.tsx(1560,11): error TS2339: Property 'div' does not exist on type 'JSX.IntrinsicElements'.
src/lms/App.tsx(1561,9): error TS2339: Property 'section' does not exist on type 'JSX.IntrinsicElements'.
src/lms/App.tsx(1563,9): error TS2339: Property 'section' does not exist on type 'JSX.IntrinsicElements'.
src/lms/App.tsx(1564,11): error TS2339: Property 'h3' does not exist on type 'JSX.IntrinsicElements'.
src/lms/App.tsx(1565,13): error TS2339: Property 'i' does not exist on type 'JSX.IntrinsicElements'.
src/lms/App.tsx(1565,64): error TS2339: Property 'i' does not exist on type 'JSX.IntrinsicElements'.
src/lms/App.tsx(1566,11): error TS2339: Property 'h3' does not exist on type 'JSX.IntrinsicElements'.
src/lms/App.tsx(1567,11): error TS2339: Property 'div' does not exist on type 'JSX.IntrinsicElements'.
src/lms/App.tsx(1569,15): error TS2339: Property 'div' does not exist on type 'JSX.IntrinsicElements'.
src/lms/App.tsx(1570,17): error TS2339: Property 'p' does not exist on type 'JSX.IntrinsicElements'.
src/lms/App.tsx(1570,103): error TS2339: Property 'p' does not exist on type 'JSX.IntrinsicElements'.
src/lms/App.tsx(1571,15): error TS2339: Property 'div' does not exist on type 'JSX.IntrinsicElements'.
src/lms/App.tsx(1574,17): error TS2339: Property 'div' does not exist on type 'JSX.IntrinsicElements'.
src/lms/App.tsx(1575,19): error TS2339: Property 'div' does not exist on type 'JSX.IntrinsicElements'.
src/lms/App.tsx(1576,21): error TS2339: Property 'div' does not exist on type 'JSX.IntrinsicElements'.
src/lms/App.tsx(1577,23): error TS2339: Property 'i' does not exist on type 'JSX.IntrinsicElements'.
src/lms/App.tsx(1577,72): error TS2339: Property 'i' does not exist on type 'JSX.IntrinsicElements'.
src/lms/App.tsx(1578,21): error TS2339: Property 'div' does not exist on type 'JSX.IntrinsicElements'.
src/lms/App.tsx(1579,21): error TS2339: Property 'div' does not exist on type 'JSX.IntrinsicElements'.
src/lms/App.tsx(1580,23): error TS2339: Property 'h4' does not exist on type 'JSX.IntrinsicElements'.
src/lms/App.tsx(1580,156): error TS2339: Property 'h4' does not exist on type 'JSX.IntrinsicElements'.
src/lms/App.tsx(1581,23): error TS2339: Property 'p' does not exist on type 'JSX.IntrinsicElements'.
src/lms/App.tsx(1581,134): error TS2339: Property 'p' does not exist on type 'JSX.IntrinsicElements'.
src/lms/App.tsx(1582,21): error TS2339: Property 'div' does not exist on type 'JSX.IntrinsicElements'.
src/lms/App.tsx(1583,19): error TS2339: Property 'div' does not exist on type 'JSX.IntrinsicElements'.
src/lms/App.tsx(1584,19): error TS2339: Property 'div' does not exist on type 'JSX.IntrinsicElements'.
src/lms/App.tsx(1585,21): error TS2339: Property 'span' does not exist on type 'JSX.IntrinsicElements'.
src/lms/App.tsx(1587,21): error TS2339: Property 'span' does not exist on type 'JSX.IntrinsicElements'.
src/lms/App.tsx(1589,23): error TS2339: Property 'button' does not exist on type 'JSX.IntrinsicElements'.
src/lms/App.tsx(1593,25): error TS2339: Property 'i' does not exist on type 'JSX.IntrinsicElements'.
src/lms/App.tsx(1593,69): error TS2339: Property 'i' does not exist on type 'JSX.IntrinsicElements'.
src/lms/App.tsx(1594,23): error TS2339: Property 'button' does not exist on type 'JSX.IntrinsicElements'.
src/lms/App.tsx(1596,19): error TS2339: Property 'div' does not exist on type 'JSX.IntrinsicElements'.
src/lms/App.tsx(1597,17): error TS2339: Property 'div' does not exist on type 'JSX.IntrinsicElements'.
src/lms/App.tsx(1600,11): error TS2339: Property 'div' does not exist on type 'JSX.IntrinsicElements'.
src/lms/App.tsx(1601,9): error TS2339: Property 'section' does not exist on type 'JSX.IntrinsicElements'.
src/lms/App.tsx(1603,9): error TS2339: Property 'section' does not exist on type 'JSX.IntrinsicElements'.
src/lms/App.tsx(1604,11): error TS2339: Property 'h3' does not exist on type 'JSX.IntrinsicElements'.
src/lms/App.tsx(1604,108): error TS2339: Property 'h3' does not exist on type 'JSX.IntrinsicElements'.
src/lms/App.tsx(1605,11): error TS2339: Property 'div' does not exist on type 'JSX.IntrinsicElements'.
src/lms/App.tsx(1607,15): error TS2339: Property 'div' does not exist on type 'JSX.IntrinsicElements'.
src/lms/App.tsx(1608,17): error TS2339: Property 'div' does not exist on type 'JSX.IntrinsicElements'.
src/lms/App.tsx(1609,19): error TS2339: Property 'i' does not exist on type 'JSX.IntrinsicElements'.
src/lms/App.tsx(1609,57): error TS2339: Property 'i' does not exist on type 'JSX.IntrinsicElements'.
src/lms/App.tsx(1610,17): error TS2339: Property 'div' does not exist on type 'JSX.IntrinsicElements'.
src/lms/App.tsx(1611,17): error TS2339: Property 'div' does not exist on type 'JSX.IntrinsicElements'.
src/lms/App.tsx(1612,19): error TS2339: Property 'h4' does not exist on type 'JSX.IntrinsicElements'.
src/lms/App.tsx(1612,88): error TS2339: Property 'h4' does not exist on type 'JSX.IntrinsicElements'.
src/lms/App.tsx(1613,19): error TS2339: Property 'p' does not exist on type 'JSX.IntrinsicElements'.
src/lms/App.tsx(1613,107): error TS2339: Property 'p' does not exist on type 'JSX.IntrinsicElements'.
src/lms/App.tsx(1614,17): error TS2339: Property 'div' does not exist on type 'JSX.IntrinsicElements'.
src/lms/App.tsx(1615,15): error TS2339: Property 'div' does not exist on type 'JSX.IntrinsicElements'.
src/lms/App.tsx(1617,11): error TS2339: Property 'div' does not exist on type 'JSX.IntrinsicElements'.
src/lms/App.tsx(1618,9): error TS2339: Property 'section' does not exist on type 'JSX.IntrinsicElements'.
src/lms/App.tsx(1619,7): error TS2339: Property 'div' does not exist on type 'JSX.IntrinsicElements'.
src/lms/App.tsx(1620,5): error TS2339: Property 'div' does not exist on type 'JSX.IntrinsicElements'.
src/lms/App.tsx(1624,5): error TS2339: Property 'div' does not exist on type 'JSX.IntrinsicElements'.
src/lms/App.tsx(1625,7): error TS2339: Property 'header' does not exist on type 'JSX.IntrinsicElements'.
src/lms/App.tsx(1626,9): error TS2339: Property 'div' does not exist on type 'JSX.IntrinsicElements'.
src/lms/App.tsx(1627,11): error TS2339: Property 'h2' does not exist on type 'JSX.IntrinsicElements'.
src/lms/App.tsx(1627,99): error TS2339: Property 'h2' does not exist on type 'JSX.IntrinsicElements'.
src/lms/App.tsx(1628,11): error TS2339: Property 'p' does not exist on type 'JSX.IntrinsicElements'.
src/lms/App.tsx(1628,121): error TS2339: Property 'p' does not exist on type 'JSX.IntrinsicElements'.
src/lms/App.tsx(1629,9): error TS2339: Property 'div' does not exist on type 'JSX.IntrinsicElements'.
src/lms/App.tsx(1630,7): error TS2339: Property 'header' does not exist on type 'JSX.IntrinsicElements'.
src/lms/App.tsx(1632,7): error TS2339: Property 'div' does not exist on type 'JSX.IntrinsicElements'.
src/lms/App.tsx(1633,9): error TS2339: Property 'div' does not exist on type 'JSX.IntrinsicElements'.
src/lms/App.tsx(1634,11): error TS2339: Property 'section' does not exist on type 'JSX.IntrinsicElements'.
src/lms/App.tsx(1635,13): error TS2339: Property 'h3' does not exist on type 'JSX.IntrinsicElements'.
src/lms/App.tsx(1636,15): error TS2339: Property 'i' does not exist on type 'JSX.IntrinsicElements'.
src/lms/App.tsx(1636,65): error TS2339: Property 'i' does not exist on type 'JSX.IntrinsicElements'.
src/lms/App.tsx(1637,13): error TS2339: Property 'h3' does not exist on type 'JSX.IntrinsicElements'.
src/lms/App.tsx(1638,13): error TS2339: Property 'div' does not exist on type 'JSX.IntrinsicElements'.
src/lms/App.tsx(1640,17): error TS2339: Property 'div' does not exist on type 'JSX.IntrinsicElements'.
src/lms/App.tsx(1641,19): error TS2339: Property 'div' does not exist on type 'JSX.IntrinsicElements'.
src/lms/App.tsx(1642,21): error TS2339: Property 'div' does not exist on type 'JSX.IntrinsicElements'.
src/lms/App.tsx(1643,23): error TS2339: Property 'div' does not exist on type 'JSX.IntrinsicElements'.
src/lms/App.tsx(1644,25): error TS2339: Property 'i' does not exist on type 'JSX.IntrinsicElements'.
src/lms/App.tsx(1644,57): error TS2339: Property 'i' does not exist on type 'JSX.IntrinsicElements'.
src/lms/App.tsx(1645,23): error TS2339: Property 'div' does not exist on type 'JSX.IntrinsicElements'.
src/lms/App.tsx(1646,23): error TS2339: Property 'div' does not exist on type 'JSX.IntrinsicElements'.
src/lms/App.tsx(1647,25): error TS2339: Property 'h4' does not exist on type 'JSX.IntrinsicElements'.
src/lms/App.tsx(1647,81): error TS2339: Property 'h4' does not exist on type 'JSX.IntrinsicElements'.
src/lms/App.tsx(1648,25): error TS2339: Property 'p' does not exist on type 'JSX.IntrinsicElements'.
src/lms/App.tsx(1648,98): error TS2339: Property 'p' does not exist on type 'JSX.IntrinsicElements'.
src/lms/App.tsx(1649,23): error TS2339: Property 'div' does not exist on type 'JSX.IntrinsicElements'.
src/lms/App.tsx(1650,21): error TS2339: Property 'div' does not exist on type 'JSX.IntrinsicElements'.
src/lms/App.tsx(1651,21): error TS2339: Property 'button' does not exist on type 'JSX.IntrinsicElements'.
src/lms/App.tsx(1651,73): error TS2339: Property 'i' does not exist on type 'JSX.IntrinsicElements'.
src/lms/App.tsx(1651,109): error TS2339: Property 'i' does not exist on type 'JSX.IntrinsicElements'.
src/lms/App.tsx(1651,113): error TS2339: Property 'button' does not exist on type 'JSX.IntrinsicElements'.
src/lms/App.tsx(1652,19): error TS2339: Property 'div' does not exist on type 'JSX.IntrinsicElements'.
src/lms/App.tsx(1653,19): error TS2339: Property 'p' does not exist on type 'JSX.IntrinsicElements'.
src/lms/App.tsx(1653,92): error TS2339: Property 'p' does not exist on type 'JSX.IntrinsicElements'.
src/lms/App.tsx(1654,19): error TS2339: Property 'div' does not exist on type 'JSX.IntrinsicElements'.
src/lms/App.tsx(1655,21): error TS2339: Property 'button' does not exist on type 'JSX.IntrinsicElements'.
src/lms/App.tsx(1656,23): error TS2339: Property 'i' does not exist on type 'JSX.IntrinsicElements'.
src/lms/App.tsx(1656,56): error TS2339: Property 'i' does not exist on type 'JSX.IntrinsicElements'.
src/lms/App.tsx(1657,21): error TS2339: Property 'button' does not exist on type 'JSX.IntrinsicElements'.
src/lms/App.tsx(1658,21): error TS2339: Property 'button' does not exist on type 'JSX.IntrinsicElements'.
src/lms/App.tsx(1659,23): error TS2339: Property 'i' does not exist on type 'JSX.IntrinsicElements'.
src/lms/App.tsx(1659,58): error TS2339: Property 'i' does not exist on type 'JSX.IntrinsicElements'.
src/lms/App.tsx(1660,21): error TS2339: Property 'button' does not exist on type 'JSX.IntrinsicElements'.
src/lms/App.tsx(1661,19): error TS2339: Property 'div' does not exist on type 'JSX.IntrinsicElements'.
src/lms/App.tsx(1662,17): error TS2339: Property 'div' does not exist on type 'JSX.IntrinsicElements'.
src/lms/App.tsx(1664,13): error TS2339: Property 'div' does not exist on type 'JSX.IntrinsicElements'.
src/lms/App.tsx(1665,11): error TS2339: Property 'section' does not exist on type 'JSX.IntrinsicElements'.
src/lms/App.tsx(1666,9): error TS2339: Property 'div' does not exist on type 'JSX.IntrinsicElements'.
src/lms/App.tsx(1668,9): error TS2339: Property 'div' does not exist on type 'JSX.IntrinsicElements'.
src/lms/App.tsx(1669,11): error TS2339: Property 'section' does not exist on type 'JSX.IntrinsicElements'.
src/lms/App.tsx(1670,13): error TS2339: Property 'h3' does not exist on type 'JSX.IntrinsicElements'.
src/lms/App.tsx(1670,101): error TS2339: Property 'h3' does not exist on type 'JSX.IntrinsicElements'.
src/lms/App.tsx(1671,13): error TS2339: Property 'div' does not exist on type 'JSX.IntrinsicElements'.
src/lms/App.tsx(1673,17): error TS2339: Property 'div' does not exist on type 'JSX.IntrinsicElements'.
src/lms/App.tsx(1674,19): error TS2339: Property 'p' does not exist on type 'JSX.IntrinsicElements'.
src/lms/App.tsx(1674,96): error TS2339: Property 'p' does not exist on type 'JSX.IntrinsicElements'.
src/lms/App.tsx(1675,19): error TS2339: Property 'p' does not exist on type 'JSX.IntrinsicElements'.
src/lms/App.tsx(1675,76): error TS2339: Property 'p' does not exist on type 'JSX.IntrinsicElements'.
src/lms/App.tsx(1676,19): error TS2339: Property 'p' does not exist on type 'JSX.IntrinsicElements'.
src/lms/App.tsx(1676,91): error TS2339: Property 'p' does not exist on type 'JSX.IntrinsicElements'.
src/lms/App.tsx(1677,17): error TS2339: Property 'div' does not exist on type 'JSX.IntrinsicElements'.
src/lms/App.tsx(1679,13): error TS2339: Property 'div' does not exist on type 'JSX.IntrinsicElements'.
src/lms/App.tsx(1680,11): error TS2339: Property 'section' does not exist on type 'JSX.IntrinsicElements'.
src/lms/App.tsx(1682,11): error TS2339: Property 'section' does not exist on type 'JSX.IntrinsicElements'.
src/lms/App.tsx(1683,13): error TS2339: Property 'h3' does not exist on type 'JSX.IntrinsicElements'.
src/lms/App.tsx(1683,101): error TS2339: Property 'h3' does not exist on type 'JSX.IntrinsicElements'.
src/lms/App.tsx(1684,13): error TS2339: Property 'div' does not exist on type 'JSX.IntrinsicElements'.
src/lms/App.tsx(1686,17): error TS2339: Property 'a' does not exist on type 'JSX.IntrinsicElements'.
src/lms/App.tsx(1687,19): error TS2339: Property 'div' does not exist on type 'JSX.IntrinsicElements'.
src/lms/App.tsx(1688,21): error TS2339: Property 'i' does not exist on type 'JSX.IntrinsicElements'.
src/lms/App.tsx(1688,60): error TS2339: Property 'i' does not exist on type 'JSX.IntrinsicElements'.
src/lms/App.tsx(1689,19): error TS2339: Property 'div' does not exist on type 'JSX.IntrinsicElements'.
src/lms/App.tsx(1690,19): error TS2339: Property 'span' does not exist on type 'JSX.IntrinsicElements'.
src/lms/App.tsx(1690,118): error TS2339: Property 'span' does not exist on type 'JSX.IntrinsicElements'.
src/lms/App.tsx(1691,17): error TS2339: Property 'a' does not exist on type 'JSX.IntrinsicElements'.
src/lms/App.tsx(1693,13): error TS2339: Property 'div' does not exist on type 'JSX.IntrinsicElements'.
src/lms/App.tsx(1694,11): error TS2339: Property 'section' does not exist on type 'JSX.IntrinsicElements'.
src/lms/App.tsx(1695,9): error TS2339: Property 'div' does not exist on type 'JSX.IntrinsicElements'.
src/lms/App.tsx(1696,7): error TS2339: Property 'div' does not exist on type 'JSX.IntrinsicElements'.
src/lms/App.tsx(1697,5): error TS2339: Property 'div' does not exist on type 'JSX.IntrinsicElements'.
src/lms/App.tsx(1703,7): error TS2339: Property 'div' does not exist on type 'JSX.IntrinsicElements'.
src/lms/App.tsx(1704,9): error TS2339: Property 'header' does not exist on type 'JSX.IntrinsicElements'.
src/lms/App.tsx(1705,11): error TS2339: Property 'div' does not exist on type 'JSX.IntrinsicElements'.
src/lms/App.tsx(1706,13): error TS2339: Property 'button' does not exist on type 'JSX.IntrinsicElements'.
src/lms/App.tsx(1707,15): error TS2339: Property 'i' does not exist on type 'JSX.IntrinsicElements'.
src/lms/App.tsx(1707,101): error TS2339: Property 'i' does not exist on type 'JSX.IntrinsicElements'.
src/lms/App.tsx(1708,13): error TS2339: Property 'button' does not exist on type 'JSX.IntrinsicElements'.
src/lms/App.tsx(1709,13): error TS2339: Property 'h2' does not exist on type 'JSX.IntrinsicElements'.
src/lms/App.tsx(1709,120): error TS2339: Property 'h2' does not exist on type 'JSX.IntrinsicElements'.
src/lms/App.tsx(1710,13): error TS2339: Property 'div' does not exist on type 'JSX.IntrinsicElements'.
src/lms/App.tsx(1711,15): error TS2339: Property 'span' does not exist on type 'JSX.IntrinsicElements'.
src/lms/App.tsx(1713,15): error TS2339: Property 'span' does not exist on type 'JSX.IntrinsicElements'.
src/lms/App.tsx(1714,15): error TS2339: Property 'span' does not exist on type 'JSX.IntrinsicElements'.
src/lms/App.tsx(1715,17): error TS2339: Property 'i' does not exist on type 'JSX.IntrinsicElements'.
src/lms/App.tsx(1715,50): error TS2339: Property 'i' does not exist on type 'JSX.IntrinsicElements'.
src/lms/App.tsx(1716,15): error TS2339: Property 'span' does not exist on type 'JSX.IntrinsicElements'.
src/lms/App.tsx(1717,13): error TS2339: Property 'div' does not exist on type 'JSX.IntrinsicElements'.
src/lms/App.tsx(1718,11): error TS2339: Property 'div' does not exist on type 'JSX.IntrinsicElements'.
src/lms/App.tsx(1720,13): error TS2339: Property 'a' does not exist on type 'JSX.IntrinsicElements'.
src/lms/App.tsx(1721,15): error TS2339: Property 'i' does not exist on type 'JSX.IntrinsicElements'.
src/lms/App.tsx(1721,62): error TS2339: Property 'i' does not exist on type 'JSX.IntrinsicElements'.
src/lms/App.tsx(1722,13): error TS2339: Property 'a' does not exist on type 'JSX.IntrinsicElements'.
src/lms/App.tsx(1724,9): error TS2339: Property 'header' does not exist on type 'JSX.IntrinsicElements'.
src/lms/App.tsx(1726,9): error TS2339: Property 'div' does not exist on type 'JSX.IntrinsicElements'.
src/lms/App.tsx(1727,11): error TS2339: Property 'div' does not exist on type 'JSX.IntrinsicElements'.
src/lms/App.tsx(1728,13): error TS2339: Property 'section' does not exist on type 'JSX.IntrinsicElements'.
src/lms/App.tsx(1729,15): error TS2339: Property 'h3' does not exist on type 'JSX.IntrinsicElements'.
src/lms/App.tsx(1730,17): error TS2339: Property 'i' does not exist on type 'JSX.IntrinsicElements'.
src/lms/App.tsx(1730,67): error TS2339: Property 'i' does not exist on type 'JSX.IntrinsicElements'.
src/lms/App.tsx(1731,15): error TS2339: Property 'h3' does not exist on type 'JSX.IntrinsicElements'.
src/lms/App.tsx(1732,15): error TS2339: Property 'p' does not exist on type 'JSX.IntrinsicElements'.
src/lms/App.tsx(1732,98): error TS2339: Property 'p' does not exist on type 'JSX.IntrinsicElements'.
src/lms/App.tsx(1733,15): error TS2339: Property 'div' does not exist on type 'JSX.IntrinsicElements'.
src/lms/App.tsx(1735,19): error TS2339: Property 'div' does not exist on type 'JSX.IntrinsicElements'.
src/lms/App.tsx(1736,21): error TS2339: Property 'div' does not exist on type 'JSX.IntrinsicElements'.
src/lms/App.tsx(1738,21): error TS2339: Property 'div' does not exist on type 'JSX.IntrinsicElements'.
src/lms/App.tsx(1739,21): error TS2339: Property 'span' does not exist on type 'JSX.IntrinsicElements'.
src/lms/App.tsx(1739,71): error TS2339: Property 'span' does not exist on type 'JSX.IntrinsicElements'.
src/lms/App.tsx(1740,19): error TS2339: Property 'div' does not exist on type 'JSX.IntrinsicElements'.
src/lms/App.tsx(1742,15): error TS2339: Property 'div' does not exist on type 'JSX.IntrinsicElements'.
src/lms/App.tsx(1743,13): error TS2339: Property 'section' does not exist on type 'JSX.IntrinsicElements'.
src/lms/App.tsx(1745,13): error TS2339: Property 'section' does not exist on type 'JSX.IntrinsicElements'.
src/lms/App.tsx(1746,15): error TS2339: Property 'h3' does not exist on type 'JSX.IntrinsicElements'.
src/lms/App.tsx(1747,17): error TS2339: Property 'i' does not exist on type 'JSX.IntrinsicElements'.
src/lms/App.tsx(1747,69): error TS2339: Property 'i' does not exist on type 'JSX.IntrinsicElements'.
src/lms/App.tsx(1748,15): error TS2339: Property 'h3' does not exist on type 'JSX.IntrinsicElements'.
src/lms/App.tsx(1749,15): error TS2339: Property 'div' does not exist on type 'JSX.IntrinsicElements'.
src/lms/App.tsx(1751,19): error TS2339: Property 'div' does not exist on type 'JSX.IntrinsicElements'.
src/lms/App.tsx(1752,21): error TS2339: Property 'div' does not exist on type 'JSX.IntrinsicElements'.
src/lms/App.tsx(1753,23): error TS2339: Property 'h4' does not exist on type 'JSX.IntrinsicElements'.
src/lms/App.tsx(1753,81): error TS2339: Property 'h4' does not exist on type 'JSX.IntrinsicElements'.
src/lms/App.tsx(1755,25): error TS2339: Property 'a' does not exist on type 'JSX.IntrinsicElements'.
src/lms/App.tsx(1756,27): error TS2339: Property 'i' does not exist on type 'JSX.IntrinsicElements'.
src/lms/App.tsx(1756,63): error TS2339: Property 'i' does not exist on type 'JSX.IntrinsicElements'.
src/lms/App.tsx(1757,25): error TS2339: Property 'a' does not exist on type 'JSX.IntrinsicElements'.
src/lms/App.tsx(1759,21): error TS2339: Property 'div' does not exist on type 'JSX.IntrinsicElements'.
src/lms/App.tsx(1760,21): error TS2339: Property 'p' does not exist on type 'JSX.IntrinsicElements'.
src/lms/App.tsx(1760,91): error TS2339: Property 'p' does not exist on type 'JSX.IntrinsicElements'.
src/lms/App.tsx(1761,21): error TS2339: Property 'div' does not exist on type 'JSX.IntrinsicElements'.
src/lms/App.tsx(1762,23): error TS2339: Property 'button' does not exist on type 'JSX.IntrinsicElements'.
src/lms/App.tsx(1764,23): error TS2339: Property 'button' does not exist on type 'JSX.IntrinsicElements'.
src/lms/App.tsx(1765,23): error TS2339: Property 'button' does not exist on type 'JSX.IntrinsicElements'.
src/lms/App.tsx(1767,23): error TS2339: Property 'button' does not exist on type 'JSX.IntrinsicElements'.
src/lms/App.tsx(1768,21): error TS2339: Property 'div' does not exist on type 'JSX.IntrinsicElements'.
src/lms/App.tsx(1770,23): error TS2339: Property 'div' does not exist on type 'JSX.IntrinsicElements'.
src/lms/App.tsx(1771,25): error TS2339: Property 'p' does not exist on type 'JSX.IntrinsicElements'.
src/lms/App.tsx(1771,133): error TS2339: Property 'p' does not exist on type 'JSX.IntrinsicElements'.
src/lms/App.tsx(1772,25): error TS2339: Property 'p' does not exist on type 'JSX.IntrinsicElements'.
src/lms/App.tsx(1772,95): error TS2339: Property 'p' does not exist on type 'JSX.IntrinsicElements'.
src/lms/App.tsx(1773,23): error TS2339: Property 'div' does not exist on type 'JSX.IntrinsicElements'.
src/lms/App.tsx(1775,19): error TS2339: Property 'div' does not exist on type 'JSX.IntrinsicElements'.
src/lms/App.tsx(1778,19): error TS2339: Property 'div' does not exist on type 'JSX.IntrinsicElements'.
src/lms/App.tsx(1780,19): error TS2339: Property 'div' does not exist on type 'JSX.IntrinsicElements'.
src/lms/App.tsx(1782,15): error TS2339: Property 'div' does not exist on type 'JSX.IntrinsicElements'.
src/lms/App.tsx(1783,13): error TS2339: Property 'section' does not exist on type 'JSX.IntrinsicElements'.
src/lms/App.tsx(1784,11): error TS2339: Property 'div' does not exist on type 'JSX.IntrinsicElements'.
src/lms/App.tsx(1786,11): error TS2339: Property 'div' does not exist on type 'JSX.IntrinsicElements'.
src/lms/App.tsx(1787,13): error TS2339: Property 'section' does not exist on type 'JSX.IntrinsicElements'.
src/lms/App.tsx(1788,15): error TS2339: Property 'h3' does not exist on type 'JSX.IntrinsicElements'.
src/lms/App.tsx(1788,106): error TS2339: Property 'h3' does not exist on type 'JSX.IntrinsicElements'.
src/lms/App.tsx(1789,15): error TS2339: Property 'div' does not exist on type 'JSX.IntrinsicElements'.
src/lms/App.tsx(1790,17): error TS2339: Property 'div' does not exist on type 'JSX.IntrinsicElements'.
src/lms/App.tsx(1791,19): error TS2339: Property 'div' does not exist on type 'JSX.IntrinsicElements'.
src/lms/App.tsx(1792,21): error TS2339: Property 'i' does not exist on type 'JSX.IntrinsicElements'.
src/lms/App.tsx(1792,57): error TS2339: Property 'i' does not exist on type 'JSX.IntrinsicElements'.
src/lms/App.tsx(1793,19): error TS2339: Property 'div' does not exist on type 'JSX.IntrinsicElements'.
src/lms/App.tsx(1794,19): error TS2339: Property 'div' does not exist on type 'JSX.IntrinsicElements'.
src/lms/App.tsx(1795,21): error TS2339: Property 'p' does not exist on type 'JSX.IntrinsicElements'.
src/lms/App.tsx(1795,111): error TS2339: Property 'p' does not exist on type 'JSX.IntrinsicElements'.
src/lms/App.tsx(1796,21): error TS2339: Property 'p' does not exist on type 'JSX.IntrinsicElements'.
src/lms/App.tsx(1796,118): error TS2339: Property 'p' does not exist on type 'JSX.IntrinsicElements'.
src/lms/App.tsx(1797,19): error TS2339: Property 'div' does not exist on type 'JSX.IntrinsicElements'.
src/lms/App.tsx(1798,17): error TS2339: Property 'div' does not exist on type 'JSX.IntrinsicElements'.
src/lms/App.tsx(1799,17): error TS2339: Property 'div' does not exist on type 'JSX.IntrinsicElements'.
src/lms/App.tsx(1800,19): error TS2339: Property 'div' does not exist on type 'JSX.IntrinsicElements'.
src/lms/App.tsx(1801,21): error TS2339: Property 'i' does not exist on type 'JSX.IntrinsicElements'.
src/lms/App.tsx(1801,54): error TS2339: Property 'i' does not exist on type 'JSX.IntrinsicElements'.
src/lms/App.tsx(1802,19): error TS2339: Property 'div' does not exist on type 'JSX.IntrinsicElements'.
src/lms/App.tsx(1803,19): error TS2339: Property 'div' does not exist on type 'JSX.IntrinsicElements'.
src/lms/App.tsx(1804,21): error TS2339: Property 'p' does not exist on type 'JSX.IntrinsicElements'.
src/lms/App.tsx(1804,114): error TS2339: Property 'p' does not exist on type 'JSX.IntrinsicElements'.
src/lms/App.tsx(1805,21): error TS2339: Property 'p' does not exist on type 'JSX.IntrinsicElements'.
src/lms/App.tsx(1805,114): error TS2339: Property 'p' does not exist on type 'JSX.IntrinsicElements'.
src/lms/App.tsx(1806,19): error TS2339: Property 'div' does not exist on type 'JSX.IntrinsicElements'.
src/lms/App.tsx(1807,17): error TS2339: Property 'div' does not exist on type 'JSX.IntrinsicElements'.
src/lms/App.tsx(1808,15): error TS2339: Property 'div' does not exist on type 'JSX.IntrinsicElements'.
src/lms/App.tsx(1809,13): error TS2339: Property 'section' does not exist on type 'JSX.IntrinsicElements'.
src/lms/App.tsx(1810,11): error TS2339: Property 'div' does not exist on type 'JSX.IntrinsicElements'.
src/lms/App.tsx(1811,9): error TS2339: Property 'div' does not exist on type 'JSX.IntrinsicElements'.
src/lms/App.tsx(1812,7): error TS2339: Property 'div' does not exist on type 'JSX.IntrinsicElements'.
src/lms/App.tsx(1819,7): error TS2339: Property 'div' does not exist on type 'JSX.IntrinsicElements'.
src/lms/App.tsx(1820,9): error TS2339: Property 'header' does not exist on type 'JSX.IntrinsicElements'.
src/lms/App.tsx(1821,11): error TS2339: Property 'h2' does not exist on type 'JSX.IntrinsicElements'.
src/lms/App.tsx(1821,101): error TS2339: Property 'h2' does not exist on type 'JSX.IntrinsicElements'.
src/lms/App.tsx(1822,11): error TS2339: Property 'button' does not exist on type 'JSX.IntrinsicElements'.
src/lms/App.tsx(1822,186): error TS2339: Property 'button' does not exist on type 'JSX.IntrinsicElements'.
src/lms/App.tsx(1823,9): error TS2339: Property 'header' does not exist on type 'JSX.IntrinsicElements'.
src/lms/App.tsx(1824,9): error TS2339: Property 'div' does not exist on type 'JSX.IntrinsicElements'.
src/lms/App.tsx(1826,13): error TS2339: Property 'div' does not exist on type 'JSX.IntrinsicElements'.
src/lms/App.tsx(1827,15): error TS2339: Property 'h4' does not exist on type 'JSX.IntrinsicElements'.
src/lms/App.tsx(1827,76): error TS2339: Property 'span' does not exist on type 'JSX.IntrinsicElements'.
src/lms/App.tsx(1827,121): error TS2339: Property 'span' does not exist on type 'JSX.IntrinsicElements'.
src/lms/App.tsx(1827,140): error TS2339: Property 'h4' does not exist on type 'JSX.IntrinsicElements'.
src/lms/App.tsx(1828,15): error TS2339: Property 'div' does not exist on type 'JSX.IntrinsicElements'.
src/lms/App.tsx(1830,19): error TS2339: Property 'button' does not exist on type 'JSX.IntrinsicElements'.
src/lms/App.tsx(1830,163): error TS2339: Property 'button' does not exist on type 'JSX.IntrinsicElements'.
src/lms/App.tsx(1832,15): error TS2339: Property 'div' does not exist on type 'JSX.IntrinsicElements'.
src/lms/App.tsx(1833,13): error TS2339: Property 'div' does not exist on type 'JSX.IntrinsicElements'.
src/lms/App.tsx(1835,11): error TS2339: Property 'button' does not exist on type 'JSX.IntrinsicElements'.
src/lms/App.tsx(1835,223): error TS2339: Property 'button' does not exist on type 'JSX.IntrinsicElements'.
src/lms/App.tsx(1836,9): error TS2339: Property 'div' does not exist on type 'JSX.IntrinsicElements'.
src/lms/App.tsx(1837,7): error TS2339: Property 'div' does not exist on type 'JSX.IntrinsicElements'.
src/lms/App.tsx(1846,5): error TS2339: Property 'div' does not exist on type 'JSX.IntrinsicElements'.
src/lms/App.tsx(1848,7): error TS2339: Property 'div' does not exist on type 'JSX.IntrinsicElements'.
src/lms/App.tsx(1848,140): error TS2339: Property 'div' does not exist on type 'JSX.IntrinsicElements'.
src/lms/App.tsx(1849,7): error TS2339: Property 'div' does not exist on type 'JSX.IntrinsicElements'.
src/lms/App.tsx(1849,142): error TS2339: Property 'div' does not exist on type 'JSX.IntrinsicElements'.
src/lms/App.tsx(1850,7): error TS2339: Property 'header' does not exist on type 'JSX.IntrinsicElements'.
src/lms/App.tsx(1851,9): error TS2339: Property 'div' does not exist on type 'JSX.IntrinsicElements'.
src/lms/App.tsx(1852,11): error TS2339: Property 'div' does not exist on type 'JSX.IntrinsicElements'.
src/lms/App.tsx(1852,104): error TS2339: Property 'i' does not exist on type 'JSX.IntrinsicElements'.
src/lms/App.tsx(1852,146): error TS2339: Property 'i' does not exist on type 'JSX.IntrinsicElements'.
src/lms/App.tsx(1852,150): error TS2339: Property 'div' does not exist on type 'JSX.IntrinsicElements'.
src/lms/App.tsx(1853,11): error TS2339: Property 'h1' does not exist on type 'JSX.IntrinsicElements'.
src/lms/App.tsx(1853,88): error TS2339: Property 'h1' does not exist on type 'JSX.IntrinsicElements'.
src/lms/App.tsx(1854,9): error TS2339: Property 'div' does not exist on type 'JSX.IntrinsicElements'.
src/lms/App.tsx(1855,9): error TS2339: Property 'button' does not exist on type 'JSX.IntrinsicElements'.
src/lms/App.tsx(1856,11): error TS2339: Property 'i' does not exist on type 'JSX.IntrinsicElements'.
src/lms/App.tsx(1856,87): error TS2339: Property 'i' does not exist on type 'JSX.IntrinsicElements'.
src/lms/App.tsx(1857,9): error TS2339: Property 'button' does not exist on type 'JSX.IntrinsicElements'.
src/lms/App.tsx(1858,7): error TS2339: Property 'header' does not exist on type 'JSX.IntrinsicElements'.
src/lms/App.tsx(1875,7): error TS2339: Property 'main' does not exist on type 'JSX.IntrinsicElements'.
src/lms/App.tsx(1890,11): error TS2339: Property 'div' does not exist on type 'JSX.IntrinsicElements'.
src/lms/App.tsx(1891,13): error TS2339: Property 'h2' does not exist on type 'JSX.IntrinsicElements'.
src/lms/App.tsx(1891,109): error TS2339: Property 'h2' does not exist on type 'JSX.IntrinsicElements'.
src/lms/App.tsx(1892,13): error TS2339: Property 'div' does not exist on type 'JSX.IntrinsicElements'.
src/lms/App.tsx(1893,15): error TS2339: Property 'div' does not exist on type 'JSX.IntrinsicElements'.
src/lms/App.tsx(1894,17): error TS2339: Property 'img' does not exist on type 'JSX.IntrinsicElements'.
src/lms/App.tsx(1895,17): error TS2339: Property 'div' does not exist on type 'JSX.IntrinsicElements'.
src/lms/App.tsx(1896,19): error TS2339: Property 'div' does not exist on type 'JSX.IntrinsicElements'.
src/lms/App.tsx(1897,21): error TS2339: Property 'p' does not exist on type 'JSX.IntrinsicElements'.
src/lms/App.tsx(1897,97): error TS2339: Property 'p' does not exist on type 'JSX.IntrinsicElements'.
src/lms/App.tsx(1898,21): error TS2339: Property 'h3' does not exist on type 'JSX.IntrinsicElements'.
src/lms/App.tsx(1898,91): error TS2339: Property 'h3' does not exist on type 'JSX.IntrinsicElements'.
src/lms/App.tsx(1899,19): error TS2339: Property 'div' does not exist on type 'JSX.IntrinsicElements'.
src/lms/App.tsx(1900,19): error TS2339: Property 'div' does not exist on type 'JSX.IntrinsicElements'.
src/lms/App.tsx(1901,21): error TS2339: Property 'div' does not exist on type 'JSX.IntrinsicElements'.
src/lms/App.tsx(1902,23): error TS2339: Property 'p' does not exist on type 'JSX.IntrinsicElements'.
src/lms/App.tsx(1902,103): error TS2339: Property 'p' does not exist on type 'JSX.IntrinsicElements'.
src/lms/App.tsx(1903,23): error TS2339: Property 'p' does not exist on type 'JSX.IntrinsicElements'.
src/lms/App.tsx(1903,83): error TS2339: Property 'p' does not exist on type 'JSX.IntrinsicElements'.
src/lms/App.tsx(1904,21): error TS2339: Property 'div' does not exist on type 'JSX.IntrinsicElements'.
src/lms/App.tsx(1905,21): error TS2339: Property 'div' does not exist on type 'JSX.IntrinsicElements'.
src/lms/App.tsx(1906,23): error TS2339: Property 'p' does not exist on type 'JSX.IntrinsicElements'.
src/lms/App.tsx(1906,100): error TS2339: Property 'p' does not exist on type 'JSX.IntrinsicElements'.
src/lms/App.tsx(1907,23): error TS2339: Property 'p' does not exist on type 'JSX.IntrinsicElements'.
src/lms/App.tsx(1907,122): error TS2339: Property 'p' does not exist on type 'JSX.IntrinsicElements'.
src/lms/App.tsx(1908,21): error TS2339: Property 'div' does not exist on type 'JSX.IntrinsicElements'.
src/lms/App.tsx(1909,19): error TS2339: Property 'div' does not exist on type 'JSX.IntrinsicElements'.
src/lms/App.tsx(1910,17): error TS2339: Property 'div' does not exist on type 'JSX.IntrinsicElements'.
src/lms/App.tsx(1911,15): error TS2339: Property 'div' does not exist on type 'JSX.IntrinsicElements'.
src/lms/App.tsx(1912,13): error TS2339: Property 'div' does not exist on type 'JSX.IntrinsicElements'.
src/lms/App.tsx(1913,11): error TS2339: Property 'div' does not exist on type 'JSX.IntrinsicElements'.
src/lms/App.tsx(1915,7): error TS2339: Property 'main' does not exist on type 'JSX.IntrinsicElements'.
src/lms/App.tsx(1918,9): error TS2339: Property 'div' does not exist on type 'JSX.IntrinsicElements'.
src/lms/App.tsx(1919,11): error TS2339: Property 'div' does not exist on type 'JSX.IntrinsicElements'.
src/lms/App.tsx(1920,13): error TS2339: Property 'div' does not exist on type 'JSX.IntrinsicElements'.
src/lms/App.tsx(1920,119): error TS2339: Property 'div' does not exist on type 'JSX.IntrinsicElements'.
src/lms/App.tsx(1922,13): error TS2339: Property 'p' does not exist on type 'JSX.IntrinsicElements'.
src/lms/App.tsx(1922,129): error TS2339: Property 'p' does not exist on type 'JSX.IntrinsicElements'.
src/lms/App.tsx(1923,11): error TS2339: Property 'div' does not exist on type 'JSX.IntrinsicElements'.
src/lms/App.tsx(1924,9): error TS2339: Property 'div' does not exist on type 'JSX.IntrinsicElements'.
src/lms/App.tsx(1928,9): error TS2339: Property 'div' does not exist on type 'JSX.IntrinsicElements'.
src/lms/App.tsx(1929,11): error TS2339: Property 'div' does not exist on type 'JSX.IntrinsicElements'.
src/lms/App.tsx(1930,13): error TS2339: Property 'div' does not exist on type 'JSX.IntrinsicElements'.
src/lms/App.tsx(1931,15): error TS2339: Property 'h3' does not exist on type 'JSX.IntrinsicElements'.
src/lms/App.tsx(1931,167): error TS2339: Property 'h3' does not exist on type 'JSX.IntrinsicElements'.
src/lms/App.tsx(1932,15): error TS2339: Property 'button' does not exist on type 'JSX.IntrinsicElements'.
src/lms/App.tsx(1936,17): error TS2339: Property 'i' does not exist on type 'JSX.IntrinsicElements'.
src/lms/App.tsx(1936,50): error TS2339: Property 'i' does not exist on type 'JSX.IntrinsicElements'.
src/lms/App.tsx(1937,15): error TS2339: Property 'button' does not exist on type 'JSX.IntrinsicElements'.
src/lms/App.tsx(1938,13): error TS2339: Property 'div' does not exist on type 'JSX.IntrinsicElements'.
src/lms/App.tsx(1940,13): error TS2339: Property 'div' does not exist on type 'JSX.IntrinsicElements'.
src/lms/App.tsx(1941,15): error TS2339: Property 'div' does not exist on type 'JSX.IntrinsicElements'.
src/lms/App.tsx(1942,17): error TS2339: Property 'label' does not exist on type 'JSX.IntrinsicElements'.
src/lms/App.tsx(1942,121): error TS2339: Property 'label' does not exist on type 'JSX.IntrinsicElements'.
src/lms/App.tsx(1943,17): error TS2339: Property 'div' does not exist on type 'JSX.IntrinsicElements'.
src/lms/App.tsx(1945,17): error TS2339: Property 'div' does not exist on type 'JSX.IntrinsicElements'.
src/lms/App.tsx(1946,15): error TS2339: Property 'div' does not exist on type 'JSX.IntrinsicElements'.
src/lms/App.tsx(1948,15): error TS2339: Property 'div' does not exist on type 'JSX.IntrinsicElements'.
src/lms/App.tsx(1949,17): error TS2339: Property 'label' does not exist on type 'JSX.IntrinsicElements'.
src/lms/App.tsx(1949,134): error TS2339: Property 'label' does not exist on type 'JSX.IntrinsicElements'.
src/lms/App.tsx(1950,17): error TS2339: Property 'input' does not exist on type 'JSX.IntrinsicElements'.
src/lms/App.tsx(1967,19): error TS2339: Property 'p' does not exist on type 'JSX.IntrinsicElements'.
src/lms/App.tsx(1968,21): error TS2339: Property 'i' does not exist on type 'JSX.IntrinsicElements'.
src/lms/App.tsx(1968,67): error TS2339: Property 'i' does not exist on type 'JSX.IntrinsicElements'.
src/lms/App.tsx(1969,19): error TS2339: Property 'p' does not exist on type 'JSX.IntrinsicElements'.
src/lms/App.tsx(1971,15): error TS2339: Property 'div' does not exist on type 'JSX.IntrinsicElements'.
src/lms/App.tsx(1973,15): error TS2339: Property 'div' does not exist on type 'JSX.IntrinsicElements'.
src/lms/App.tsx(1974,17): error TS2339: Property 'label' does not exist on type 'JSX.IntrinsicElements'.
src/lms/App.tsx(1974,130): error TS2339: Property 'label' does not exist on type 'JSX.IntrinsicElements'.
src/lms/App.tsx(1975,17): error TS2339: Property 'textarea' does not exist on type 'JSX.IntrinsicElements'.
src/lms/App.tsx(1981,15): error TS2339: Property 'div' does not exist on type 'JSX.IntrinsicElements'.
src/lms/App.tsx(1983,15): error TS2339: Property 'button' does not exist on type 'JSX.IntrinsicElements'.
src/lms/App.tsx(1989,15): error TS2339: Property 'button' does not exist on type 'JSX.IntrinsicElements'.
src/lms/App.tsx(1990,13): error TS2339: Property 'div' does not exist on type 'JSX.IntrinsicElements'.
src/lms/App.tsx(1994,15): error TS2339: Property 'div' does not exist on type 'JSX.IntrinsicElements'.
src/lms/App.tsx(1996,17): error TS2339: Property 'i' does not exist on type 'JSX.IntrinsicElements'.
src/lms/App.tsx(1996,123): error TS2339: Property 'i' does not exist on type 'JSX.IntrinsicElements'.
src/lms/App.tsx(1997,17): error TS2339: Property 'p' does not exist on type 'JSX.IntrinsicElements'.
src/lms/App.tsx(1997,95): error TS2339: Property 'p' does not exist on type 'JSX.IntrinsicElements'.
src/lms/App.tsx(1998,15): error TS2339: Property 'div' does not exist on type 'JSX.IntrinsicElements'.
src/lms/App.tsx(2000,11): error TS2339: Property 'div' does not exist on type 'JSX.IntrinsicElements'.
src/lms/App.tsx(2001,9): error TS2339: Property 'div' does not exist on type 'JSX.IntrinsicElements'.
src/lms/App.tsx(2006,9): error TS2339: Property 'div' does not exist on type 'JSX.IntrinsicElements'.
src/lms/App.tsx(2007,11): error TS2339: Property 'div' does not exist on type 'JSX.IntrinsicElements'.
src/lms/App.tsx(2008,13): error TS2339: Property 'div' does not exist on type 'JSX.IntrinsicElements'.
src/lms/App.tsx(2009,15): error TS2339: Property 'i' does not exist on type 'JSX.IntrinsicElements'.
src/lms/App.tsx(2009,57): error TS2339: Property 'i' does not exist on type 'JSX.IntrinsicElements'.
src/lms/App.tsx(2010,13): error TS2339: Property 'div' does not exist on type 'JSX.IntrinsicElements'.
src/lms/App.tsx(2011,13): error TS2339: Property 'h3' does not exist on type 'JSX.IntrinsicElements'.
src/lms/App.tsx(2011,107): error TS2339: Property 'h3' does not exist on type 'JSX.IntrinsicElements'.
src/lms/App.tsx(2012,13): error TS2339: Property 'p' does not exist on type 'JSX.IntrinsicElements'.
src/lms/App.tsx(2014,13): error TS2339: Property 'p' does not exist on type 'JSX.IntrinsicElements'.
src/lms/App.tsx(2015,13): error TS2339: Property 'div' does not exist on type 'JSX.IntrinsicElements'.
src/lms/App.tsx(2016,15): error TS2339: Property 'button' does not exist on type 'JSX.IntrinsicElements'.
src/lms/App.tsx(2021,15): error TS2339: Property 'button' does not exist on type 'JSX.IntrinsicElements'.
src/lms/App.tsx(2022,15): error TS2339: Property 'button' does not exist on type 'JSX.IntrinsicElements'.
src/lms/App.tsx(2027,15): error TS2339: Property 'button' does not exist on type 'JSX.IntrinsicElements'.
src/lms/App.tsx(2028,13): error TS2339: Property 'div' does not exist on type 'JSX.IntrinsicElements'.
src/lms/App.tsx(2029,11): error TS2339: Property 'div' does not exist on type 'JSX.IntrinsicElements'.
src/lms/App.tsx(2030,9): error TS2339: Property 'div' does not exist on type 'JSX.IntrinsicElements'.
src/lms/App.tsx(2032,5): error TS2339: Property 'div' does not exist on type 'JSX.IntrinsicElements'.
src/lms/components/ClassandCoursesmanager.tsx(3,23): error TS2792: Cannot find module 'jspdf'. Did you mean to set the 'moduleResolution' option to 'nodenext', or to add aliases to the 'paths' option?
src/lms/components/ClassandCoursesmanager.tsx(4,23): error TS2792: Cannot find module 'jspdf-autotable'. Did you mean to set the 'moduleResolution' option to 'nodenext', or to add aliases to the 'paths' option?
src/lms/components/ClassandCoursesmanager.tsx(65,7): error TS2322: Type '({ schoolId, students, allStudents, subjects, notify, onOpenCoursePage }: CoursesProps) => Element' is not assignable to type 'FC<CoursesProps>'.
  Type 'Element' is not assignable to type 'ReactNode | Promise<ReactNode>'.
src/lms/components/ClassandCoursesmanager.tsx(86,7): error TS2339: Property 'div' does not exist on type 'JSX.IntrinsicElements'.
src/lms/components/ClassandCoursesmanager.tsx(87,9): error TS2339: Property 'header' does not exist on type 'JSX.IntrinsicElements'.
src/lms/components/ClassandCoursesmanager.tsx(88,11): error TS2339: Property 'div' does not exist on type 'JSX.IntrinsicElements'.
src/lms/components/ClassandCoursesmanager.tsx(89,13): error TS2339: Property 'h2' does not exist on type 'JSX.IntrinsicElements'.
src/lms/components/ClassandCoursesmanager.tsx(89,94): error TS2339: Property 'h2' does not exist on type 'JSX.IntrinsicElements'.
src/lms/components/ClassandCoursesmanager.tsx(90,13): error TS2339: Property 'p' does not exist on type 'JSX.IntrinsicElements'.
src/lms/components/ClassandCoursesmanager.tsx(90,118): error TS2339: Property 'p' does not exist on type 'JSX.IntrinsicElements'.
src/lms/components/ClassandCoursesmanager.tsx(91,11): error TS2339: Property 'div' does not exist on type 'JSX.IntrinsicElements'.
src/lms/components/ClassandCoursesmanager.tsx(92,9): error TS2339: Property 'header' does not exist on type 'JSX.IntrinsicElements'.
src/lms/components/ClassandCoursesmanager.tsx(93,9): error TS2339: Property 'div' does not exist on type 'JSX.IntrinsicElements'.
src/lms/components/ClassandCoursesmanager.tsx(94,11): error TS2339: Property 'p' does not exist on type 'JSX.IntrinsicElements'.
src/lms/components/ClassandCoursesmanager.tsx(94,148): error TS2339: Property 'p' does not exist on type 'JSX.IntrinsicElements'.
src/lms/components/ClassandCoursesmanager.tsx(95,9): error TS2339: Property 'div' does not exist on type 'JSX.IntrinsicElements'.
src/lms/components/ClassandCoursesmanager.tsx(96,7): error TS2339: Property 'div' does not exist on type 'JSX.IntrinsicElements'.
src/lms/components/ClassandCoursesmanager.tsx(1027,5): error TS2339: Property 'div' does not exist on type 'JSX.IntrinsicElements'.
src/lms/components/ClassandCoursesmanager.tsx(1028,7): error TS2339: Property 'header' does not exist on type 'JSX.IntrinsicElements'.
src/lms/components/ClassandCoursesmanager.tsx(1029,9): error TS2339: Property 'div' does not exist on type 'JSX.IntrinsicElements'.
src/lms/components/ClassandCoursesmanager.tsx(1030,11): error TS2339: Property 'h2' does not exist on type 'JSX.IntrinsicElements'.
src/lms/components/ClassandCoursesmanager.tsx(1030,92): error TS2339: Property 'h2' does not exist on type 'JSX.IntrinsicElements'.
src/lms/components/ClassandCoursesmanager.tsx(1031,11): error TS2339: Property 'p' does not exist on type 'JSX.IntrinsicElements'.
src/lms/components/ClassandCoursesmanager.tsx(1031,116): error TS2339: Property 'p' does not exist on type 'JSX.IntrinsicElements'.
src/lms/components/ClassandCoursesmanager.tsx(1032,9): error TS2339: Property 'div' does not exist on type 'JSX.IntrinsicElements'.
src/lms/components/ClassandCoursesmanager.tsx(1033,7): error TS2339: Property 'header' does not exist on type 'JSX.IntrinsicElements'.
src/lms/components/ClassandCoursesmanager.tsx(1036,9): error TS2339: Property 'div' does not exist on type 'JSX.IntrinsicElements'.
src/lms/components/ClassandCoursesmanager.tsx(1038,9): error TS2339: Property 'div' does not exist on type 'JSX.IntrinsicElements'.
src/lms/components/ClassandCoursesmanager.tsx(1044,7): error TS2339: Property 'div' does not exist on type 'JSX.IntrinsicElements'.
src/lms/components/ClassandCoursesmanager.tsx(1045,9): error TS2339: Property 'div' does not exist on type 'JSX.IntrinsicElements'.
src/lms/components/ClassandCoursesmanager.tsx(1046,11): error TS2339: Property 'div' does not exist on type 'JSX.IntrinsicElements'.
src/lms/components/ClassandCoursesmanager.tsx(1047,13): error TS2339: Property 'h2' does not exist on type 'JSX.IntrinsicElements'.
src/lms/components/ClassandCoursesmanager.tsx(1047,125): error TS2339: Property 'h2' does not exist on type 'JSX.IntrinsicElements'.
src/lms/components/ClassandCoursesmanager.tsx(1048,13): error TS2339: Property 'p' does not exist on type 'JSX.IntrinsicElements'.
src/lms/components/ClassandCoursesmanager.tsx(1050,13): error TS2339: Property 'p' does not exist on type 'JSX.IntrinsicElements'.
src/lms/components/ClassandCoursesmanager.tsx(1051,11): error TS2339: Property 'div' does not exist on type 'JSX.IntrinsicElements'.
src/lms/components/ClassandCoursesmanager.tsx(1052,11): error TS2339: Property 'button' does not exist on type 'JSX.IntrinsicElements'.
src/lms/components/ClassandCoursesmanager.tsx(1060,13): error TS2339: Property 'i' does not exist on type 'JSX.IntrinsicElements'.
src/lms/components/ClassandCoursesmanager.tsx(1060,91): error TS2339: Property 'i' does not exist on type 'JSX.IntrinsicElements'.
src/lms/components/ClassandCoursesmanager.tsx(1062,11): error TS2339: Property 'button' does not exist on type 'JSX.IntrinsicElements'.
src/lms/components/ClassandCoursesmanager.tsx(1063,9): error TS2339: Property 'div' does not exist on type 'JSX.IntrinsicElements'.
src/lms/components/ClassandCoursesmanager.tsx(1067,13): error TS2339: Property 'div' does not exist on type 'JSX.IntrinsicElements'.
src/lms/components/ClassandCoursesmanager.tsx(1068,15): error TS2339: Property 'label' does not exist on type 'JSX.IntrinsicElements'.
src/lms/components/ClassandCoursesmanager.tsx(1068,108): error TS2339: Property 'label' does not exist on type 'JSX.IntrinsicElements'.
src/lms/components/ClassandCoursesmanager.tsx(1069,15): error TS2339: Property 'input' does not exist on type 'JSX.IntrinsicElements'.
src/lms/components/ClassandCoursesmanager.tsx(1076,13): error TS2339: Property 'div' does not exist on type 'JSX.IntrinsicElements'.
src/lms/components/ClassandCoursesmanager.tsx(1078,13): error TS2339: Property 'div' does not exist on type 'JSX.IntrinsicElements'.
src/lms/components/ClassandCoursesmanager.tsx(1079,15): error TS2339: Property 'label' does not exist on type 'JSX.IntrinsicElements'.
src/lms/components/ClassandCoursesmanager.tsx(1079,109): error TS2339: Property 'label' does not exist on type 'JSX.IntrinsicElements'.
src/lms/components/ClassandCoursesmanager.tsx(1080,15): error TS2339: Property 'div' does not exist on type 'JSX.IntrinsicElements'.
src/lms/components/ClassandCoursesmanager.tsx(1081,17): error TS2339: Property 'input' does not exist on type 'JSX.IntrinsicElements'.
src/lms/components/ClassandCoursesmanager.tsx(1090,15): error TS2339: Property 'div' does not exist on type 'JSX.IntrinsicElements'.
src/lms/components/ClassandCoursesmanager.tsx(1091,13): error TS2339: Property 'div' does not exist on type 'JSX.IntrinsicElements'.
src/lms/components/ClassandCoursesmanager.tsx(1093,13): error TS2339: Property 'div' does not exist on type 'JSX.IntrinsicElements'.
src/lms/components/ClassandCoursesmanager.tsx(1094,15): error TS2339: Property 'label' does not exist on type 'JSX.IntrinsicElements'.
src/lms/components/ClassandCoursesmanager.tsx(1094,114): error TS2339: Property 'label' does not exist on type 'JSX.IntrinsicElements'.
src/lms/components/ClassandCoursesmanager.tsx(1095,15): error TS2339: Property 'div' does not exist on type 'JSX.IntrinsicElements'.
src/lms/components/ClassandCoursesmanager.tsx(1096,17): error TS2339: Property 'input' does not exist on type 'JSX.IntrinsicElements'.
src/lms/components/ClassandCoursesmanager.tsx(1102,17): error TS2339: Property 'span' does not exist on type 'JSX.IntrinsicElements'.
src/lms/components/ClassandCoursesmanager.tsx(1102,112): error TS2339: Property 'span' does not exist on type 'JSX.IntrinsicElements'.
src/lms/components/ClassandCoursesmanager.tsx(1103,15): error TS2339: Property 'div' does not exist on type 'JSX.IntrinsicElements'.
src/lms/components/ClassandCoursesmanager.tsx(1104,13): error TS2339: Property 'div' does not exist on type 'JSX.IntrinsicElements'.
src/lms/components/ClassandCoursesmanager.tsx(1106,13): error TS2339: Property 'div' does not exist on type 'JSX.IntrinsicElements'.
src/lms/components/ClassandCoursesmanager.tsx(1108,17): error TS2339: Property 'button' does not exist on type 'JSX.IntrinsicElements'.
src/lms/components/ClassandCoursesmanager.tsx(1113,17): error TS2339: Property 'button' does not exist on type 'JSX.IntrinsicElements'.
src/lms/components/ClassandCoursesmanager.tsx(1115,15): error TS2339: Property 'button' does not exist on type 'JSX.IntrinsicElements'.
src/lms/components/ClassandCoursesmanager.tsx(1120,15): error TS2339: Property 'button' does not exist on type 'JSX.IntrinsicElements'.
src/lms/components/ClassandCoursesmanager.tsx(1121,13): error TS2339: Property 'div' does not exist on type 'JSX.IntrinsicElements'.
src/lms/components/ClassandCoursesmanager.tsx(1124,7): error TS2339: Property 'div' does not exist on type 'JSX.IntrinsicElements'.
src/lms/components/ClassandCoursesmanager.tsx(1126,7): error TS2339: Property 'div' does not exist on type 'JSX.IntrinsicElements'.
src/lms/components/ClassandCoursesmanager.tsx(1127,11): error TS2339: Property 'div' does not exist on type 'JSX.IntrinsicElements'.
src/lms/components/ClassandCoursesmanager.tsx(1128,13): error TS2339: Property 'p' does not exist on type 'JSX.IntrinsicElements'.
src/lms/components/ClassandCoursesmanager.tsx(1128,107): error TS2339: Property 'p' does not exist on type 'JSX.IntrinsicElements'.
src/lms/components/ClassandCoursesmanager.tsx(1129,13): error TS2339: Property 'input' does not exist on type 'JSX.IntrinsicElements'.
src/lms/components/ClassandCoursesmanager.tsx(1136,11): error TS2339: Property 'div' does not exist on type 'JSX.IntrinsicElements'.
src/lms/components/ClassandCoursesmanager.tsx(1139,13): error TS2339: Property 'div' does not exist on type 'JSX.IntrinsicElements'.
src/lms/components/ClassandCoursesmanager.tsx(1141,13): error TS2339: Property 'div' does not exist on type 'JSX.IntrinsicElements'.
src/lms/components/ClassandCoursesmanager.tsx(1143,11): error TS2339: Property 'div' does not exist on type 'JSX.IntrinsicElements'.
src/lms/components/ClassandCoursesmanager.tsx(1145,15): error TS2339: Property 'div' does not exist on type 'JSX.IntrinsicElements'.
src/lms/components/ClassandCoursesmanager.tsx(1152,17): error TS2339: Property 'div' does not exist on type 'JSX.IntrinsicElements'.
src/lms/components/ClassandCoursesmanager.tsx(1154,21): error TS2339: Property 'img' does not exist on type 'JSX.IntrinsicElements'.
src/lms/components/ClassandCoursesmanager.tsx(1156,21): error TS2339: Property 'div' does not exist on type 'JSX.IntrinsicElements'.
src/lms/components/ClassandCoursesmanager.tsx(1158,21): error TS2339: Property 'div' does not exist on type 'JSX.IntrinsicElements'.
src/lms/components/ClassandCoursesmanager.tsx(1160,17): error TS2339: Property 'div' does not exist on type 'JSX.IntrinsicElements'.
src/lms/components/ClassandCoursesmanager.tsx(1162,17): error TS2339: Property 'div' does not exist on type 'JSX.IntrinsicElements'.
src/lms/components/ClassandCoursesmanager.tsx(1163,19): error TS2339: Property 'p' does not exist on type 'JSX.IntrinsicElements'.
src/lms/components/ClassandCoursesmanager.tsx(1163,78): error TS2339: Property 'p' does not exist on type 'JSX.IntrinsicElements'.
src/lms/components/ClassandCoursesmanager.tsx(1164,19): error TS2339: Property 'p' does not exist on type 'JSX.IntrinsicElements'.
src/lms/components/ClassandCoursesmanager.tsx(1164,136): error TS2339: Property 'p' does not exist on type 'JSX.IntrinsicElements'.
src/lms/components/ClassandCoursesmanager.tsx(1165,19): error TS2339: Property 'p' does not exist on type 'JSX.IntrinsicElements'.
src/lms/components/ClassandCoursesmanager.tsx(1165,137): error TS2339: Property 'p' does not exist on type 'JSX.IntrinsicElements'.
src/lms/components/ClassandCoursesmanager.tsx(1166,17): error TS2339: Property 'div' does not exist on type 'JSX.IntrinsicElements'.
src/lms/components/ClassandCoursesmanager.tsx(1167,15): error TS2339: Property 'div' does not exist on type 'JSX.IntrinsicElements'.
src/lms/components/ClassandCoursesmanager.tsx(1169,11): error TS2339: Property 'div' does not exist on type 'JSX.IntrinsicElements'.
src/lms/components/ClassandCoursesmanager.tsx(1171,9): error TS2339: Property 'div' does not exist on type 'JSX.IntrinsicElements'.
src/lms/components/ClassandCoursesmanager.tsx(1178,9): error TS2339: Property 'div' does not exist on type 'JSX.IntrinsicElements'.
src/lms/components/ClassandCoursesmanager.tsx(1179,11): error TS2339: Property 'div' does not exist on type 'JSX.IntrinsicElements'.
src/lms/components/ClassandCoursesmanager.tsx(1180,13): error TS2339: Property 'div' does not exist on type 'JSX.IntrinsicElements'.
src/lms/components/ClassandCoursesmanager.tsx(1181,15): error TS2339: Property 'button' does not exist on type 'JSX.IntrinsicElements'.
src/lms/components/ClassandCoursesmanager.tsx(1186,17): error TS2339: Property 'i' does not exist on type 'JSX.IntrinsicElements'.
src/lms/components/ClassandCoursesmanager.tsx(1186,50): error TS2339: Property 'i' does not exist on type 'JSX.IntrinsicElements'.
src/lms/components/ClassandCoursesmanager.tsx(1187,15): error TS2339: Property 'button' does not exist on type 'JSX.IntrinsicElements'.
src/lms/components/ClassandCoursesmanager.tsx(1188,15): error TS2339: Property 'div' does not exist on type 'JSX.IntrinsicElements'.
src/lms/components/ClassandCoursesmanager.tsx(1189,17): error TS2339: Property 'h3' does not exist on type 'JSX.IntrinsicElements'.
src/lms/components/ClassandCoursesmanager.tsx(1189,101): error TS2339: Property 'h3' does not exist on type 'JSX.IntrinsicElements'.
src/lms/components/ClassandCoursesmanager.tsx(1190,17): error TS2339: Property 'p' does not exist on type 'JSX.IntrinsicElements'.
src/lms/components/ClassandCoursesmanager.tsx(1190,142): error TS2339: Property 'p' does not exist on type 'JSX.IntrinsicElements'.
src/lms/components/ClassandCoursesmanager.tsx(1191,15): error TS2339: Property 'div' does not exist on type 'JSX.IntrinsicElements'.
src/lms/components/ClassandCoursesmanager.tsx(1192,13): error TS2339: Property 'div' does not exist on type 'JSX.IntrinsicElements'.
src/lms/components/ClassandCoursesmanager.tsx(1194,15): error TS2339: Property 'button' does not exist on type 'JSX.IntrinsicElements'.
src/lms/components/ClassandCoursesmanager.tsx(1201,15): error TS2339: Property 'button' does not exist on type 'JSX.IntrinsicElements'.
src/lms/components/ClassandCoursesmanager.tsx(1203,11): error TS2339: Property 'div' does not exist on type 'JSX.IntrinsicElements'.
src/lms/components/ClassandCoursesmanager.tsx(1205,11): error TS2339: Property 'div' does not exist on type 'JSX.IntrinsicElements'.
src/lms/components/ClassandCoursesmanager.tsx(1206,13): error TS2339: Property 'p' does not exist on type 'JSX.IntrinsicElements'.
src/lms/components/ClassandCoursesmanager.tsx(1206,99): error TS2339: Property 'p' does not exist on type 'JSX.IntrinsicElements'.
src/lms/components/ClassandCoursesmanager.tsx(1207,13): error TS2339: Property 'span' does not exist on type 'JSX.IntrinsicElements'.
src/lms/components/ClassandCoursesmanager.tsx(1207,130): error TS2339: Property 'span' does not exist on type 'JSX.IntrinsicElements'.
src/lms/components/ClassandCoursesmanager.tsx(1208,11): error TS2339: Property 'div' does not exist on type 'JSX.IntrinsicElements'.
src/lms/components/ClassandCoursesmanager.tsx(1211,13): error TS2339: Property 'div' does not exist on type 'JSX.IntrinsicElements'.
src/lms/components/ClassandCoursesmanager.tsx(1212,15): error TS2339: Property 'p' does not exist on type 'JSX.IntrinsicElements'.
src/lms/components/ClassandCoursesmanager.tsx(1212,60): error TS2339: Property 'p' does not exist on type 'JSX.IntrinsicElements'.
src/lms/components/ClassandCoursesmanager.tsx(1213,15): error TS2339: Property 'p' does not exist on type 'JSX.IntrinsicElements'.
src/lms/components/ClassandCoursesmanager.tsx(1213,66): error TS2339: Property 'p' does not exist on type 'JSX.IntrinsicElements'.
src/lms/components/ClassandCoursesmanager.tsx(1214,15): error TS2339: Property 'p' does not exist on type 'JSX.IntrinsicElements'.
src/lms/components/ClassandCoursesmanager.tsx(1214,116): error TS2339: Property 'p' does not exist on type 'JSX.IntrinsicElements'.
src/lms/components/ClassandCoursesmanager.tsx(1215,41): error TS2339: Property 'p' does not exist on type 'JSX.IntrinsicElements'.
src/lms/components/ClassandCoursesmanager.tsx(1215,106): error TS2339: Property 'p' does not exist on type 'JSX.IntrinsicElements'.
src/lms/components/ClassandCoursesmanager.tsx(1216,13): error TS2339: Property 'div' does not exist on type 'JSX.IntrinsicElements'.
src/lms/components/ClassandCoursesmanager.tsx(1219,11): error TS2339: Property 'div' does not exist on type 'JSX.IntrinsicElements'.
src/lms/components/ClassandCoursesmanager.tsx(1222,15): error TS2339: Property 'div' does not exist on type 'JSX.IntrinsicElements'.
src/lms/components/ClassandCoursesmanager.tsx(1224,15): error TS2339: Property 'div' does not exist on type 'JSX.IntrinsicElements'.
src/lms/components/ClassandCoursesmanager.tsx(1228,15): error TS2339: Property 'div' does not exist on type 'JSX.IntrinsicElements'.
src/lms/components/ClassandCoursesmanager.tsx(1233,17): error TS2339: Property 'button' does not exist on type 'JSX.IntrinsicElements'.
src/lms/components/ClassandCoursesmanager.tsx(1243,21): error TS2339: Property 'div' does not exist on type 'JSX.IntrinsicElements'.
src/lms/components/ClassandCoursesmanager.tsx(1244,23): error TS2339: Property 'img' does not exist on type 'JSX.IntrinsicElements'.
src/lms/components/ClassandCoursesmanager.tsx(1245,21): error TS2339: Property 'div' does not exist on type 'JSX.IntrinsicElements'.
src/lms/components/ClassandCoursesmanager.tsx(1247,19): error TS2339: Property 'p' does not exist on type 'JSX.IntrinsicElements'.
src/lms/components/ClassandCoursesmanager.tsx(1247,104): error TS2339: Property 'p' does not exist on type 'JSX.IntrinsicElements'.
src/lms/components/ClassandCoursesmanager.tsx(1248,19): error TS2339: Property 'p' does not exist on type 'JSX.IntrinsicElements'.
src/lms/components/ClassandCoursesmanager.tsx(1248,99): error TS2339: Property 'p' does not exist on type 'JSX.IntrinsicElements'.
src/lms/components/ClassandCoursesmanager.tsx(1249,17): error TS2339: Property 'button' does not exist on type 'JSX.IntrinsicElements'.
src/lms/components/ClassandCoursesmanager.tsx(1250,15): error TS2339: Property 'div' does not exist on type 'JSX.IntrinsicElements'.
src/lms/components/ClassandCoursesmanager.tsx(1252,11): error TS2339: Property 'div' does not exist on type 'JSX.IntrinsicElements'.
src/lms/components/ClassandCoursesmanager.tsx(1253,9): error TS2339: Property 'div' does not exist on type 'JSX.IntrinsicElements'.
src/lms/components/ClassandCoursesmanager.tsx(1258,7): error TS2339: Property 'section' does not exist on type 'JSX.IntrinsicElements'.
src/lms/components/ClassandCoursesmanager.tsx(1259,9): error TS2339: Property 'div' does not exist on type 'JSX.IntrinsicElements'.
src/lms/components/ClassandCoursesmanager.tsx(1260,11): error TS2339: Property 'div' does not exist on type 'JSX.IntrinsicElements'.
src/lms/components/ClassandCoursesmanager.tsx(1261,13): error TS2339: Property 'button' does not exist on type 'JSX.IntrinsicElements'.
src/lms/components/ClassandCoursesmanager.tsx(1266,15): error TS2339: Property 'i' does not exist on type 'JSX.IntrinsicElements'.
src/lms/components/ClassandCoursesmanager.tsx(1266,48): error TS2339: Property 'i' does not exist on type 'JSX.IntrinsicElements'.
src/lms/components/ClassandCoursesmanager.tsx(1267,13): error TS2339: Property 'button' does not exist on type 'JSX.IntrinsicElements'.
src/lms/components/ClassandCoursesmanager.tsx(1268,13): error TS2339: Property 'div' does not exist on type 'JSX.IntrinsicElements'.
src/lms/components/ClassandCoursesmanager.tsx(1269,15): error TS2339: Property 'h2' does not exist on type 'JSX.IntrinsicElements'.
src/lms/components/ClassandCoursesmanager.tsx(1269,130): error TS2339: Property 'h2' does not exist on type 'JSX.IntrinsicElements'.
src/lms/components/ClassandCoursesmanager.tsx(1270,15): error TS2339: Property 'p' does not exist on type 'JSX.IntrinsicElements'.
src/lms/components/ClassandCoursesmanager.tsx(1270,122): error TS2339: Property 'p' does not exist on type 'JSX.IntrinsicElements'.
src/lms/components/ClassandCoursesmanager.tsx(1271,13): error TS2339: Property 'div' does not exist on type 'JSX.IntrinsicElements'.
src/lms/components/ClassandCoursesmanager.tsx(1272,11): error TS2339: Property 'div' does not exist on type 'JSX.IntrinsicElements'.
src/lms/components/ClassandCoursesmanager.tsx(1275,13): error TS2339: Property 'div' does not exist on type 'JSX.IntrinsicElements'.
src/lms/components/ClassandCoursesmanager.tsx(1276,15): error TS2339: Property 'div' does not exist on type 'JSX.IntrinsicElements'.
src/lms/components/ClassandCoursesmanager.tsx(1277,17): error TS2339: Property 'button' does not exist on type 'JSX.IntrinsicElements'.
src/lms/components/ClassandCoursesmanager.tsx(1288,19): error TS2339: Property 'i' does not exist on type 'JSX.IntrinsicElements'.
src/lms/components/ClassandCoursesmanager.tsx(1288,69): error TS2339: Property 'i' does not exist on type 'JSX.IntrinsicElements'.
src/lms/components/ClassandCoursesmanager.tsx(1289,19): error TS2339: Property 'span' does not exist on type 'JSX.IntrinsicElements'.
src/lms/components/ClassandCoursesmanager.tsx(1289,47): error TS2339: Property 'span' does not exist on type 'JSX.IntrinsicElements'.
src/lms/components/ClassandCoursesmanager.tsx(1290,19): error TS2339: Property 'input' does not exist on type 'JSX.IntrinsicElements'.
src/lms/components/ClassandCoursesmanager.tsx(1297,17): error TS2339: Property 'button' does not exist on type 'JSX.IntrinsicElements'.
src/lms/components/ClassandCoursesmanager.tsx(1299,17): error TS2339: Property 'div' does not exist on type 'JSX.IntrinsicElements'.
src/lms/components/ClassandCoursesmanager.tsx(1300,19): error TS2339: Property 'input' does not exist on type 'JSX.IntrinsicElements'.
src/lms/components/ClassandCoursesmanager.tsx(1306,19): error TS2339: Property 'button' does not exist on type 'JSX.IntrinsicElements'.
src/lms/components/ClassandCoursesmanager.tsx(1313,19): error TS2339: Property 'button' does not exist on type 'JSX.IntrinsicElements'.
src/lms/components/ClassandCoursesmanager.tsx(1314,17): error TS2339: Property 'div' does not exist on type 'JSX.IntrinsicElements'.
src/lms/components/ClassandCoursesmanager.tsx(1315,15): error TS2339: Property 'div' does not exist on type 'JSX.IntrinsicElements'.
src/lms/components/ClassandCoursesmanager.tsx(1316,15): error TS2339: Property 'button' does not exist on type 'JSX.IntrinsicElements'.
src/lms/components/ClassandCoursesmanager.tsx(1323,15): error TS2339: Property 'button' does not exist on type 'JSX.IntrinsicElements'.
src/lms/components/ClassandCoursesmanager.tsx(1324,13): error TS2339: Property 'div' does not exist on type 'JSX.IntrinsicElements'.
src/lms/components/ClassandCoursesmanager.tsx(1326,9): error TS2339: Property 'div' does not exist on type 'JSX.IntrinsicElements'.
src/lms/components/ClassandCoursesmanager.tsx(1329,11): error TS2339: Property 'div' does not exist on type 'JSX.IntrinsicElements'.
src/lms/components/ClassandCoursesmanager.tsx(1330,13): error TS2339: Property 'div' does not exist on type 'JSX.IntrinsicElements'.
src/lms/components/ClassandCoursesmanager.tsx(1331,15): error TS2339: Property 'h3' does not exist on type 'JSX.IntrinsicElements'.
src/lms/components/ClassandCoursesmanager.tsx(1331,107): error TS2339: Property 'h3' does not exist on type 'JSX.IntrinsicElements'.
src/lms/components/ClassandCoursesmanager.tsx(1332,15): error TS2339: Property 'span' does not exist on type 'JSX.IntrinsicElements'.
src/lms/components/ClassandCoursesmanager.tsx(1332,104): error TS2339: Property 'span' does not exist on type 'JSX.IntrinsicElements'.
src/lms/components/ClassandCoursesmanager.tsx(1333,13): error TS2339: Property 'div' does not exist on type 'JSX.IntrinsicElements'.
src/lms/components/ClassandCoursesmanager.tsx(1336,15): error TS2339: Property 'p' does not exist on type 'JSX.IntrinsicElements'.
src/lms/components/ClassandCoursesmanager.tsx(1336,103): error TS2339: Property 'p' does not exist on type 'JSX.IntrinsicElements'.
src/lms/components/ClassandCoursesmanager.tsx(1338,15): error TS2339: Property 'ul' does not exist on type 'JSX.IntrinsicElements'.
src/lms/components/ClassandCoursesmanager.tsx(1342,21): error TS2339: Property 'li' does not exist on type 'JSX.IntrinsicElements'.
src/lms/components/ClassandCoursesmanager.tsx(1343,23): error TS2339: Property 'div' does not exist on type 'JSX.IntrinsicElements'.
src/lms/components/ClassandCoursesmanager.tsx(1344,25): error TS2339: Property 'p' does not exist on type 'JSX.IntrinsicElements'.
src/lms/components/ClassandCoursesmanager.tsx(1344,79): error TS2339: Property 'p' does not exist on type 'JSX.IntrinsicElements'.
src/lms/components/ClassandCoursesmanager.tsx(1345,25): error TS2339: Property 'p' does not exist on type 'JSX.IntrinsicElements'.
src/lms/components/ClassandCoursesmanager.tsx(1345,75): error TS2339: Property 'p' does not exist on type 'JSX.IntrinsicElements'.
src/lms/components/ClassandCoursesmanager.tsx(1346,23): error TS2339: Property 'div' does not exist on type 'JSX.IntrinsicElements'.
src/lms/components/ClassandCoursesmanager.tsx(1348,23): error TS2339: Property 'div' does not exist on type 'JSX.IntrinsicElements'.
src/lms/components/ClassandCoursesmanager.tsx(1349,25): error TS2339: Property 'span' does not exist on type 'JSX.IntrinsicElements'.
src/lms/components/ClassandCoursesmanager.tsx(1349,105): error TS2339: Property 'span' does not exist on type 'JSX.IntrinsicElements'.
src/lms/components/ClassandCoursesmanager.tsx(1353,29): error TS2339: Property 'button' does not exist on type 'JSX.IntrinsicElements'.
src/lms/components/ClassandCoursesmanager.tsx(1361,29): error TS2339: Property 'button' does not exist on type 'JSX.IntrinsicElements'.
src/lms/components/ClassandCoursesmanager.tsx(1364,23): error TS2339: Property 'div' does not exist on type 'JSX.IntrinsicElements'.
src/lms/components/ClassandCoursesmanager.tsx(1365,21): error TS2339: Property 'li' does not exist on type 'JSX.IntrinsicElements'.
src/lms/components/ClassandCoursesmanager.tsx(1368,15): error TS2339: Property 'ul' does not exist on type 'JSX.IntrinsicElements'.
src/lms/components/ClassandCoursesmanager.tsx(1370,11): error TS2339: Property 'div' does not exist on type 'JSX.IntrinsicElements'.
src/lms/components/ClassandCoursesmanager.tsx(1373,9): error TS2339: Property 'div' does not exist on type 'JSX.IntrinsicElements'.
src/lms/components/ClassandCoursesmanager.tsx(1374,11): error TS2339: Property 'p' does not exist on type 'JSX.IntrinsicElements'.
src/lms/components/ClassandCoursesmanager.tsx(1374,120): error TS2339: Property 'p' does not exist on type 'JSX.IntrinsicElements'.
src/lms/components/ClassandCoursesmanager.tsx(1375,11): error TS2339: Property 'div' does not exist on type 'JSX.IntrinsicElements'.
src/lms/components/ClassandCoursesmanager.tsx(1376,13): error TS2339: Property 'div' does not exist on type 'JSX.IntrinsicElements'.
src/lms/components/ClassandCoursesmanager.tsx(1377,15): error TS2339: Property 'p' does not exist on type 'JSX.IntrinsicElements'.
src/lms/components/ClassandCoursesmanager.tsx(1377,118): error TS2339: Property 'p' does not exist on type 'JSX.IntrinsicElements'.
src/lms/components/ClassandCoursesmanager.tsx(1378,15): error TS2339: Property 'p' does not exist on type 'JSX.IntrinsicElements'.
src/lms/components/ClassandCoursesmanager.tsx(1378,117): error TS2339: Property 'p' does not exist on type 'JSX.IntrinsicElements'.
src/lms/components/ClassandCoursesmanager.tsx(1379,13): error TS2339: Property 'div' does not exist on type 'JSX.IntrinsicElements'.
src/lms/components/ClassandCoursesmanager.tsx(1380,13): error TS2339: Property 'span' does not exist on type 'JSX.IntrinsicElements'.
src/lms/components/ClassandCoursesmanager.tsx(1380,150): error TS2339: Property 'span' does not exist on type 'JSX.IntrinsicElements'.
src/lms/components/ClassandCoursesmanager.tsx(1381,11): error TS2339: Property 'div' does not exist on type 'JSX.IntrinsicElements'.
src/lms/components/ClassandCoursesmanager.tsx(1382,9): error TS2339: Property 'div' does not exist on type 'JSX.IntrinsicElements'.
src/lms/components/ClassandCoursesmanager.tsx(1384,9): error TS2339: Property 'div' does not exist on type 'JSX.IntrinsicElements'.
src/lms/components/ClassandCoursesmanager.tsx(1385,11): error TS2339: Property 'p' does not exist on type 'JSX.IntrinsicElements'.
src/lms/components/ClassandCoursesmanager.tsx(1385,119): error TS2339: Property 'p' does not exist on type 'JSX.IntrinsicElements'.
src/lms/components/ClassandCoursesmanager.tsx(1387,13): error TS2339: Property 'p' does not exist on type 'JSX.IntrinsicElements'.
src/lms/components/ClassandCoursesmanager.tsx(1387,71): error TS2339: Property 'p' does not exist on type 'JSX.IntrinsicElements'.
src/lms/components/ClassandCoursesmanager.tsx(1389,13): error TS2339: Property 'p' does not exist on type 'JSX.IntrinsicElements'.
src/lms/components/ClassandCoursesmanager.tsx(1389,93): error TS2339: Property 'p' does not exist on type 'JSX.IntrinsicElements'.
src/lms/components/ClassandCoursesmanager.tsx(1391,13): error TS2339: Property 'div' does not exist on type 'JSX.IntrinsicElements'.
src/lms/components/ClassandCoursesmanager.tsx(1396,19): error TS2339: Property 'div' does not exist on type 'JSX.IntrinsicElements'.
src/lms/components/ClassandCoursesmanager.tsx(1397,21): error TS2339: Property 'div' does not exist on type 'JSX.IntrinsicElements'.
src/lms/components/ClassandCoursesmanager.tsx(1398,23): error TS2339: Property 'div' does not exist on type 'JSX.IntrinsicElements'.
src/lms/components/ClassandCoursesmanager.tsx(1402,25): error TS2339: Property 'i' does not exist on type 'JSX.IntrinsicElements'.
src/lms/components/ClassandCoursesmanager.tsx(1402,132): error TS2339: Property 'i' does not exist on type 'JSX.IntrinsicElements'.
src/lms/components/ClassandCoursesmanager.tsx(1403,25): error TS2339: Property 'i' does not exist on type 'JSX.IntrinsicElements'.
src/lms/components/ClassandCoursesmanager.tsx(1403,78): error TS2339: Property 'i' does not exist on type 'JSX.IntrinsicElements'.
src/lms/components/ClassandCoursesmanager.tsx(1404,25): error TS2339: Property 'span' does not exist on type 'JSX.IntrinsicElements'.
src/lms/components/ClassandCoursesmanager.tsx(1404,110): error TS2339: Property 'span' does not exist on type 'JSX.IntrinsicElements'.
src/lms/components/ClassandCoursesmanager.tsx(1405,25): error TS2339: Property 'span' does not exist on type 'JSX.IntrinsicElements'.
src/lms/components/ClassandCoursesmanager.tsx(1405,96): error TS2339: Property 'span' does not exist on type 'JSX.IntrinsicElements'.
src/lms/components/ClassandCoursesmanager.tsx(1406,23): error TS2339: Property 'div' does not exist on type 'JSX.IntrinsicElements'.
src/lms/components/ClassandCoursesmanager.tsx(1407,23): error TS2339: Property 'div' does not exist on type 'JSX.IntrinsicElements'.
src/lms/components/ClassandCoursesmanager.tsx(1408,25): error TS2339: Property 'button' does not exist on type 'JSX.IntrinsicElements'.
src/lms/components/ClassandCoursesmanager.tsx(1410,25): error TS2339: Property 'button' does not exist on type 'JSX.IntrinsicElements'.
src/lms/components/ClassandCoursesmanager.tsx(1411,25): error TS2339: Property 'button' does not exist on type 'JSX.IntrinsicElements'.
src/lms/components/ClassandCoursesmanager.tsx(1413,25): error TS2339: Property 'button' does not exist on type 'JSX.IntrinsicElements'.
src/lms/components/ClassandCoursesmanager.tsx(1414,23): error TS2339: Property 'div' does not exist on type 'JSX.IntrinsicElements'.
src/lms/components/ClassandCoursesmanager.tsx(1415,21): error TS2339: Property 'div' does not exist on type 'JSX.IntrinsicElements'.
src/lms/components/ClassandCoursesmanager.tsx(1417,23): error TS2339: Property 'div' does not exist on type 'JSX.IntrinsicElements'.
src/lms/components/ClassandCoursesmanager.tsx(1419,27): error TS2339: Property 'div' does not exist on type 'JSX.IntrinsicElements'.
src/lms/components/ClassandCoursesmanager.tsx(1419,116): error TS2339: Property 'div' does not exist on type 'JSX.IntrinsicElements'.
src/lms/components/ClassandCoursesmanager.tsx(1422,29): error TS2339: Property 'div' does not exist on type 'JSX.IntrinsicElements'.
src/lms/components/ClassandCoursesmanager.tsx(1427,31): error TS2339: Property 'div' does not exist on type 'JSX.IntrinsicElements'.
src/lms/components/ClassandCoursesmanager.tsx(1428,33): error TS2339: Property 'i' does not exist on type 'JSX.IntrinsicElements'.
src/lms/components/ClassandCoursesmanager.tsx(1428,140): error TS2339: Property 'i' does not exist on type 'JSX.IntrinsicElements'.
src/lms/components/ClassandCoursesmanager.tsx(1429,33): error TS2339: Property 'span' does not exist on type 'JSX.IntrinsicElements'.
src/lms/components/ClassandCoursesmanager.tsx(1429,127): error TS2339: Property 'span' does not exist on type 'JSX.IntrinsicElements'.
src/lms/components/ClassandCoursesmanager.tsx(1430,31): error TS2339: Property 'div' does not exist on type 'JSX.IntrinsicElements'.
src/lms/components/ClassandCoursesmanager.tsx(1431,31): error TS2339: Property 'span' does not exist on type 'JSX.IntrinsicElements'.
src/lms/components/ClassandCoursesmanager.tsx(1431,144): error TS2339: Property 'span' does not exist on type 'JSX.IntrinsicElements'.
src/lms/components/ClassandCoursesmanager.tsx(1432,29): error TS2339: Property 'div' does not exist on type 'JSX.IntrinsicElements'.
src/lms/components/ClassandCoursesmanager.tsx(1435,23): error TS2339: Property 'div' does not exist on type 'JSX.IntrinsicElements'.
src/lms/components/ClassandCoursesmanager.tsx(1437,19): error TS2339: Property 'div' does not exist on type 'JSX.IntrinsicElements'.
src/lms/components/ClassandCoursesmanager.tsx(1442,17): error TS2339: Property 'div' does not exist on type 'JSX.IntrinsicElements'.
src/lms/components/ClassandCoursesmanager.tsx(1443,20): error TS2339: Property 'div' does not exist on type 'JSX.IntrinsicElements'.
src/lms/components/ClassandCoursesmanager.tsx(1444,22): error TS2339: Property 'span' does not exist on type 'JSX.IntrinsicElements'.
src/lms/components/ClassandCoursesmanager.tsx(1444,119): error TS2339: Property 'span' does not exist on type 'JSX.IntrinsicElements'.
src/lms/components/ClassandCoursesmanager.tsx(1445,20): error TS2339: Property 'div' does not exist on type 'JSX.IntrinsicElements'.
src/lms/components/ClassandCoursesmanager.tsx(1446,20): error TS2339: Property 'div' does not exist on type 'JSX.IntrinsicElements'.
src/lms/components/ClassandCoursesmanager.tsx(1448,24): error TS2339: Property 'div' does not exist on type 'JSX.IntrinsicElements'.
src/lms/components/ClassandCoursesmanager.tsx(1453,26): error TS2339: Property 'div' does not exist on type 'JSX.IntrinsicElements'.
src/lms/components/ClassandCoursesmanager.tsx(1454,28): error TS2339: Property 'i' does not exist on type 'JSX.IntrinsicElements'.
src/lms/components/ClassandCoursesmanager.tsx(1454,93): error TS2339: Property 'i' does not exist on type 'JSX.IntrinsicElements'.
src/lms/components/ClassandCoursesmanager.tsx(1455,28): error TS2339: Property 'i' does not exist on type 'JSX.IntrinsicElements'.
src/lms/components/ClassandCoursesmanager.tsx(1455,101): error TS2339: Property 'i' does not exist on type 'JSX.IntrinsicElements'.
src/lms/components/ClassandCoursesmanager.tsx(1456,28): error TS2339: Property 'span' does not exist on type 'JSX.IntrinsicElements'.
src/lms/components/ClassandCoursesmanager.tsx(1456,121): error TS2339: Property 'span' does not exist on type 'JSX.IntrinsicElements'.
src/lms/components/ClassandCoursesmanager.tsx(1457,26): error TS2339: Property 'div' does not exist on type 'JSX.IntrinsicElements'.
src/lms/components/ClassandCoursesmanager.tsx(1458,26): error TS2339: Property 'span' does not exist on type 'JSX.IntrinsicElements'.
src/lms/components/ClassandCoursesmanager.tsx(1458,139): error TS2339: Property 'span' does not exist on type 'JSX.IntrinsicElements'.
src/lms/components/ClassandCoursesmanager.tsx(1459,24): error TS2339: Property 'div' does not exist on type 'JSX.IntrinsicElements'.
src/lms/components/ClassandCoursesmanager.tsx(1461,20): error TS2339: Property 'div' does not exist on type 'JSX.IntrinsicElements'.
src/lms/components/ClassandCoursesmanager.tsx(1462,17): error TS2339: Property 'div' does not exist on type 'JSX.IntrinsicElements'.
src/lms/components/ClassandCoursesmanager.tsx(1464,13): error TS2339: Property 'div' does not exist on type 'JSX.IntrinsicElements'.
src/lms/components/ClassandCoursesmanager.tsx(1466,9): error TS2339: Property 'div' does not exist on type 'JSX.IntrinsicElements'.
src/lms/components/ClassandCoursesmanager.tsx(1467,7): error TS2339: Property 'section' does not exist on type 'JSX.IntrinsicElements'.
src/lms/components/ClassandCoursesmanager.tsx(1471,9): error TS2339: Property 'div' does not exist on type 'JSX.IntrinsicElements'.
src/lms/components/ClassandCoursesmanager.tsx(1472,11): error TS2339: Property 'div' does not exist on type 'JSX.IntrinsicElements'.
src/lms/components/ClassandCoursesmanager.tsx(1473,13): error TS2339: Property 'div' does not exist on type 'JSX.IntrinsicElements'.
src/lms/components/ClassandCoursesmanager.tsx(1474,15): error TS2339: Property 'h3' does not exist on type 'JSX.IntrinsicElements'.
src/lms/components/ClassandCoursesmanager.tsx(1474,78): error TS2339: Property 'h3' does not exist on type 'JSX.IntrinsicElements'.
src/lms/components/ClassandCoursesmanager.tsx(1475,15): error TS2339: Property 'button' does not exist on type 'JSX.IntrinsicElements'.
src/lms/components/ClassandCoursesmanager.tsx(1485,17): error TS2339: Property 'i' does not exist on type 'JSX.IntrinsicElements'.
src/lms/components/ClassandCoursesmanager.tsx(1485,45): error TS2339: Property 'i' does not exist on type 'JSX.IntrinsicElements'.
src/lms/components/ClassandCoursesmanager.tsx(1486,15): error TS2339: Property 'button' does not exist on type 'JSX.IntrinsicElements'.
src/lms/components/ClassandCoursesmanager.tsx(1487,13): error TS2339: Property 'div' does not exist on type 'JSX.IntrinsicElements'.
src/lms/components/ClassandCoursesmanager.tsx(1489,13): error TS2339: Property 'div' does not exist on type 'JSX.IntrinsicElements'.
src/lms/components/ClassandCoursesmanager.tsx(1490,15): error TS2339: Property 'label' does not exist on type 'JSX.IntrinsicElements'.
src/lms/components/ClassandCoursesmanager.tsx(1490,109): error TS2339: Property 'label' does not exist on type 'JSX.IntrinsicElements'.
src/lms/components/ClassandCoursesmanager.tsx(1491,15): error TS2339: Property 'input' does not exist on type 'JSX.IntrinsicElements'.
src/lms/components/ClassandCoursesmanager.tsx(1501,34): error TS2339: Property 'p' does not exist on type 'JSX.IntrinsicElements'.
src/lms/components/ClassandCoursesmanager.tsx(1501,97): error TS2339: Property 'p' does not exist on type 'JSX.IntrinsicElements'.
src/lms/components/ClassandCoursesmanager.tsx(1502,13): error TS2339: Property 'div' does not exist on type 'JSX.IntrinsicElements'.
src/lms/components/ClassandCoursesmanager.tsx(1504,13): error TS2339: Property 'div' does not exist on type 'JSX.IntrinsicElements'.
src/lms/components/ClassandCoursesmanager.tsx(1505,15): error TS2339: Property 'label' does not exist on type 'JSX.IntrinsicElements'.
src/lms/components/ClassandCoursesmanager.tsx(1505,118): error TS2339: Property 'label' does not exist on type 'JSX.IntrinsicElements'.
src/lms/components/ClassandCoursesmanager.tsx(1506,15): error TS2339: Property 'div' does not exist on type 'JSX.IntrinsicElements'.
src/lms/components/ClassandCoursesmanager.tsx(1507,17): error TS2339: Property 'button' does not exist on type 'JSX.IntrinsicElements'.
src/lms/components/ClassandCoursesmanager.tsx(1513,17): error TS2339: Property 'button' does not exist on type 'JSX.IntrinsicElements'.
src/lms/components/ClassandCoursesmanager.tsx(1514,17): error TS2339: Property 'input' does not exist on type 'JSX.IntrinsicElements'.
src/lms/components/ClassandCoursesmanager.tsx(1524,19): error TS2339: Property 'p' does not exist on type 'JSX.IntrinsicElements'.
src/lms/components/ClassandCoursesmanager.tsx(1524,106): error TS2339: Property 'p' does not exist on type 'JSX.IntrinsicElements'.
src/lms/components/ClassandCoursesmanager.tsx(1526,15): error TS2339: Property 'div' does not exist on type 'JSX.IntrinsicElements'.
src/lms/components/ClassandCoursesmanager.tsx(1527,13): error TS2339: Property 'div' does not exist on type 'JSX.IntrinsicElements'.
src/lms/components/ClassandCoursesmanager.tsx(1529,13): error TS2339: Property 'div' does not exist on type 'JSX.IntrinsicElements'.
src/lms/components/ClassandCoursesmanager.tsx(1530,15): error TS2339: Property 'button' does not exist on type 'JSX.IntrinsicElements'.
src/lms/components/ClassandCoursesmanager.tsx(1541,15): error TS2339: Property 'button' does not exist on type 'JSX.IntrinsicElements'.
src/lms/components/ClassandCoursesmanager.tsx(1542,15): error TS2339: Property 'button' does not exist on type 'JSX.IntrinsicElements'.
src/lms/components/ClassandCoursesmanager.tsx(1548,15): error TS2339: Property 'button' does not exist on type 'JSX.IntrinsicElements'.
src/lms/components/ClassandCoursesmanager.tsx(1549,13): error TS2339: Property 'div' does not exist on type 'JSX.IntrinsicElements'.
src/lms/components/ClassandCoursesmanager.tsx(1550,11): error TS2339: Property 'div' does not exist on type 'JSX.IntrinsicElements'.
src/lms/components/ClassandCoursesmanager.tsx(1551,9): error TS2339: Property 'div' does not exist on type 'JSX.IntrinsicElements'.
src/lms/components/ClassandCoursesmanager.tsx(1555,9): error TS2339: Property 'div' does not exist on type 'JSX.IntrinsicElements'.
src/lms/components/ClassandCoursesmanager.tsx(1556,11): error TS2339: Property 'div' does not exist on type 'JSX.IntrinsicElements'.
src/lms/components/ClassandCoursesmanager.tsx(1557,13): error TS2339: Property 'div' does not exist on type 'JSX.IntrinsicElements'.
src/lms/components/ClassandCoursesmanager.tsx(1558,15): error TS2339: Property 'h3' does not exist on type 'JSX.IntrinsicElements'.
src/lms/components/ClassandCoursesmanager.tsx(1558,76): error TS2339: Property 'h3' does not exist on type 'JSX.IntrinsicElements'.
src/lms/components/ClassandCoursesmanager.tsx(1559,15): error TS2339: Property 'button' does not exist on type 'JSX.IntrinsicElements'.
src/lms/components/ClassandCoursesmanager.tsx(1560,17): error TS2339: Property 'i' does not exist on type 'JSX.IntrinsicElements'.
src/lms/components/ClassandCoursesmanager.tsx(1560,45): error TS2339: Property 'i' does not exist on type 'JSX.IntrinsicElements'.
src/lms/components/ClassandCoursesmanager.tsx(1561,15): error TS2339: Property 'button' does not exist on type 'JSX.IntrinsicElements'.
src/lms/components/ClassandCoursesmanager.tsx(1562,13): error TS2339: Property 'div' does not exist on type 'JSX.IntrinsicElements'.
src/lms/components/ClassandCoursesmanager.tsx(1564,13): error TS2339: Property 'div' does not exist on type 'JSX.IntrinsicElements'.
src/lms/components/ClassandCoursesmanager.tsx(1565,15): error TS2339: Property 'label' does not exist on type 'JSX.IntrinsicElements'.
src/lms/components/ClassandCoursesmanager.tsx(1565,109): error TS2339: Property 'label' does not exist on type 'JSX.IntrinsicElements'.
src/lms/components/ClassandCoursesmanager.tsx(1566,15): error TS2339: Property 'input' does not exist on type 'JSX.IntrinsicElements'.
src/lms/components/ClassandCoursesmanager.tsx(1576,13): error TS2339: Property 'div' does not exist on type 'JSX.IntrinsicElements'.
src/lms/components/ClassandCoursesmanager.tsx(1578,13): error TS2339: Property 'div' does not exist on type 'JSX.IntrinsicElements'.
src/lms/components/ClassandCoursesmanager.tsx(1579,15): error TS2339: Property 'label' does not exist on type 'JSX.IntrinsicElements'.
src/lms/components/ClassandCoursesmanager.tsx(1579,118): error TS2339: Property 'label' does not exist on type 'JSX.IntrinsicElements'.
src/lms/components/ClassandCoursesmanager.tsx(1580,15): error TS2339: Property 'div' does not exist on type 'JSX.IntrinsicElements'.
src/lms/components/ClassandCoursesmanager.tsx(1582,19): error TS2339: Property 'div' does not exist on type 'JSX.IntrinsicElements'.
src/lms/components/ClassandCoursesmanager.tsx(1583,21): error TS2339: Property 'img' does not exist on type 'JSX.IntrinsicElements'.
src/lms/components/ClassandCoursesmanager.tsx(1584,19): error TS2339: Property 'div' does not exist on type 'JSX.IntrinsicElements'.
src/lms/components/ClassandCoursesmanager.tsx(1587,17): error TS2339: Property 'div' does not exist on type 'JSX.IntrinsicElements'.
src/lms/components/ClassandCoursesmanager.tsx(1588,19): error TS2339: Property 'button' does not exist on type 'JSX.IntrinsicElements'.
src/lms/components/ClassandCoursesmanager.tsx(1594,19): error TS2339: Property 'button' does not exist on type 'JSX.IntrinsicElements'.
src/lms/components/ClassandCoursesmanager.tsx(1595,19): error TS2339: Property 'button' does not exist on type 'JSX.IntrinsicElements'.
src/lms/components/ClassandCoursesmanager.tsx(1605,19): error TS2339: Property 'button' does not exist on type 'JSX.IntrinsicElements'.
src/lms/components/ClassandCoursesmanager.tsx(1606,17): error TS2339: Property 'div' does not exist on type 'JSX.IntrinsicElements'.
src/lms/components/ClassandCoursesmanager.tsx(1608,17): error TS2339: Property 'input' does not exist on type 'JSX.IntrinsicElements'.
src/lms/components/ClassandCoursesmanager.tsx(1617,15): error TS2339: Property 'div' does not exist on type 'JSX.IntrinsicElements'.
src/lms/components/ClassandCoursesmanager.tsx(1618,13): error TS2339: Property 'div' does not exist on type 'JSX.IntrinsicElements'.
src/lms/components/ClassandCoursesmanager.tsx(1620,33): error TS2339: Property 'p' does not exist on type 'JSX.IntrinsicElements'.
src/lms/components/ClassandCoursesmanager.tsx(1620,97): error TS2339: Property 'p' does not exist on type 'JSX.IntrinsicElements'.
src/lms/components/ClassandCoursesmanager.tsx(1622,13): error TS2339: Property 'div' does not exist on type 'JSX.IntrinsicElements'.
src/lms/components/ClassandCoursesmanager.tsx(1623,15): error TS2339: Property 'button' does not exist on type 'JSX.IntrinsicElements'.
src/lms/components/ClassandCoursesmanager.tsx(1625,15): error TS2339: Property 'button' does not exist on type 'JSX.IntrinsicElements'.
src/lms/components/ClassandCoursesmanager.tsx(1626,15): error TS2339: Property 'button' does not exist on type 'JSX.IntrinsicElements'.
src/lms/components/ClassandCoursesmanager.tsx(1632,15): error TS2339: Property 'button' does not exist on type 'JSX.IntrinsicElements'.
src/lms/components/ClassandCoursesmanager.tsx(1633,13): error TS2339: Property 'div' does not exist on type 'JSX.IntrinsicElements'.
src/lms/components/ClassandCoursesmanager.tsx(1634,11): error TS2339: Property 'div' does not exist on type 'JSX.IntrinsicElements'.
src/lms/components/ClassandCoursesmanager.tsx(1635,9): error TS2339: Property 'div' does not exist on type 'JSX.IntrinsicElements'.
src/lms/components/ClassandCoursesmanager.tsx(1639,5): error TS2339: Property 'div' does not exist on type 'JSX.IntrinsicElements'.
src/lms/components/Livecalender.tsx(41,7): error TS2322: Type '({ schoolId }: LiveCalendarProps) => Element' is not assignable to type 'FC<LiveCalendarProps>'.
  Type 'Element' is not assignable to type 'ReactNode | Promise<ReactNode>'.
src/lms/components/Livecalender.tsx(153,5): error TS2339: Property 'div' does not exist on type 'JSX.IntrinsicElements'.
src/lms/components/Livecalender.tsx(154,7): error TS2339: Property 'div' does not exist on type 'JSX.IntrinsicElements'.
src/lms/components/Livecalender.tsx(155,9): error TS2339: Property 'div' does not exist on type 'JSX.IntrinsicElements'.
src/lms/components/Livecalender.tsx(156,11): error TS2339: Property 'div' does not exist on type 'JSX.IntrinsicElements'.
src/lms/components/Livecalender.tsx(157,13): error TS2339: Property 'h2' does not exist on type 'JSX.IntrinsicElements'.
src/lms/components/Livecalender.tsx(157,99): error TS2339: Property 'h2' does not exist on type 'JSX.IntrinsicElements'.
src/lms/components/Livecalender.tsx(158,13): error TS2339: Property 'p' does not exist on type 'JSX.IntrinsicElements'.
src/lms/components/Livecalender.tsx(158,144): error TS2339: Property 'p' does not exist on type 'JSX.IntrinsicElements'.
src/lms/components/Livecalender.tsx(159,11): error TS2339: Property 'div' does not exist on type 'JSX.IntrinsicElements'.
src/lms/components/Livecalender.tsx(160,11): error TS2339: Property 'div' does not exist on type 'JSX.IntrinsicElements'.
src/lms/components/Livecalender.tsx(161,13): error TS2339: Property 'button' does not exist on type 'JSX.IntrinsicElements'.
src/lms/components/Livecalender.tsx(166,15): error TS2339: Property 'i' does not exist on type 'JSX.IntrinsicElements'.
src/lms/components/Livecalender.tsx(166,50): error TS2339: Property 'i' does not exist on type 'JSX.IntrinsicElements'.
src/lms/components/Livecalender.tsx(167,13): error TS2339: Property 'button' does not exist on type 'JSX.IntrinsicElements'.
src/lms/components/Livecalender.tsx(168,13): error TS2339: Property 'div' does not exist on type 'JSX.IntrinsicElements'.
src/lms/components/Livecalender.tsx(170,13): error TS2339: Property 'div' does not exist on type 'JSX.IntrinsicElements'.
src/lms/components/Livecalender.tsx(171,13): error TS2339: Property 'button' does not exist on type 'JSX.IntrinsicElements'.
src/lms/components/Livecalender.tsx(176,15): error TS2339: Property 'i' does not exist on type 'JSX.IntrinsicElements'.
src/lms/components/Livecalender.tsx(176,51): error TS2339: Property 'i' does not exist on type 'JSX.IntrinsicElements'.
src/lms/components/Livecalender.tsx(177,13): error TS2339: Property 'button' does not exist on type 'JSX.IntrinsicElements'.
src/lms/components/Livecalender.tsx(178,11): error TS2339: Property 'div' does not exist on type 'JSX.IntrinsicElements'.
src/lms/components/Livecalender.tsx(179,9): error TS2339: Property 'div' does not exist on type 'JSX.IntrinsicElements'.
src/lms/components/Livecalender.tsx(180,7): error TS2339: Property 'div' does not exist on type 'JSX.IntrinsicElements'.
src/lms/components/Livecalender.tsx(182,7): error TS2339: Property 'div' does not exist on type 'JSX.IntrinsicElements'.
src/lms/components/Livecalender.tsx(183,9): error TS2339: Property 'div' does not exist on type 'JSX.IntrinsicElements'.
src/lms/components/Livecalender.tsx(184,11): error TS2339: Property 'div' does not exist on type 'JSX.IntrinsicElements'.
src/lms/components/Livecalender.tsx(186,15): error TS2339: Property 'div' does not exist on type 'JSX.IntrinsicElements'.
src/lms/components/Livecalender.tsx(186,128): error TS2339: Property 'div' does not exist on type 'JSX.IntrinsicElements'.
src/lms/components/Livecalender.tsx(188,11): error TS2339: Property 'div' does not exist on type 'JSX.IntrinsicElements'.
src/lms/components/Livecalender.tsx(191,13): error TS2339: Property 'div' does not exist on type 'JSX.IntrinsicElements'.
src/lms/components/Livecalender.tsx(191,124): error TS2339: Property 'div' does not exist on type 'JSX.IntrinsicElements'.
src/lms/components/Livecalender.tsx(193,13): error TS2339: Property 'div' does not exist on type 'JSX.IntrinsicElements'.
src/lms/components/Livecalender.tsx(198,19): error TS2339: Property 'button' does not exist on type 'JSX.IntrinsicElements'.
src/lms/components/Livecalender.tsx(205,21): error TS2339: Property 'p' does not exist on type 'JSX.IntrinsicElements'.
src/lms/components/Livecalender.tsx(205,90): error TS2339: Property 'p' does not exist on type 'JSX.IntrinsicElements'.
src/lms/components/Livecalender.tsx(206,21): error TS2339: Property 'div' does not exist on type 'JSX.IntrinsicElements'.
src/lms/components/Livecalender.tsx(208,25): error TS2339: Property 'div' does not exist on type 'JSX.IntrinsicElements'.
src/lms/components/Livecalender.tsx(210,25): error TS2339: Property 'div' does not exist on type 'JSX.IntrinsicElements'.
src/lms/components/Livecalender.tsx(213,25): error TS2339: Property 'p' does not exist on type 'JSX.IntrinsicElements'.
src/lms/components/Livecalender.tsx(213,106): error TS2339: Property 'p' does not exist on type 'JSX.IntrinsicElements'.
src/lms/components/Livecalender.tsx(215,21): error TS2339: Property 'div' does not exist on type 'JSX.IntrinsicElements'.
src/lms/components/Livecalender.tsx(216,19): error TS2339: Property 'button' does not exist on type 'JSX.IntrinsicElements'.
src/lms/components/Livecalender.tsx(219,13): error TS2339: Property 'div' does not exist on type 'JSX.IntrinsicElements'.
src/lms/components/Livecalender.tsx(221,9): error TS2339: Property 'div' does not exist on type 'JSX.IntrinsicElements'.
src/lms/components/Livecalender.tsx(222,7): error TS2339: Property 'div' does not exist on type 'JSX.IntrinsicElements'.
src/lms/components/Livecalender.tsx(224,7): error TS2339: Property 'div' does not exist on type 'JSX.IntrinsicElements'.
src/lms/components/Livecalender.tsx(225,9): error TS2339: Property 'div' does not exist on type 'JSX.IntrinsicElements'.
src/lms/components/Livecalender.tsx(226,11): error TS2339: Property 'p' does not exist on type 'JSX.IntrinsicElements'.
src/lms/components/Livecalender.tsx(226,114): error TS2339: Property 'p' does not exist on type 'JSX.IntrinsicElements'.
src/lms/components/Livecalender.tsx(227,11): error TS2339: Property 'span' does not exist on type 'JSX.IntrinsicElements'.
src/lms/components/Livecalender.tsx(227,127): error TS2339: Property 'span' does not exist on type 'JSX.IntrinsicElements'.
src/lms/components/Livecalender.tsx(228,9): error TS2339: Property 'div' does not exist on type 'JSX.IntrinsicElements'.
src/lms/components/Livecalender.tsx(231,11): error TS2339: Property 'p' does not exist on type 'JSX.IntrinsicElements'.
src/lms/components/Livecalender.tsx(231,98): error TS2339: Property 'p' does not exist on type 'JSX.IntrinsicElements'.
src/lms/components/Livecalender.tsx(233,11): error TS2339: Property 'div' does not exist on type 'JSX.IntrinsicElements'.
src/lms/components/Livecalender.tsx(235,15): error TS2339: Property 'div' does not exist on type 'JSX.IntrinsicElements'.
src/lms/components/Livecalender.tsx(236,17): error TS2339: Property 'div' does not exist on type 'JSX.IntrinsicElements'.
src/lms/components/Livecalender.tsx(237,19): error TS2339: Property 'p' does not exist on type 'JSX.IntrinsicElements'.
src/lms/components/Livecalender.tsx(237,110): error TS2339: Property 'p' does not exist on type 'JSX.IntrinsicElements'.
src/lms/components/Livecalender.tsx(238,19): error TS2339: Property 'p' does not exist on type 'JSX.IntrinsicElements'.
src/lms/components/Livecalender.tsx(240,19): error TS2339: Property 'p' does not exist on type 'JSX.IntrinsicElements'.
src/lms/components/Livecalender.tsx(241,35): error TS2339: Property 'p' does not exist on type 'JSX.IntrinsicElements'.
src/lms/components/Livecalender.tsx(241,104): error TS2339: Property 'p' does not exist on type 'JSX.IntrinsicElements'.
src/lms/components/Livecalender.tsx(242,17): error TS2339: Property 'div' does not exist on type 'JSX.IntrinsicElements'.
src/lms/components/Livecalender.tsx(243,15): error TS2339: Property 'div' does not exist on type 'JSX.IntrinsicElements'.
src/lms/components/Livecalender.tsx(245,11): error TS2339: Property 'div' does not exist on type 'JSX.IntrinsicElements'.
src/lms/components/Livecalender.tsx(247,7): error TS2339: Property 'div' does not exist on type 'JSX.IntrinsicElements'.
src/lms/components/Livecalender.tsx(248,5): error TS2339: Property 'div' does not exist on type 'JSX.IntrinsicElements'.
src/lms/components/Login.tsx(15,7): error TS2322: Type '({ onLogin }: LoginProps) => Element' is not assignable to type 'FC<LoginProps>'.
  Type 'Element' is not assignable to type 'ReactNode | Promise<ReactNode>'.
src/lms/components/Login.tsx(94,5): error TS2339: Property 'div' does not exist on type 'JSX.IntrinsicElements'.
src/lms/components/Login.tsx(96,7): error TS2339: Property 'div' does not exist on type 'JSX.IntrinsicElements'.
src/lms/components/Login.tsx(105,7): error TS2339: Property 'div' does not exist on type 'JSX.IntrinsicElements'.
src/lms/components/Login.tsx(115,7): error TS2339: Property 'div' does not exist on type 'JSX.IntrinsicElements'.
src/lms/components/Login.tsx(117,9): error TS2339: Property 'div' does not exist on type 'JSX.IntrinsicElements'.
src/lms/components/Login.tsx(118,11): error TS2339: Property 'div' does not exist on type 'JSX.IntrinsicElements'.
src/lms/components/Login.tsx(119,13): error TS2339: Property 'i' does not exist on type 'JSX.IntrinsicElements'.
src/lms/components/Login.tsx(119,75): error TS2339: Property 'i' does not exist on type 'JSX.IntrinsicElements'.
src/lms/components/Login.tsx(120,11): error TS2339: Property 'div' does not exist on type 'JSX.IntrinsicElements'.
src/lms/components/Login.tsx(121,11): error TS2339: Property 'h1' does not exist on type 'JSX.IntrinsicElements'.
src/lms/components/Login.tsx(123,11): error TS2339: Property 'h1' does not exist on type 'JSX.IntrinsicElements'.
src/lms/components/Login.tsx(124,11): error TS2339: Property 'p' does not exist on type 'JSX.IntrinsicElements'.
src/lms/components/Login.tsx(126,11): error TS2339: Property 'p' does not exist on type 'JSX.IntrinsicElements'.
src/lms/components/Login.tsx(127,9): error TS2339: Property 'div' does not exist on type 'JSX.IntrinsicElements'.
src/lms/components/Login.tsx(130,9): error TS2339: Property 'div' does not exist on type 'JSX.IntrinsicElements'.
src/lms/components/Login.tsx(132,11): error TS2339: Property 'h2' does not exist on type 'JSX.IntrinsicElements'.
src/lms/components/Login.tsx(134,11): error TS2339: Property 'h2' does not exist on type 'JSX.IntrinsicElements'.
src/lms/components/Login.tsx(138,13): error TS2339: Property 'p' does not exist on type 'JSX.IntrinsicElements'.
src/lms/components/Login.tsx(140,13): error TS2339: Property 'p' does not exist on type 'JSX.IntrinsicElements'.
src/lms/components/Login.tsx(144,11): error TS2339: Property 'div' does not exist on type 'JSX.IntrinsicElements'.
src/lms/components/Login.tsx(145,13): error TS2339: Property 'input' does not exist on type 'JSX.IntrinsicElements'.
src/lms/components/Login.tsx(152,11): error TS2339: Property 'div' does not exist on type 'JSX.IntrinsicElements'.
src/lms/components/Login.tsx(155,11): error TS2339: Property 'div' does not exist on type 'JSX.IntrinsicElements'.
src/lms/components/Login.tsx(156,13): error TS2339: Property 'input' does not exist on type 'JSX.IntrinsicElements'.
src/lms/components/Login.tsx(164,13): error TS2339: Property 'button' does not exist on type 'JSX.IntrinsicElements'.
src/lms/components/Login.tsx(168,15): error TS2339: Property 'i' does not exist on type 'JSX.IntrinsicElements'.
src/lms/components/Login.tsx(168,88): error TS2339: Property 'i' does not exist on type 'JSX.IntrinsicElements'.
src/lms/components/Login.tsx(169,13): error TS2339: Property 'button' does not exist on type 'JSX.IntrinsicElements'.
src/lms/components/Login.tsx(170,11): error TS2339: Property 'div' does not exist on type 'JSX.IntrinsicElements'.
src/lms/components/Login.tsx(174,13): error TS2339: Property 'p' does not exist on type 'JSX.IntrinsicElements'.
src/lms/components/Login.tsx(174,73): error TS2339: Property 'p' does not exist on type 'JSX.IntrinsicElements'.
src/lms/components/Login.tsx(178,11): error TS2339: Property 'button' does not exist on type 'JSX.IntrinsicElements'.
src/lms/components/Login.tsx(184,11): error TS2339: Property 'button' does not exist on type 'JSX.IntrinsicElements'.
src/lms/components/Login.tsx(185,9): error TS2339: Property 'div' does not exist on type 'JSX.IntrinsicElements'.
src/lms/components/Login.tsx(188,9): error TS2339: Property 'p' does not exist on type 'JSX.IntrinsicElements'.
src/lms/components/Login.tsx(190,9): error TS2339: Property 'p' does not exist on type 'JSX.IntrinsicElements'.
src/lms/components/Login.tsx(191,7): error TS2339: Property 'div' does not exist on type 'JSX.IntrinsicElements'.
src/lms/components/Login.tsx(192,5): error TS2339: Property 'div' does not exist on type 'JSX.IntrinsicElements'.
src/lms/components/Sidebar.tsx(21,7): error TS2322: Type '({ currentView, onViewChange, onLogout, userRole, hasNewNotices, userName, isOpen, onToggle, isCollapsed, onCollapse, onSwitch, schoolName }: SidebarProps) => Element' is not assignable to type 'FC<SidebarProps>'.
  Type 'Element' is not assignable to type 'ReactNode | Promise<ReactNode>'.
src/lms/components/Sidebar.tsx(59,9): error TS2339: Property 'div' does not exist on type 'JSX.IntrinsicElements'.
src/lms/components/Sidebar.tsx(64,7): error TS2339: Property 'aside' does not exist on type 'JSX.IntrinsicElements'.
src/lms/components/Sidebar.tsx(65,9): error TS2339: Property 'div' does not exist on type 'JSX.IntrinsicElements'.
src/lms/components/Sidebar.tsx(66,11): error TS2339: Property 'div' does not exist on type 'JSX.IntrinsicElements'.
src/lms/components/Sidebar.tsx(67,13): error TS2339: Property 'div' does not exist on type 'JSX.IntrinsicElements'.
src/lms/components/Sidebar.tsx(68,15): error TS2339: Property 'i' does not exist on type 'JSX.IntrinsicElements'.
src/lms/components/Sidebar.tsx(68,65): error TS2339: Property 'i' does not exist on type 'JSX.IntrinsicElements'.
src/lms/components/Sidebar.tsx(69,13): error TS2339: Property 'div' does not exist on type 'JSX.IntrinsicElements'.
src/lms/components/Sidebar.tsx(70,30): error TS2339: Property 'h1' does not exist on type 'JSX.IntrinsicElements'.
src/lms/components/Sidebar.tsx(70,147): error TS2339: Property 'h1' does not exist on type 'JSX.IntrinsicElements'.
src/lms/components/Sidebar.tsx(71,11): error TS2339: Property 'div' does not exist on type 'JSX.IntrinsicElements'.
src/lms/components/Sidebar.tsx(72,11): error TS2339: Property 'button' does not exist on type 'JSX.IntrinsicElements'.
src/lms/components/Sidebar.tsx(73,13): error TS2339: Property 'i' does not exist on type 'JSX.IntrinsicElements'.
src/lms/components/Sidebar.tsx(73,54): error TS2339: Property 'i' does not exist on type 'JSX.IntrinsicElements'.
src/lms/components/Sidebar.tsx(74,11): error TS2339: Property 'button' does not exist on type 'JSX.IntrinsicElements'.
src/lms/components/Sidebar.tsx(75,9): error TS2339: Property 'div' does not exist on type 'JSX.IntrinsicElements'.
src/lms/components/Sidebar.tsx(77,9): error TS2339: Property 'div' does not exist on type 'JSX.IntrinsicElements'.
src/lms/components/Sidebar.tsx(78,11): error TS2339: Property 'button' does not exist on type 'JSX.IntrinsicElements'.
src/lms/components/Sidebar.tsx(83,13): error TS2339: Property 'i' does not exist on type 'JSX.IntrinsicElements'.
src/lms/components/Sidebar.tsx(83,57): error TS2339: Property 'i' does not exist on type 'JSX.IntrinsicElements'.
src/lms/components/Sidebar.tsx(84,11): error TS2339: Property 'button' does not exist on type 'JSX.IntrinsicElements'.
src/lms/components/Sidebar.tsx(85,9): error TS2339: Property 'div' does not exist on type 'JSX.IntrinsicElements'.
src/lms/components/Sidebar.tsx(87,9): error TS2339: Property 'nav' does not exist on type 'JSX.IntrinsicElements'.
src/lms/components/Sidebar.tsx(91,15): error TS2339: Property 'button' does not exist on type 'JSX.IntrinsicElements'.
src/lms/components/Sidebar.tsx(100,17): error TS2339: Property 'div' does not exist on type 'JSX.IntrinsicElements'.
src/lms/components/Sidebar.tsx(101,19): error TS2339: Property 'i' does not exist on type 'JSX.IntrinsicElements'.
src/lms/components/Sidebar.tsx(101,68): error TS2339: Property 'i' does not exist on type 'JSX.IntrinsicElements'.
src/lms/components/Sidebar.tsx(102,17): error TS2339: Property 'div' does not exist on type 'JSX.IntrinsicElements'.
src/lms/components/Sidebar.tsx(104,19): error TS2339: Property 'span' does not exist on type 'JSX.IntrinsicElements'.
src/lms/components/Sidebar.tsx(108,19): error TS2339: Property 'span' does not exist on type 'JSX.IntrinsicElements'.
src/lms/components/Sidebar.tsx(111,19): error TS2339: Property 'span' does not exist on type 'JSX.IntrinsicElements'.
src/lms/components/Sidebar.tsx(112,21): error TS2339: Property 'span' does not exist on type 'JSX.IntrinsicElements'.
src/lms/components/Sidebar.tsx(112,123): error TS2339: Property 'span' does not exist on type 'JSX.IntrinsicElements'.
src/lms/components/Sidebar.tsx(113,21): error TS2339: Property 'span' does not exist on type 'JSX.IntrinsicElements'.
src/lms/components/Sidebar.tsx(113,93): error TS2339: Property 'span' does not exist on type 'JSX.IntrinsicElements'.
src/lms/components/Sidebar.tsx(114,19): error TS2339: Property 'span' does not exist on type 'JSX.IntrinsicElements'.
src/lms/components/Sidebar.tsx(116,15): error TS2339: Property 'button' does not exist on type 'JSX.IntrinsicElements'.
src/lms/components/Sidebar.tsx(119,9): error TS2339: Property 'nav' does not exist on type 'JSX.IntrinsicElements'.
src/lms/components/Sidebar.tsx(121,9): error TS2339: Property 'div' does not exist on type 'JSX.IntrinsicElements'.
src/lms/components/Sidebar.tsx(122,11): error TS2339: Property 'div' does not exist on type 'JSX.IntrinsicElements'.
src/lms/components/Sidebar.tsx(123,13): error TS2339: Property 'div' does not exist on type 'JSX.IntrinsicElements'.
src/lms/components/Sidebar.tsx(124,15): error TS2339: Property 'i' does not exist on type 'JSX.IntrinsicElements'.
src/lms/components/Sidebar.tsx(124,55): error TS2339: Property 'i' does not exist on type 'JSX.IntrinsicElements'.
src/lms/components/Sidebar.tsx(125,13): error TS2339: Property 'div' does not exist on type 'JSX.IntrinsicElements'.
src/lms/components/Sidebar.tsx(127,15): error TS2339: Property 'div' does not exist on type 'JSX.IntrinsicElements'.
src/lms/components/Sidebar.tsx(128,17): error TS2339: Property 'p' does not exist on type 'JSX.IntrinsicElements'.
src/lms/components/Sidebar.tsx(128,128): error TS2339: Property 'p' does not exist on type 'JSX.IntrinsicElements'.
src/lms/components/Sidebar.tsx(129,17): error TS2339: Property 'p' does not exist on type 'JSX.IntrinsicElements'.
src/lms/components/Sidebar.tsx(129,85): error TS2339: Property 'p' does not exist on type 'JSX.IntrinsicElements'.
src/lms/components/Sidebar.tsx(130,15): error TS2339: Property 'div' does not exist on type 'JSX.IntrinsicElements'.
src/lms/components/Sidebar.tsx(132,11): error TS2339: Property 'div' does not exist on type 'JSX.IntrinsicElements'.
src/lms/components/Sidebar.tsx(134,11): error TS2339: Property 'button' does not exist on type 'JSX.IntrinsicElements'.
src/lms/components/Sidebar.tsx(138,13): error TS2339: Property 'i' does not exist on type 'JSX.IntrinsicElements'.
src/lms/components/Sidebar.tsx(138,112): error TS2339: Property 'i' does not exist on type 'JSX.IntrinsicElements'.
src/lms/components/Sidebar.tsx(139,30): error TS2339: Property 'span' does not exist on type 'JSX.IntrinsicElements'.
src/lms/components/Sidebar.tsx(139,116): error TS2339: Property 'span' does not exist on type 'JSX.IntrinsicElements'.
src/lms/components/Sidebar.tsx(140,11): error TS2339: Property 'button' does not exist on type 'JSX.IntrinsicElements'.
src/lms/components/Sidebar.tsx(142,11): error TS2339: Property 'button' does not exist on type 'JSX.IntrinsicElements'.
src/lms/components/Sidebar.tsx(146,13): error TS2339: Property 'i' does not exist on type 'JSX.IntrinsicElements'.
src/lms/components/Sidebar.tsx(146,115): error TS2339: Property 'i' does not exist on type 'JSX.IntrinsicElements'.
src/lms/components/Sidebar.tsx(147,30): error TS2339: Property 'span' does not exist on type 'JSX.IntrinsicElements'.
src/lms/components/Sidebar.tsx(147,104): error TS2339: Property 'span' does not exist on type 'JSX.IntrinsicElements'.
src/lms/components/Sidebar.tsx(148,11): error TS2339: Property 'button' does not exist on type 'JSX.IntrinsicElements'.
src/lms/components/Sidebar.tsx(149,9): error TS2339: Property 'div' does not exist on type 'JSX.IntrinsicElements'.
src/lms/components/Sidebar.tsx(150,7): error TS2339: Property 'aside' does not exist on type 'JSX.IntrinsicElements'.
src/lms/src/supabaseClient.ts(1,30): error TS2792: Cannot find module '@supabase/supabase-js'. Did you mean to set the 'moduleResolution' option to 'nodenext', or to add aliases to the 'paths' option?
src/lms/src/supabaseClient.ts(3,21): error TS1343: The 'import.meta' meta-property is only allowed when the '--module' option is 'es2020', 'es2022', 'esnext', 'system', 'node16', 'node18', or 'nodenext'.
src/lms/src/supabaseClient.ts(3,33): error TS2339: Property 'env' does not exist on type 'ImportMeta'.
src/lms/src/supabaseClient.ts(4,25): error TS1343: The 'import.meta' meta-property is only allowed when the '--module' option is 'es2020', 'es2022', 'esnext', 'system', 'node16', 'node18', or 'nodenext'.
src/lms/src/supabaseClient.ts(4,37): error TS2339: Property 'env' does not exist on type 'ImportMeta'.
