src/lms/App.tsx(1073,11): error TS2322: Type '(isSilent?: boolean) => Promise<void>' is not assignable to type 'MouseEventHandler<HTMLButtonElement>'.
  Types of parameters 'isSilent' and 'event' are incompatible.
    Type 'MouseEvent<HTMLButtonElement, MouseEvent>' is not assignable to type 'boolean | undefined'.
